Microchip MPLAB XC8 Compiler V3.10

Linker command line:

-W-3 \
  --edf=C:/Users/juang/.mchp_packs/Microchip/PIC16Fxxx_DFP/1.8.167/xc8\pic\dat\20260422061002_en.msgs \
  -cn -h+dist/default/production\Practica10.X.production.sym \
  --cmf=dist/default/production\Practica10.X.production.cmf -z -Q16F887 \
  -oC:\Users\juang\AppData\Local\Temp\xcAsnck.0\driver_tmp_3.o \
  --defsym=__MPLAB_BUILD=1 --fixupoverflow=error \
  -Mdist/default/production/Practica10.X.production.map \
  --md=C:\Users\juang\AppData\Local\Temp\xcAsnck.0\driver_tmp_0.dat -E1 \
  -ver=XC8 Compiler -ACODE=00h-07FFhx4 -ASTRCODE=00h-01FFFh \
  -ASTRING=00h-0FFhx32 -ACONST=00h-0FFhx32 -AENTRY=00h-0FFhx32 \
  -ACOMMON=070h-07Fh -ABANK0=020h-06Fh -ABANK1=0A0h-0EFh \
  -ABANK2=0110h-016Fh -ABANK3=0190h-01EFh \
  -ARAM=020h-06Fh,0A0h-0EFh,0110h-016Fh,0190h-01EFh \
  -AABS1=020h-07Fh,0A0h-0EFh,0110h-016Fh,0190h-01EFh -ASFR0=00h-01Fh \
  -ASFR1=080h-09Fh -ASFR2=0100h-010Fh -ASFR3=0180h-018Fh \
  -ACONFIG=02007h-02008h -DCONFIG=2 -AIDLOC=02000h-02003h -DIDLOC=2 \
  -AEEDATA=00h-0FFh/02100h -peeprom_data=EEDATA -DEEDATA=2 -DCODE=2 \
  -DSTRCODE=2 -DSTRING=2 -DCONST=2 -DENTRY=2 \
  -preset_vec=00h,intentry=04h,sivt,init,end_init -ppowerup=CODE \
  -pcinit=CODE -pfunctab=ENTRY -k \
  C:\Users\juang\AppData\Local\Temp\xcAsnck.0\driver_tmp_17.o \
  dist/default/production\Practica10.X.production.o 

Object code version is 3.11

Machine type is 16F887



                Name                               Link     Load   Length Selector   Space Scale
C:\Users\juang\AppData\Local\Temp\xcAsnck.0\driver_tmp_17.o
                end_init                              C        C        3        8       0
                reset_vec                             0        0        3        0       0
                config                             2007     2007        2        0       4
dist/default/production\Practica10.X.production.o
                cinit                                 F        F       36        8       0
                intentry                              4        4        8        8       0
                config                             2007     2007        2        0       4
                text23                              F74      F74       29     1EE8       0
                text22                              EEC      EEC        E     1DD8       0
                text21                              7ED      7ED       12        8       0
                text20                              1B6      1B6       BA        8       0
                text19                              671      671       55        8       0
                text18                              322      322       AD        8       0
                text17                              508      508       94        8       0
                text16                              765      765       46        8       0
                text15                              EFA      EFA        F     1DF4       0
                text14                              46F      46F       99        8       0
                text13                              719      719       4C        8       0
                text12                              F4F      F4F       25     1E9E       0
                text11                              61A      61A       57        8       0
                text10                              7AB      7AB       42        8       0
                text9                               FC8      FC8       38     1F90       0
                text8                               7FF      7FF        1        8       0
                text7                               3CF      3CF       A0        8       0
                text6                               F9D      F9D       2B     1F3A       0
                text5                               6C6      6C6       53        8       0
                text4                               59C      59C       7E        8       0
                text3                               270      270       B2        8       0
                text2                               F09      F09       23     1E12       0
                text1                               F2C      F2C       23     1E58       0
                maintext                             45       45      171        8       0
                cstackBANK0                          20       20       41       20       1
                cstackCOMMON                         70       70        B       70       1
                cstackBANK1                          CA       CA       20       A0       1
                clrtext                             EE4      EE4        8     1DC8       0
                dataBANK1                            EA       EA        5       A0       1
                bssBANK1                             A0       A0       2A       A0       1
                bssBANK0                             61       61        D       20       1
                bssCOMMON                            7B       7B        1       70       1
                strings                             800      800       30     1000       0
                idataBANK1                          EDF      EDF        5     1DBE       0

TOTAL           Name                               Link     Load   Length     Space
        CLASS   CODE           
                end_init                              C        C        3         0
                cinit                                 F        F       36         0
                intentry                              4        4        8         0
                reset_vec                             0        0        3         0
                text23                              F74      F74       29         0
                text22                              EEC      EEC        E         0
                text21                              7ED      7ED       12         0
                text20                              1B6      1B6       BA         0
                text19                              671      671       55         0
                text18                              322      322       AD         0
                text17                              508      508       94         0
                text16                              765      765       46         0
                text15                              EFA      EFA        F         0
                text14                              46F      46F       99         0
                text13                              719      719       4C         0
                text12                              F4F      F4F       25         0
                text11                              61A      61A       57         0
                text10                              7AB      7AB       42         0
                text9                               FC8      FC8       38         0
                text8                               7FF      7FF        1         0
                text7                               3CF      3CF       A0         0
                text6                               F9D      F9D       2B         0
                text5                               6C6      6C6       53         0
                text4                               59C      59C       7E         0
                text3                               270      270       B2         0
                text2                               F09      F09       23         0
                text1                               F2C      F2C       23         0
                maintext                             45       45      171         0
                clrtext                             EE4      EE4        8         0
                idataBANK1                          EDF      EDF        5         0

        CLASS   STRCODE        

        CLASS   STRING         
                strings                             800      800       30         0

        CLASS   CONST          

        CLASS   ENTRY          

        CLASS   COMMON         
                cstackCOMMON                         70       70        B         1
                bssCOMMON                            7B       7B        1         1

        CLASS   BANK0          
                cstackBANK0                          20       20       41         1
                bssBANK0                             61       61        D         1

        CLASS   BANK1          
                cstackBANK1                          CA       CA       20         1
                dataBANK1                            EA       EA        5         1
                bssBANK1                             A0       A0       2A         1

        CLASS   BANK2          

        CLASS   BANK3          

        CLASS   RAM            

        CLASS   ABS1           
                abs_s1                               7E       7E        2         1

        CLASS   SFR0           

        CLASS   SFR1           

        CLASS   SFR2           

        CLASS   SFR3           

        CLASS   CONFIG         
                config                             2007     2007        2         4

        CLASS   IDLOC          

        CLASS   EEDATA         

        CLASS   HEAP           

        CLASS   STACK          



SEGMENTS        Name                           Load    Length   Top    Selector   Space  Class     Delta

                reset_vec                      000000  000003  000003         0       0  CODE        2
                intentry                       000004  0007FC  000800         8       0  CODE        2
                cstackBANK0                    000020  00004E  00006E        20       1  BANK0       1
                cstackCOMMON                   000070  00000C  00007C        70       1  COMMON      1
                bssBANK1                       0000A0  00004F  0000EF        A0       1  BANK1       1
                strings                        000800  000030  000830      1000       0  STRING      2
                idataBANK1                     000EDF  000005  000EE4      1DBE       0  CODE        2
                clrtext                        000EE4  000008  000EEC      1DC8       0  CODE        2
                text22                         000EEC  00000E  000EFA      1DD8       0  CODE        2
                text15                         000EFA  00000F  000F09      1DF4       0  CODE        2
                text2                          000F09  000023  000F2C      1E12       0  CODE        2
                text1                          000F2C  000023  000F4F      1E58       0  CODE        2
                text12                         000F4F  000025  000F74      1E9E       0  CODE        2
                text23                         000F74  000029  000F9D      1EE8       0  CODE        2
                text6                          000F9D  00002B  000FC8      1F3A       0  CODE        2
                text9                          000FC8  000038  001000      1F90       0  CODE        2


UNUSED ADDRESS RANGES

        Name                Unused          Largest block    Delta
        BANK0            006E-006F              2           1
        BANK1            00EF-00EF              1           1
        BANK2            0110-016F             60           1
        BANK3            0190-01EF             60           1
        CODE             0003-0003              1           2
                         0830-0EDE            6AF
                         1000-1FFF            800
        COMMON           007C-007D              2           1
        CONST            0003-0003              1           2
                         0830-0EDE            100
                         1000-1FFF            100
        EEDATA           2100-21FF            100           2
        ENTRY            0003-0003              1           2
                         0830-0EDE            100
                         1000-1FFF            100
        IDLOC            2000-2003              4           2
        RAM              006E-006F              2           1
                         00EF-00EF              1
                         0110-016F             60
                         0190-01EF             60
        SFR0             0000-001F             20           1
        SFR1             0080-009F             20           1
        SFR2             0100-010F             10           1
        SFR3             0180-018F             10           1
        STRCODE          0003-0003              1           2
                         0830-0EDE            6AF
                         1000-1FFF           1000
        STRING           0003-0003              1           2
                         0830-0EDE            100
                         1000-1FFF            100

                                  Symbol Table

?_ADC_Read                  cstackCOMMON 0072
?___aldiv                   cstackBANK0  0024
?___lmul                    cstackCOMMON 0072
?___lwdiv                   cstackCOMMON 0072
?___lwmod                   cstackCOMMON 0072
?___wmul                    cstackCOMMON 0072
?_read_prec_or_width        cstackCOMMON 0078
?_sprintf                   cstackBANK0  004E
?_vfprintf                  cstackBANK0  0049
LCD_Init@cmd                cstackCOMMON 007A
LCD_Init@display            cstackBANK0  0020
LCD_Out@c                   cstackCOMMON 0074
LCD_Write@c                 cstackCOMMON 0077
LCD_putc@c                  cstackCOMMON 0077
LCD_putrs@a                 cstackCOMMON 0078
LCD_putrs@i                 cstackBANK0  0023
_ADCON0                     (abs)        001F
_ADCON1                     (abs)        009F
_ADC_Init                   text22       0EEC
_ADC_Read                   text21       07ED
_ADRESH                     (abs)        001E
_ADRESL                     (abs)        009E
_ANSEL                      (abs)        0188
_ANSELH                     (abs)        0189
_GIE                        (abs)        005F
_GO_nDONE                   (abs)        00F9
_ISR                        text23       0F74
_LCD_Init                   text18       0322
_LCD_Out                    text20       01B6
_LCD_Write                  text19       0671
_LCD_putc                   text17       0508
_LCD_putrs                  text16       0765
_PEIE                       (abs)        005E
_PORTA                      (abs)        0005
_PORTB                      (abs)        0006
_PORTC                      (abs)        0007
_T1CON                      (abs)        0010
_TMR1H                      (abs)        000F
_TMR1IE                     (abs)        0460
_TMR1IF                     (abs)        0060
_TMR1L                      (abs)        000E
_TRISA                      (abs)        0085
_TRISB                      (abs)        0086
_TRISC                      (abs)        0087
_Timer1_Init                text15       0EFA
__H__absolute__             __absolute__ 0000
__Habs1                     abs1         0000
__Hbank0                    bank0        0000
__Hbank1                    bank1        0000
__Hbank2                    bank2        0000
__Hbank3                    bank3        0000
__HbssBANK0                 bssBANK0     0000
__HbssBANK1                 bssBANK1     0000
__HbssCOMMON                bssCOMMON    0000
__Hcinit                    cinit        0045
__Hclrtext                  clrtext      0000
__Hcode                     code         0000
__Hcommon                   common       0000
__Hconfig                   config       2009
__HcstackBANK0              cstackBANK0  0000
__HcstackBANK1              cstackBANK1  0000
__HcstackCOMMON             cstackCOMMON 0000
__HdataBANK1                dataBANK1    0000
__Heeprom_data              eeprom_data  0000
__Hend_init                 end_init     000F
__Hfunctab                  functab      0000
__Hheap                     heap         0000
__HidataBANK1               idataBANK1   0000
__Hinit                     init         000C
__Hintentry                 intentry     000C
__Hmaintext                 maintext     0000
__Hpowerup                  powerup      0000
__Hram                      ram          0000
__Hreset_vec                reset_vec    0003
__Hsfr0                     sfr0         0000
__Hsfr1                     sfr1         0000
__Hsfr2                     sfr2         0000
__Hsfr3                     sfr3         0000
__Hsivt                     sivt         000C
__Hspace_0                  (abs)        1000
__Hspace_1                  (abs)        00EF
__Hspace_2                  (abs)        0000
__Hspace_3                  (abs)        0000
__Hspace_4                  (abs)        4010
__Hstack                    stack        0000
__Hstrings                  strings      0000
__Htext                     text         0000
__L__absolute__             __absolute__ 0000
__Labs1                     abs1         0000
__Lbank0                    bank0        0000
__Lbank1                    bank1        0000
__Lbank2                    bank2        0000
__Lbank3                    bank3        0000
__LbssBANK0                 bssBANK0     0000
__LbssBANK1                 bssBANK1     0000
__LbssCOMMON                bssCOMMON    0000
__Lcinit                    cinit        000F
__Lclrtext                  clrtext      0000
__Lcode                     code         0000
__Lcommon                   common       0000
__Lconfig                   config       0000
__LcstackBANK0              cstackBANK0  0000
__LcstackBANK1              cstackBANK1  0000
__LcstackCOMMON             cstackCOMMON 0000
__LdataBANK1                dataBANK1    0000
__Leeprom_data              eeprom_data  0000
__Lend_init                 end_init     000C
__Lfunctab                  functab      0000
__Lheap                     heap         0000
__LidataBANK1               idataBANK1   0000
__Linit                     init         000C
__Lintentry                 intentry     0004
__Lmaintext                 maintext     0000
__Lpowerup                  powerup      0000
__Lram                      ram          0000
__Lreset_vec                reset_vec    0000
__Lsfr0                     sfr0         0000
__Lsfr1                     sfr1         0000
__Lsfr2                     sfr2         0000
__Lsfr3                     sfr3         0000
__Lsivt                     sivt         000C
__Lspace_0                  (abs)        0000
__Lspace_1                  (abs)        0000
__Lspace_2                  (abs)        0000
__Lspace_3                  (abs)        0000
__Lspace_4                  (abs)        0000
__Lstack                    stack        0000
__Lstrings                  strings      0000
__Ltext                     text         0000
__S0                        (abs)        1000
__S1                        (abs)        00EF
__S3                        (abs)        0000
___aldiv                    text14       046F
___aldiv@counter            cstackBANK0  002D
___aldiv@dividend           cstackBANK0  0028
___aldiv@divisor            cstackBANK0  0024
___aldiv@quotient           cstackBANK0  002F
___aldiv@sign               cstackBANK0  002E
___heap_hi                  (abs)        0000
___heap_lo                  (abs)        0000
___int_sp                   stack        0000
___int_stack_hi             stack        0000
___int_stack_lo             stack        0000
___latbits                  (abs)        0002
___lmul                     text13       0719
___lmul@multiplicand        cstackCOMMON 0076
___lmul@multiplier          cstackCOMMON 0072
___lmul@product             cstackBANK0  0020
___lwdiv                    text10       07AB
___lwdiv@counter            cstackCOMMON 0078
___lwdiv@dividend           cstackCOMMON 0074
___lwdiv@divisor            cstackCOMMON 0072
___lwdiv@quotient           cstackCOMMON 0076
___lwmod                    text9        0FC8
___lwmod@counter            cstackCOMMON 0076
___lwmod@dividend           cstackCOMMON 0074
___lwmod@divisor            cstackCOMMON 0072
___sp                       stack        0000
___stack_hi                 stack        0000
___stack_lo                 stack        0000
___stackhi                  (abs)        0000
___stacklo                  (abs)        0000
___wmul                     text12       0F4F
___wmul@multiplicand        cstackCOMMON 0074
___wmul@multiplier          cstackCOMMON 0072
___wmul@product             cstackCOMMON 0076
__end_of_ADC_Init           text22       0EFA
__end_of_ADC_Read           text21       07FF
__end_of_ISR                text23       0F9D
__end_of_LCD_Init           text18       03CF
__end_of_LCD_Out            text20       0270
__end_of_LCD_Write          text19       06C6
__end_of_LCD_putc           text17       059C
__end_of_LCD_putrs          text16       07AB
__end_of_Timer1_Init        text15       0F09
__end_of___aldiv            text14       0508
__end_of___lmul             text13       0765
__end_of___lwdiv            text10       07ED
__end_of___lwmod            text9        1000
__end_of___wmul             text12       0F74
__end_of__initialization    cinit        0041
__end_of__stringtab         strings      0810
__end_of_fputc              text7        046F
__end_of_fputs              text6        0FC8
__end_of_main               maintext     01B6
__end_of_pad                text5        0719
__end_of_putch              text8        0800
__end_of_read_prec_or_width text11       0671
__end_of_sprintf            text1        0F4F
__end_of_utoa               text4        061A
__end_of_vfpfcnvrt          text3        0322
__end_of_vfprintf           text2        0F2C
__initialization            cinit        000F
__pbssBANK0                 bssBANK0     0061
__pbssBANK1                 bssBANK1     00A0
__pbssCOMMON                bssCOMMON    007B
__pcstackBANK0              cstackBANK0  0020
__pcstackBANK1              cstackBANK1  00CA
__pcstackCOMMON             cstackCOMMON 0070
__pdataBANK1                dataBANK1    00EA
__pidataBANK1               idataBANK1   0EDF
__pintentry                 intentry     0004
__pmaintext                 maintext     0045
__pstrings                  strings      0800
__ptext1                    text1        0F2C
__ptext10                   text10       07AB
__ptext11                   text11       061A
__ptext12                   text12       0F4F
__ptext13                   text13       0719
__ptext14                   text14       046F
__ptext15                   text15       0EFA
__ptext16                   text16       0765
__ptext17                   text17       0508
__ptext18                   text18       0322
__ptext19                   text19       0671
__ptext2                    text2        0F09
__ptext20                   text20       01B6
__ptext21                   text21       07ED
__ptext22                   text22       0EEC
__ptext23                   text23       0F74
__ptext3                    text3        0270
__ptext4                    text4        059C
__ptext5                    text5        06C6
__ptext6                    text6        0F9D
__ptext7                    text7        03CF
__ptext8                    text8        07FF
__ptext9                    text9        0FC8
__stringbase                strings      080F
__stringtab                 strings      0800
_contador                   bssBANK0     006A
_dbuf                       bssBANK1     00A0
_exec                       bssBANK1     00C0
_flags                      bssCOMMON    007B
_fputc                      text7        03CF
_fputs                      text6        0F9D
_lcd                        bssBANK0     0061
_main                       maintext     0045
_main$934                   cstackBANK1  00E4
_main$935                   cstackBANK1  00E6
_pad                        text5        06C6
_prec                       bssBANK0     0068
_putch                      text8        07FF
_read_prec_or_width         text11       061A
_sprintf                    text1        0F2C
_tiempo                     bssBANK0     006C
_utoa                       text4        059C
_vfpfcnvrt                  text3        0270
_vfprintf                   text2        0F09
_width                      bssBANK0     0066
btemp                       (abs)        007E
btemp0                      (abs)        007E
btemp1                      (abs)        007F
clear_ram0                  clrtext      0EE4
end_of_initialization       cinit        0041
fputc@c                     cstackCOMMON 0072
fputc@fp                    cstackCOMMON 0074
fputs@c                     cstackBANK0  0029
fputs@fp                    cstackCOMMON 0077
fputs@i                     cstackBANK0  002A
fputs@s                     cstackCOMMON 0076
interrupt_function          intentry     0004
intlevel0                   functab      0000
intlevel1                   functab      0000
intlevel2                   functab      0000
intlevel3                   functab      0000
intlevel4                   functab      0000
intlevel5                   functab      0000
ltemp0a                     (abs)        0080
main@F1775                  dataBANK1    00EA
main@adc_result             cstackBANK1  00DE
main@buffer                 cstackBANK1  00CA
main@part_dec               cstackBANK1  00E2
main@part_ent               cstackBANK1  00E0
main@screen                 cstackBANK1  00D9
main@volt                   cstackBANK1  00E8
pad@buf                     cstackBANK0  002E
pad@fp                      cstackBANK0  002C
pad@i                       cstackBANK0  0032
pad@p                       cstackBANK0  002F
read_prec_or_width@ap       cstackCOMMON 0079
read_prec_or_width@c        cstackBANK0  0020
read_prec_or_width@fmt      cstackCOMMON 0078
read_prec_or_width@n        cstackBANK0  0021
reset_vec                   reset_vec    0000
saved_w                     (abs)        007E
sprintf@ap                  cstackBANK0  0055
sprintf@f                   cstackBANK0  0056
sprintf@fmt                 cstackBANK0  004F
sprintf@s                   cstackBANK0  004E
start                       init         000C
start_initialization        cinit        000F
ttemp0a                     (abs)        007F
utoa@d                      cstackBANK0  0036
utoa@fp                     cstackBANK0  0034
utoa@i                      cstackBANK0  003B
utoa@p                      cstackBANK0  0038
utoa@w                      cstackBANK0  0039
vfpfcnvrt@ap                cstackBANK0  0040
vfpfcnvrt@convarg           cstackBANK0  0043
vfpfcnvrt@cp                cstackBANK0  0048
vfpfcnvrt@done              cstackBANK0  0047
vfpfcnvrt@fmt               cstackBANK0  003F
vfpfcnvrt@fp                cstackBANK0  003D
vfprintf@ap                 cstackBANK0  004C
vfprintf@cfmt               cstackBANK0  004D
vfprintf@fmt                cstackBANK0  004B
vfprintf@fp                 cstackBANK0  0049
wtemp0                      (abs)        007E
wtemp0a                     (abs)        007F


MODULE INFORMATION

Module		Function		Class		Link	Load	Size
C:\Program Files\Microchip\xc8\v3.10\pic\sources\c99\common\lwmod.c
		___lwmod       		CODE           	0FC8	0000	56

C:\Program Files\Microchip\xc8\v3.10\pic\sources\c99\common\lwmod.c estimated size: 56

C:\Program Files\Microchip\xc8\v3.10\pic\sources\c99\common\putch.c
		_putch         		CODE           	07FF	0000	1

C:\Program Files\Microchip\xc8\v3.10\pic\sources\c99\common\putch.c estimated size: 1

C:\Program Files\Microchip\xc8\v3.10\pic\sources\c99\common\Umul32.c
		___lmul        		CODE           	0719	0000	76

C:\Program Files\Microchip\xc8\v3.10\pic\sources\c99\common\Umul32.c estimated size: 76

C:\Program Files\Microchip\xc8\v3.10\pic\sources\c99\common\nf_fputs.c
		_fputs         		CODE           	0F9D	0000	43

C:\Program Files\Microchip\xc8\v3.10\pic\sources\c99\common\nf_fputs.c estimated size: 43

C:\Program Files\Microchip\xc8\v3.10\pic\sources\c99\common\lwdiv.c
		___lwdiv       		CODE           	07AB	0000	66

C:\Program Files\Microchip\xc8\v3.10\pic\sources\c99\common\lwdiv.c estimated size: 66

C:\Program Files\Microchip\xc8\v3.10\pic\sources\c99\common\aldiv.c
		___aldiv       		CODE           	046F	0000	153

C:\Program Files\Microchip\xc8\v3.10\pic\sources\c99\common\aldiv.c estimated size: 153

C:\Program Files\Microchip\xc8\v3.10\pic\sources\c99\common\nf_sprintf.c
		_sprintf       		CODE           	0F2C	0000	35

C:\Program Files\Microchip\xc8\v3.10\pic\sources\c99\common\nf_sprintf.c estimated size: 35

shared
		__stringtab    		STRING         	0800	0000	16
		__initialization		CODE           	000F	0000	50

shared estimated size: 66

C:\Program Files\Microchip\xc8\v3.10\pic\sources\c99\common\nf_fputc.c
		_fputc         		CODE           	03CF	0000	160

C:\Program Files\Microchip\xc8\v3.10\pic\sources\c99\common\nf_fputc.c estimated size: 160

lcd.c
		_LCD_Init      		CODE           	0322	0000	173
		_LCD_Out       		CODE           	01B6	0000	186
		_LCD_putc      		CODE           	0508	0000	148
		_LCD_putrs     		CODE           	0765	0000	70
		_LCD_Write     		CODE           	0671	0000	85

lcd.c estimated size: 662

C:\Program Files\Microchip\xc8\v3.10\pic\sources\c99\common\doprnt.c
		_read_prec_or_width		CODE           	061A	0000	87
		_vfpfcnvrt     		CODE           	0270	0000	178
		_pad           		CODE           	06C6	0000	83
		_vfprintf      		CODE           	0F09	0000	35
		_utoa          		CODE           	059C	0000	126

C:\Program Files\Microchip\xc8\v3.10\pic\sources\c99\common\doprnt.c estimated size: 509

main.c
		_ISR           		CODE           	0F74	0000	41
		_main          		CODE           	0045	0000	369
		_Timer1_Init   		CODE           	0EFA	0000	15
		_ADC_Read      		CODE           	07ED	0000	18
		_ADC_Init      		CODE           	0EEC	0000	14

main.c estimated size: 457

C:\Program Files\Microchip\xc8\v3.10\pic\sources\c99\common\Umul16.c
		___wmul        		CODE           	0F4F	0000	37

C:\Program Files\Microchip\xc8\v3.10\pic\sources\c99\common\Umul16.c estimated size: 37

