

Microchip MPLAB XC8 Assembler V3.10 build 20250813170317 
                                                                                               Wed Jun 10 16:10:11 2026

Microchip MPLAB XC8 C Compiler v3.10 (Free license) build 20250813170317 Og1 
     1                           	processor	16F887
     2                           	pagewidth 120
     3                           	opt	flic
     4                           	psect	idataBANK0,global,class=CODE,space=0,delta=2,noexec
     5                           	psect	strings,global,class=STRING,space=0,delta=2,noexec
     6                           	psect	cinit,global,class=CODE,space=0,merge=1,delta=2
     7                           	psect	bssBANK0,global,class=BANK0,space=1,delta=1,noexec
     8                           	psect	dataBANK0,global,class=BANK0,space=1,delta=1,noexec
     9                           	psect	cstackCOMMON,global,class=COMMON,space=1,delta=1,noexec
    10                           	psect	cstackBANK0,global,class=BANK0,space=1,delta=1,noexec
    11                           	psect	maintext,global,class=CODE,space=0,split=1,delta=2
    12                           	psect	text1,local,class=CODE,space=0,merge=1,delta=2
    13                           	psect	text2,local,class=CODE,space=0,merge=1,delta=2
    14                           	psect	text3,local,class=CODE,space=0,merge=1,delta=2
    15                           	psect	text4,local,class=CODE,space=0,merge=1,delta=2
    16                           	psect	text5,local,class=CODE,space=0,merge=1,delta=2
    17                           	psect	config,global,abs,ovrld,class=CONFIG,space=4,delta=2,noexec
    18                           	dabs	1,0x7E,2
    19     0000                     
    20                           ; Generated 22/04/2026 GMT
    21                           ; 
    22                           ; Copyright (c) 2026 Microchip Technology Inc. and its subsidiaries.
    23                           ; 
    24                           ; Licensed under the Apache License, Version 2.0 (the "License");
    25                           ; you may not use this file except in compliance with the License.
    26                           ; You may obtain a copy of the License at
    27                           ; 
    28                           ;   http://www.apache.org/licenses/LICENSE-2.0
    29                           ; 
    30                           ; Unless required by applicable law or agreed to in writing, software
    31                           ; distributed under the License is distributed on an "AS IS" BASIS,
    32                           ; WITHOUT WARRANTIES OR CONDITIONS OF ANY KIND, either express or implied.
    33                           ; See the License for the specific language governing permissions and
    34                           ; limitations under the License.
    35                           ; 
    36                           ; 
    37                           ; Code-generator required, PIC16F887 Definitions
    38                           ; 
    39                           ; SFR Addresses
    40     0004                     fsr             equ	4
    41     0004                     fsr0            equ	4
    42     0000                     indf            equ	0
    43     0000                     indf0           equ	0
    44     0002                     pc              equ	2
    45     0002                     pcl             equ	2
    46     000A                     pclath          equ	10
    47     0003                     status          equ	3
    48     0000                     INDF            equ	0	;# 
    49     0001                     TMR0            equ	1	;# 
    50     0002                     PCL             equ	2	;# 
    51     0003                     STATUS          equ	3	;# 
    52     0004                     FSR             equ	4	;# 
    53     0005                     PORTA           equ	5	;# 
    54     0006                     PORTB           equ	6	;# 
    55     0007                     PORTC           equ	7	;# 
    56     0008                     PORTD           equ	8	;# 
    57     0009                     PORTE           equ	9	;# 
    58     000A                     PCLATH          equ	10	;# 
    59     000B                     INTCON          equ	11	;# 
    60     000C                     PIR1            equ	12	;# 
    61     000D                     PIR2            equ	13	;# 
    62     000E                     TMR1            equ	14	;# 
    63     000E                     TMR1L           equ	14	;# 
    64     000F                     TMR1H           equ	15	;# 
    65     0010                     T1CON           equ	16	;# 
    66     0011                     TMR2            equ	17	;# 
    67     0012                     T2CON           equ	18	;# 
    68     0013                     SSPBUF          equ	19	;# 
    69     0014                     SSPCON          equ	20	;# 
    70     0015                     CCPR1           equ	21	;# 
    71     0015                     CCPR1L          equ	21	;# 
    72     0016                     CCPR1H          equ	22	;# 
    73     0017                     CCP1CON         equ	23	;# 
    74     0018                     RCSTA           equ	24	;# 
    75     0019                     TXREG           equ	25	;# 
    76     001A                     RCREG           equ	26	;# 
    77     001B                     CCPR2           equ	27	;# 
    78     001B                     CCPR2L          equ	27	;# 
    79     001C                     CCPR2H          equ	28	;# 
    80     001D                     CCP2CON         equ	29	;# 
    81     001E                     ADRESH          equ	30	;# 
    82     001F                     ADCON0          equ	31	;# 
    83     0081                     OPTION_REG      equ	129	;# 
    84     0085                     TRISA           equ	133	;# 
    85     0086                     TRISB           equ	134	;# 
    86     0087                     TRISC           equ	135	;# 
    87     0088                     TRISD           equ	136	;# 
    88     0089                     TRISE           equ	137	;# 
    89     008C                     PIE1            equ	140	;# 
    90     008D                     PIE2            equ	141	;# 
    91     008E                     PCON            equ	142	;# 
    92     008F                     OSCCON          equ	143	;# 
    93     0090                     OSCTUNE         equ	144	;# 
    94     0091                     SSPCON2         equ	145	;# 
    95     0092                     PR2             equ	146	;# 
    96     0093                     SSPADD          equ	147	;# 
    97     0093                     SSPMSK          equ	147	;# 
    98     0093                     MSK             equ	147	;# 
    99     0094                     SSPSTAT         equ	148	;# 
   100     0095                     WPUB            equ	149	;# 
   101     0096                     IOCB            equ	150	;# 
   102     0097                     VRCON           equ	151	;# 
   103     0098                     TXSTA           equ	152	;# 
   104     0099                     SPBRG           equ	153	;# 
   105     009A                     SPBRGH          equ	154	;# 
   106     009B                     PWM1CON         equ	155	;# 
   107     009C                     ECCPAS          equ	156	;# 
   108     009D                     PSTRCON         equ	157	;# 
   109     009E                     ADRESL          equ	158	;# 
   110     009F                     ADCON1          equ	159	;# 
   111     0105                     WDTCON          equ	261	;# 
   112     0107                     CM1CON0         equ	263	;# 
   113     0108                     CM2CON0         equ	264	;# 
   114     0109                     CM2CON1         equ	265	;# 
   115     010C                     EEDATA          equ	268	;# 
   116     010C                     EEDAT           equ	268	;# 
   117     010D                     EEADR           equ	269	;# 
   118     010E                     EEDATH          equ	270	;# 
   119     010F                     EEADRH          equ	271	;# 
   120     0185                     SRCON           equ	389	;# 
   121     0187                     BAUDCTL         equ	391	;# 
   122     0188                     ANSEL           equ	392	;# 
   123     0189                     ANSELH          equ	393	;# 
   124     018C                     EECON1          equ	396	;# 
   125     018D                     EECON2          equ	397	;# 
   126     0000                     INDF            equ	0	;# 
   127     0001                     TMR0            equ	1	;# 
   128     0002                     PCL             equ	2	;# 
   129     0003                     STATUS          equ	3	;# 
   130     0004                     FSR             equ	4	;# 
   131     0005                     PORTA           equ	5	;# 
   132     0006                     PORTB           equ	6	;# 
   133     0007                     PORTC           equ	7	;# 
   134     0008                     PORTD           equ	8	;# 
   135     0009                     PORTE           equ	9	;# 
   136     000A                     PCLATH          equ	10	;# 
   137     000B                     INTCON          equ	11	;# 
   138     000C                     PIR1            equ	12	;# 
   139     000D                     PIR2            equ	13	;# 
   140     000E                     TMR1            equ	14	;# 
   141     000E                     TMR1L           equ	14	;# 
   142     000F                     TMR1H           equ	15	;# 
   143     0010                     T1CON           equ	16	;# 
   144     0011                     TMR2            equ	17	;# 
   145     0012                     T2CON           equ	18	;# 
   146     0013                     SSPBUF          equ	19	;# 
   147     0014                     SSPCON          equ	20	;# 
   148     0015                     CCPR1           equ	21	;# 
   149     0015                     CCPR1L          equ	21	;# 
   150     0016                     CCPR1H          equ	22	;# 
   151     0017                     CCP1CON         equ	23	;# 
   152     0018                     RCSTA           equ	24	;# 
   153     0019                     TXREG           equ	25	;# 
   154     001A                     RCREG           equ	26	;# 
   155     001B                     CCPR2           equ	27	;# 
   156     001B                     CCPR2L          equ	27	;# 
   157     001C                     CCPR2H          equ	28	;# 
   158     001D                     CCP2CON         equ	29	;# 
   159     001E                     ADRESH          equ	30	;# 
   160     001F                     ADCON0          equ	31	;# 
   161     0081                     OPTION_REG      equ	129	;# 
   162     0085                     TRISA           equ	133	;# 
   163     0086                     TRISB           equ	134	;# 
   164     0087                     TRISC           equ	135	;# 
   165     0088                     TRISD           equ	136	;# 
   166     0089                     TRISE           equ	137	;# 
   167     008C                     PIE1            equ	140	;# 
   168     008D                     PIE2            equ	141	;# 
   169     008E                     PCON            equ	142	;# 
   170     008F                     OSCCON          equ	143	;# 
   171     0090                     OSCTUNE         equ	144	;# 
   172     0091                     SSPCON2         equ	145	;# 
   173     0092                     PR2             equ	146	;# 
   174     0093                     SSPADD          equ	147	;# 
   175     0093                     SSPMSK          equ	147	;# 
   176     0093                     MSK             equ	147	;# 
   177     0094                     SSPSTAT         equ	148	;# 
   178     0095                     WPUB            equ	149	;# 
   179     0096                     IOCB            equ	150	;# 
   180     0097                     VRCON           equ	151	;# 
   181     0098                     TXSTA           equ	152	;# 
   182     0099                     SPBRG           equ	153	;# 
   183     009A                     SPBRGH          equ	154	;# 
   184     009B                     PWM1CON         equ	155	;# 
   185     009C                     ECCPAS          equ	156	;# 
   186     009D                     PSTRCON         equ	157	;# 
   187     009E                     ADRESL          equ	158	;# 
   188     009F                     ADCON1          equ	159	;# 
   189     0105                     WDTCON          equ	261	;# 
   190     0107                     CM1CON0         equ	263	;# 
   191     0108                     CM2CON0         equ	264	;# 
   192     0109                     CM2CON1         equ	265	;# 
   193     010C                     EEDATA          equ	268	;# 
   194     010C                     EEDAT           equ	268	;# 
   195     010D                     EEADR           equ	269	;# 
   196     010E                     EEDATH          equ	270	;# 
   197     010F                     EEADRH          equ	271	;# 
   198     0185                     SRCON           equ	389	;# 
   199     0187                     BAUDCTL         equ	391	;# 
   200     0188                     ANSEL           equ	392	;# 
   201     0189                     ANSELH          equ	393	;# 
   202     018C                     EECON1          equ	396	;# 
   203     018D                     EECON2          equ	397	;# 
   204     0000                     INDF            equ	0	;# 
   205     0001                     TMR0            equ	1	;# 
   206     0002                     PCL             equ	2	;# 
   207     0003                     STATUS          equ	3	;# 
   208     0004                     FSR             equ	4	;# 
   209     0005                     PORTA           equ	5	;# 
   210     0006                     PORTB           equ	6	;# 
   211     0007                     PORTC           equ	7	;# 
   212     0008                     PORTD           equ	8	;# 
   213     0009                     PORTE           equ	9	;# 
   214     000A                     PCLATH          equ	10	;# 
   215     000B                     INTCON          equ	11	;# 
   216     000C                     PIR1            equ	12	;# 
   217     000D                     PIR2            equ	13	;# 
   218     000E                     TMR1            equ	14	;# 
   219     000E                     TMR1L           equ	14	;# 
   220     000F                     TMR1H           equ	15	;# 
   221     0010                     T1CON           equ	16	;# 
   222     0011                     TMR2            equ	17	;# 
   223     0012                     T2CON           equ	18	;# 
   224     0013                     SSPBUF          equ	19	;# 
   225     0014                     SSPCON          equ	20	;# 
   226     0015                     CCPR1           equ	21	;# 
   227     0015                     CCPR1L          equ	21	;# 
   228     0016                     CCPR1H          equ	22	;# 
   229     0017                     CCP1CON         equ	23	;# 
   230     0018                     RCSTA           equ	24	;# 
   231     0019                     TXREG           equ	25	;# 
   232     001A                     RCREG           equ	26	;# 
   233     001B                     CCPR2           equ	27	;# 
   234     001B                     CCPR2L          equ	27	;# 
   235     001C                     CCPR2H          equ	28	;# 
   236     001D                     CCP2CON         equ	29	;# 
   237     001E                     ADRESH          equ	30	;# 
   238     001F                     ADCON0          equ	31	;# 
   239     0081                     OPTION_REG      equ	129	;# 
   240     0085                     TRISA           equ	133	;# 
   241     0086                     TRISB           equ	134	;# 
   242     0087                     TRISC           equ	135	;# 
   243     0088                     TRISD           equ	136	;# 
   244     0089                     TRISE           equ	137	;# 
   245     008C                     PIE1            equ	140	;# 
   246     008D                     PIE2            equ	141	;# 
   247     008E                     PCON            equ	142	;# 
   248     008F                     OSCCON          equ	143	;# 
   249     0090                     OSCTUNE         equ	144	;# 
   250     0091                     SSPCON2         equ	145	;# 
   251     0092                     PR2             equ	146	;# 
   252     0093                     SSPADD          equ	147	;# 
   253     0093                     SSPMSK          equ	147	;# 
   254     0093                     MSK             equ	147	;# 
   255     0094                     SSPSTAT         equ	148	;# 
   256     0095                     WPUB            equ	149	;# 
   257     0096                     IOCB            equ	150	;# 
   258     0097                     VRCON           equ	151	;# 
   259     0098                     TXSTA           equ	152	;# 
   260     0099                     SPBRG           equ	153	;# 
   261     009A                     SPBRGH          equ	154	;# 
   262     009B                     PWM1CON         equ	155	;# 
   263     009C                     ECCPAS          equ	156	;# 
   264     009D                     PSTRCON         equ	157	;# 
   265     009E                     ADRESL          equ	158	;# 
   266     009F                     ADCON1          equ	159	;# 
   267     0105                     WDTCON          equ	261	;# 
   268     0107                     CM1CON0         equ	263	;# 
   269     0108                     CM2CON0         equ	264	;# 
   270     0109                     CM2CON1         equ	265	;# 
   271     010C                     EEDATA          equ	268	;# 
   272     010C                     EEDAT           equ	268	;# 
   273     010D                     EEADR           equ	269	;# 
   274     010E                     EEDATH          equ	270	;# 
   275     010F                     EEADRH          equ	271	;# 
   276     0185                     SRCON           equ	389	;# 
   277     0187                     BAUDCTL         equ	391	;# 
   278     0188                     ANSEL           equ	392	;# 
   279     0189                     ANSELH          equ	393	;# 
   280     018C                     EECON1          equ	396	;# 
   281     018D                     EECON2          equ	397	;# 
   282                           
   283                           	psect	idataBANK0
   284     04D9                     __pidataBANK0:
   285                           
   286                           ;initializer for main@F1767
   287     04D9  3407               	retlw	7
   288     04DA  3400               	retlw	0
   289     04DB  341A               	retlw	26
   290     04DC  342C               	retlw	44
   291     04DD  343E               	retlw	62
   292     0006                     _PORTB          set	6
   293     0005                     _PORTA          set	5
   294     0007                     _PORTC          set	7
   295     0087                     _TRISC          set	135
   296     0086                     _TRISB          set	134
   297     0085                     _TRISA          set	133
   298                           
   299                           	psect	strings
   300     0003                     __pstrings:
   301     0003                     stringtab:
   302     0003                     __stringtab:
   303     0003                     stringcode:	
   304                           ;	String table - string pointers are 1 byte each
   305                           
   306     0003                     stringdir:
   307     0003  3000               	movlw	high stringdir
   308     0004  008A               	movwf	10
   309     0005  0804               	movf	4,w
   310     0006  0A84               	incf	4,f
   311     0007  0782               	addwf	2,f
   312     0008                     __stringbase:
   313     0008  3400               	retlw	0
   314     0009                     __end_of__stringtab:
   315     0009                     STR_1:
   316     0009  3420               	retlw	32	;' '
   317     000A  3448               	retlw	72	;'H'
   318     000B  3445               	retlw	69	;'E'
   319     000C  344C               	retlw	76	;'L'
   320     000D  344C               	retlw	76	;'L'
   321     000E  344F               	retlw	79	;'O'
   322     000F  3420               	retlw	32	;' '
   323     0010  3457               	retlw	87	;'W'
   324     0011  344F               	retlw	79	;'O'
   325     0012  3452               	retlw	82	;'R'
   326     0013  344C               	retlw	76	;'L'
   327     0014  3444               	retlw	68	;'D'
   328     0015  3421               	retlw	33	;'!'
   329     0016  3400               	retlw	0
   330                           
   331                           	psect	cinit
   332     07D9                     start_initialization:	
   333                           ; #config settings
   334                           
   335     07D9                     __initialization:
   336                           
   337                           ; Initialize objects allocated to BANK0
   338     07D9  120A  118A  24D9  120A  118A  	fcall	__pidataBANK0	;fetch initializer
   339     07DE  00AE               	movwf	__pdataBANK0& (0+127)
   340     07DF  120A  118A  24DA  120A  118A  	fcall	__pidataBANK0+1	;fetch initializer
   341     07E4  00AF               	movwf	(__pdataBANK0+1)& (0+127)
   342     07E5  120A  118A  24DB  120A  118A  	fcall	__pidataBANK0+2	;fetch initializer
   343     07EA  00B0               	movwf	(__pdataBANK0+2)& (0+127)
   344     07EB  120A  118A  24DC  120A  118A  	fcall	__pidataBANK0+3	;fetch initializer
   345     07F0  00B1               	movwf	(__pdataBANK0+3)& (0+127)
   346     07F1  120A  118A  24DD  120A  118A  	fcall	__pidataBANK0+4	;fetch initializer
   347     07F6  00B2               	movwf	(__pdataBANK0+4)& (0+127)
   348                           
   349                           ; Clear objects allocated to BANK0
   350     07F7  01A9               	clrf	__pbssBANK0& (0+127)
   351     07F8  01AA               	clrf	(__pbssBANK0+1)& (0+127)
   352     07F9  01AB               	clrf	(__pbssBANK0+2)& (0+127)
   353     07FA  01AC               	clrf	(__pbssBANK0+3)& (0+127)
   354     07FB  01AD               	clrf	(__pbssBANK0+4)& (0+127)
   355     07FC                     end_of_initialization:	
   356                           ;End of C runtime variable initialization code
   357                           
   358     07FC                     __end_of__initialization:
   359     07FC  0183               	clrf	3
   360     07FD  120A  118A  2D57   	ljmp	_main	;jump to C main() function
   361                           
   362                           	psect	bssBANK0
   363     0029                     __pbssBANK0:
   364     0029                     _lcd:
   365     0029                     	ds	5
   366                           
   367                           	psect	dataBANK0
   368     002E                     __pdataBANK0:
   369     002E                     main@F1767:
   370     002E                     	ds	5
   371                           
   372                           	psect	cstackCOMMON
   373     0070                     __pcstackCOMMON:
   374     0070                     ?_LCD_Write:
   375     0070                     ?_LCD_putc:	
   376                           ; 1 bytes @ 0x0
   377                           
   378     0070                     ?_main:	
   379                           ; 1 bytes @ 0x0
   380                           
   381     0070                     ?_LCD_Out:	
   382                           ; 1 bytes @ 0x0
   383                           
   384     0070                     ??_LCD_Out:	
   385                           ; 1 bytes @ 0x0
   386                           
   387                           
   388                           ; 1 bytes @ 0x0
   389     0070                     	ds	2
   390     0072                     LCD_Out@c:
   391                           
   392                           ; 1 bytes @ 0x2
   393     0072                     	ds	1
   394     0073                     ??_LCD_Write:
   395     0073                     ??_LCD_putc:	
   396                           ; 1 bytes @ 0x3
   397                           
   398                           
   399                           ; 1 bytes @ 0x3
   400     0073                     	ds	2
   401     0075                     LCD_Write@c:
   402     0075                     LCD_putc@c:	
   403                           ; 1 bytes @ 0x5
   404                           
   405                           
   406                           ; 1 bytes @ 0x5
   407     0075                     	ds	1
   408     0076                     ?_LCD_Init:
   409     0076                     ?_LCD_putrs:	
   410                           ; 1 bytes @ 0x6
   411                           
   412     0076                     LCD_putrs@a:	
   413                           ; 1 bytes @ 0x6
   414                           
   415     0076                     LCD_Init@display:	
   416                           ; 1 bytes @ 0x6
   417                           
   418                           
   419                           ; 5 bytes @ 0x6
   420     0076                     	ds	1
   421     0077                     LCD_putrs@i:
   422     0077                     ??_LCD_putrs:	
   423                           ; 2 bytes @ 0x7
   424                           
   425                           
   426                           ; 1 bytes @ 0x7
   427     0077                     	ds	4
   428     007B                     ??_LCD_Init:
   429                           
   430                           ; 1 bytes @ 0xB
   431     007B                     	ds	2
   432     007D                     LCD_Init@cmd:
   433                           
   434                           ; 1 bytes @ 0xD
   435     007D                     	ds	1
   436                           
   437                           	psect	cstackBANK0
   438     0020                     __pcstackBANK0:
   439     0020                     ??_main:
   440                           
   441                           ; 1 bytes @ 0x0
   442     0020                     	ds	3
   443     0023                     main@screen:
   444                           
   445                           ; 5 bytes @ 0x3
   446     0023                     	ds	5
   447     0028                     main@c:
   448                           
   449                           ; 1 bytes @ 0x8
   450     0028                     	ds	1
   451                           
   452                           	psect	maintext
   453     0557                     __pmaintext:	
   454 ;;
   455 ;;Main: autosize = 0, tempsize = 3, incstack = 0, save=0
   456 ;;
   457 ;; *************** function _main *****************
   458 ;; Defined at:
   459 ;;		line 34 in file "main.c"
   460 ;; Parameters:    Size  Location     Type
   461 ;;		None
   462 ;; Auto vars:     Size  Location     Type
   463 ;;  c               1    8[BANK0 ] unsigned char 
   464 ;;  screen          5    3[BANK0 ] struct .
   465 ;; Return value:  Size  Location     Type
   466 ;;                  1    wreg      void 
   467 ;; Registers used:
   468 ;;		wreg, fsr0l, fsr0h, status,2, status,0, pclath, cstack
   469 ;; Tracked objects:
   470 ;;		On entry : B00/0
   471 ;;		On exit  : 0/0
   472 ;;		Unchanged: 0/0
   473 ;; Data sizes:     COMMON   BANK0   BANK1   BANK3   BANK2
   474 ;;      Params:         0       0       0       0       0
   475 ;;      Locals:         0       6       0       0       0
   476 ;;      Temps:          0       3       0       0       0
   477 ;;      Totals:         0       9       0       0       0
   478 ;;Total ram usage:        9 bytes
   479 ;; Hardware stack levels required when called: 3
   480 ;; This function calls:
   481 ;;		_LCD_Init
   482 ;;		_LCD_Write
   483 ;;		_LCD_putc
   484 ;;		_LCD_putrs
   485 ;; This function is called by:
   486 ;;		Startup code after reset
   487 ;; This function uses a non-reentrant model
   488 ;;
   489                           
   490     0557                     _main:	
   491                           ;psect for function _main
   492                           
   493     0557                     l971:	
   494                           ;incstack = 0
   495                           ; Regs used in _main: [wreg-fsr0h+status,2+status,0+pclath+cstack]
   496                           
   497                           
   498                           ;main.c: 35:     LCD screen = {&PORTC, 2,3,4,5,6,7};
   499     0557  3023               	movlw	main@screen& (0+255)
   500     0558  0084               	movwf	4
   501     0559  1283               	bcf	3,5	;RP0=0, select bank0
   502     055A  1303               	bcf	3,6	;RP1=0, select bank0
   503     055B  082E               	movf	main@F1767,w
   504     055C  1383               	bcf	3,7	;select IRP bank0
   505     055D  0080               	movwf	0
   506     055E  0A84               	incf	4,f
   507     055F  082F               	movf	main@F1767+1,w
   508     0560  0080               	movwf	0
   509     0561  0A84               	incf	4,f
   510     0562  0830               	movf	main@F1767+2,w
   511     0563  0080               	movwf	0
   512     0564  0A84               	incf	4,f
   513     0565  0831               	movf	main@F1767+3,w
   514     0566  0080               	movwf	0
   515     0567  0A84               	incf	4,f
   516     0568  0832               	movf	main@F1767+4,w
   517     0569  0080               	movwf	0
   518     056A                     l973:
   519                           
   520                           ;main.c: 37:     LCD_Init(screen);
   521     056A  3076               	movlw	LCD_Init@display& (0+255)
   522     056B  0084               	movwf	4
   523     056C  0823               	movf	main@screen,w
   524     056D  0080               	movwf	0
   525     056E  0A84               	incf	4,f
   526     056F  0824               	movf	main@screen+1,w
   527     0570  0080               	movwf	0
   528     0571  0A84               	incf	4,f
   529     0572  0825               	movf	main@screen+2,w
   530     0573  0080               	movwf	0
   531     0574  0A84               	incf	4,f
   532     0575  0826               	movf	main@screen+3,w
   533     0576  0080               	movwf	0
   534     0577  0A84               	incf	4,f
   535     0578  0827               	movf	main@screen+4,w
   536     0579  0080               	movwf	0
   537     057A  120A  118A  2672  120A  118A  	fcall	_LCD_Init
   538     057F                     l975:
   539     057F  3000               	movlw	0
   540     0580  120A  118A  2502  120A  118A  	fcall	_LCD_Write
   541     0585                     l977:
   542     0585  3001               	movlw	1
   543     0586  120A  118A  2502  120A  118A  	fcall	_LCD_Write
   544     058B                     l979:
   545     058B  3008               	movlw	8
   546     058C  120A  118A  2502  120A  118A  	fcall	_LCD_Write
   547     0591                     l981:
   548     0591  3000               	movlw	0
   549     0592  120A  118A  2502  120A  118A  	fcall	_LCD_Write
   550     0597                     l38:
   551                           
   552                           ;main.c: 43:         LCD_putrs(" HELLO WORLD!");
   553     0597  3001               	movlw	(low ((STR_1-__stringbase)| (0+32768)))& (0+255)
   554     0598  00F6               	movwf	LCD_putrs@a
   555     0599  120A  118A  24DE  120A  118A  	fcall	_LCD_putrs
   556     059E                     l991:
   557     059E  300C               	movlw	12
   558     059F  120A  118A  2502  120A  118A  	fcall	_LCD_Write
   559     05A4  3000               	movlw	0
   560     05A5  120A  118A  2502  120A  118A  	fcall	_LCD_Write
   561     05AA                     l997:
   562                           
   563                           ;main.c: 45:         for(char c = 'A'; c < 'Q';c++){
   564     05AA  3041               	movlw	65
   565     05AB  1283               	bcf	3,5	;RP0=0, select bank0
   566     05AC  1303               	bcf	3,6	;RP1=0, select bank0
   567     05AD  00A8               	movwf	main@c
   568     05AE                     l1003:
   569                           
   570                           ;main.c: 46:             LCD_putc(c);
   571     05AE  0828               	movf	main@c,w
   572     05AF  120A  118A  25DE  120A  118A  	fcall	_LCD_putc
   573     05B4                     l1005:
   574                           
   575                           ;main.c: 47:             _delay((unsigned long)((300)*(8000000/4000.0)));
   576     05B4  3004               	movlw	4
   577     05B5  1283               	bcf	3,5	;RP0=0, select bank0
   578     05B6  1303               	bcf	3,6	;RP1=0, select bank0
   579     05B7  00A2               	movwf	??_main+2
   580     05B8  300C               	movlw	12
   581     05B9  00A1               	movwf	??_main+1
   582     05BA  3033               	movlw	51
   583     05BB  00A0               	movwf	??_main
   584     05BC                     u797:
   585     05BC  0BA0               	decfsz	??_main,f
   586     05BD  2DBC               	goto	u797
   587     05BE  0BA1               	decfsz	??_main+1,f
   588     05BF  2DBC               	goto	u797
   589     05C0  0BA2               	decfsz	??_main+2,f
   590     05C1  2DBC               	goto	u797
   591     05C2                     l1007:
   592                           
   593                           ;main.c: 48:         }
   594     05C2  3001               	movlw	1
   595     05C3  1283               	bcf	3,5	;RP0=0, select bank0
   596     05C4  1303               	bcf	3,6	;RP1=0, select bank0
   597     05C5  07A8               	addwf	main@c,f
   598     05C6                     l1009:
   599     05C6  3051               	movlw	81
   600     05C7  0228               	subwf	main@c,w
   601     05C8  1C03               	skipc
   602     05C9  2DCB               	goto	u661
   603     05CA  2DCC               	goto	u660
   604     05CB                     u661:
   605     05CB  2DAE               	goto	l1003
   606     05CC                     u660:
   607     05CC                     l1011:
   608                           
   609                           ;main.c: 49:         _delay((unsigned long)((1000)*(8000000/4000.0)));
   610     05CC  300B               	movlw	11
   611     05CD  1283               	bcf	3,5	;RP0=0, select bank0
   612     05CE  1303               	bcf	3,6	;RP1=0, select bank0
   613     05CF  00A2               	movwf	??_main+2
   614     05D0  3026               	movlw	38
   615     05D1  00A1               	movwf	??_main+1
   616     05D2  305D               	movlw	93
   617     05D3  00A0               	movwf	??_main
   618     05D4                     u807:
   619     05D4  0BA0               	decfsz	??_main,f
   620     05D5  2DD4               	goto	u807
   621     05D6  0BA1               	decfsz	??_main+1,f
   622     05D7  2DD4               	goto	u807
   623     05D8  0BA2               	decfsz	??_main+2,f
   624     05D9  2DD4               	goto	u807
   625     05DA  2D7F               	goto	l975
   626     05DB  120A  118A  2800   	ljmp	start
   627     05DE                     __end_of_main:
   628                           
   629                           	psect	text1
   630     04DE                     __ptext1:	
   631 ;; *************** function _LCD_putrs *****************
   632 ;; Defined at:
   633 ;;		line 142 in file "lcd.c"
   634 ;; Parameters:    Size  Location     Type
   635 ;;  a               1    6[COMMON] PTR const unsigned char 
   636 ;;		 -> STR_1(14), 
   637 ;; Auto vars:     Size  Location     Type
   638 ;;  i               2    7[COMMON] int 
   639 ;; Return value:  Size  Location     Type
   640 ;;                  1    wreg      void 
   641 ;; Registers used:
   642 ;;		wreg, fsr0l, fsr0h, status,2, status,0, pclath, cstack
   643 ;; Tracked objects:
   644 ;;		On entry : 0/0
   645 ;;		On exit  : 0/0
   646 ;;		Unchanged: 0/0
   647 ;; Data sizes:     COMMON   BANK0   BANK1   BANK3   BANK2
   648 ;;      Params:         1       0       0       0       0
   649 ;;      Locals:         2       0       0       0       0
   650 ;;      Temps:          0       0       0       0       0
   651 ;;      Totals:         3       0       0       0       0
   652 ;;Total ram usage:        3 bytes
   653 ;; Hardware stack levels used: 1
   654 ;; Hardware stack levels required when called: 1
   655 ;; This function calls:
   656 ;;		_LCD_putc
   657 ;; This function is called by:
   658 ;;		_main
   659 ;; This function uses a non-reentrant model
   660 ;;
   661                           
   662     04DE                     _LCD_putrs:	
   663                           ;psect for function _LCD_putrs
   664                           
   665     04DE                     l963:	
   666                           ;incstack = 0
   667                           ; Regs used in _LCD_putrs: [wreg-fsr0h+status,2+status,0+pclath+cstack]
   668                           
   669                           
   670                           ;lcd.c: 144:     for ( int i = 0; a[i] != '\0'; ++i ) {
   671     04DE  01F7               	clrf	LCD_putrs@i
   672     04DF  01F8               	clrf	LCD_putrs@i+1
   673     04E0  2CF4               	goto	l969
   674     04E1                     l965:
   675                           
   676                           ;lcd.c: 145:         LCD_putc(a[i]);
   677     04E1  0877               	movf	LCD_putrs@i,w
   678     04E2  0776               	addwf	LCD_putrs@a,w
   679     04E3  0084               	movwf	4
   680     04E4  120A  118A  2003  120A  118A  	fcall	stringdir
   681     04E9  120A  118A  25DE  120A  118A  	fcall	_LCD_putc
   682     04EE                     l967:
   683                           
   684                           ;lcd.c: 146:     }
   685     04EE  3001               	movlw	1
   686     04EF  07F7               	addwf	LCD_putrs@i,f
   687     04F0  1803               	skipnc
   688     04F1  0AF8               	incf	LCD_putrs@i+1,f
   689     04F2  3000               	movlw	0
   690     04F3  07F8               	addwf	LCD_putrs@i+1,f
   691     04F4                     l969:
   692     04F4  0877               	movf	LCD_putrs@i,w
   693     04F5  0776               	addwf	LCD_putrs@a,w
   694     04F6  0084               	movwf	4
   695     04F7  120A  118A  2003  120A  118A  	fcall	stringdir
   696     04FC  3A00               	xorlw	0
   697     04FD  1D03               	skipz
   698     04FE  2D00               	goto	u651
   699     04FF  2D01               	goto	u650
   700     0500                     u651:
   701     0500  2CE1               	goto	l965
   702     0501                     u650:
   703     0501                     l127:
   704     0501  0008               	return
   705     0502                     __end_of_LCD_putrs:
   706                           
   707                           	psect	text2
   708     05DE                     __ptext2:	
   709 ;; *************** function _LCD_putc *****************
   710 ;; Defined at:
   711 ;;		line 117 in file "lcd.c"
   712 ;; Parameters:    Size  Location     Type
   713 ;;  c               1    wreg     unsigned char 
   714 ;; Auto vars:     Size  Location     Type
   715 ;;  c               1    5[COMMON] unsigned char 
   716 ;; Return value:  Size  Location     Type
   717 ;;                  1    wreg      void 
   718 ;; Registers used:
   719 ;;		wreg, fsr0l, fsr0h, status,2, status,0, pclath, cstack
   720 ;; Tracked objects:
   721 ;;		On entry : 0/0
   722 ;;		On exit  : 0/0
   723 ;;		Unchanged: 0/0
   724 ;; Data sizes:     COMMON   BANK0   BANK1   BANK3   BANK2
   725 ;;      Params:         0       0       0       0       0
   726 ;;      Locals:         1       0       0       0       0
   727 ;;      Temps:          2       0       0       0       0
   728 ;;      Totals:         3       0       0       0       0
   729 ;;Total ram usage:        3 bytes
   730 ;; Hardware stack levels used: 1
   731 ;; This function calls:
   732 ;;		_LCD_Out
   733 ;; This function is called by:
   734 ;;		_main
   735 ;;		_LCD_putrs
   736 ;;		_LCD_puts
   737 ;; This function uses a non-reentrant model
   738 ;;
   739                           
   740     05DE                     _LCD_putc:	
   741                           ;psect for function _LCD_putc
   742                           
   743                           
   744                           ;incstack = 0
   745                           ; Regs used in _LCD_putc: [wreg-fsr0h+status,2+status,0+pclath+cstack]
   746                           ;LCD_putc@c stored from wreg
   747     05DE  00F5               	movwf	LCD_putc@c
   748     05DF                     l901:
   749                           
   750                           ;lcd.c: 119:    *(lcd.PORT) |= 1 << lcd.RS;
   751     05DF  1283               	bcf	3,5	;RP0=0, select bank0
   752     05E0  1303               	bcf	3,6	;RP1=0, select bank0
   753     05E1  0829               	movf	_lcd,w
   754     05E2  0084               	movwf	4
   755     05E3  1783               	bsf	3,7
   756     05E4  1C2A               	btfss	_lcd+1,0
   757     05E5  1383               	bcf	3,7
   758     05E6  3001               	movlw	1
   759     05E7  00F3               	movwf	??_LCD_putc
   760     05E8  082B               	movf	_lcd+2,w
   761     05E9  3907               	andlw	7
   762     05EA  3E01               	addlw	1
   763     05EB  2DEE               	goto	u554
   764     05EC                     u555:
   765     05EC  1003               	clrc
   766     05ED  0DF3               	rlf	??_LCD_putc,f
   767     05EE                     u554:
   768     05EE  3EFF               	addlw	-1
   769     05EF  1D03               	skipz
   770     05F0  2DEC               	goto	u555
   771     05F1  0873               	movf	??_LCD_putc,w
   772     05F2  0480               	iorwf	0,f
   773     05F3                     l903:
   774                           
   775                           ;lcd.c: 120:     LCD_Out((c & 0xF0) >> 4);
   776     05F3  0875               	movf	LCD_putc@c,w
   777     05F4  00F3               	movwf	??_LCD_putc
   778     05F5  3004               	movlw	4
   779     05F6                     u565:
   780     05F6  1003               	clrc
   781     05F7  0CF3               	rrf	??_LCD_putc,f
   782     05F8  3EFF               	addlw	-1
   783     05F9  1D03               	skipz
   784     05FA  2DF6               	goto	u565
   785     05FB  0873               	movf	??_LCD_putc,w
   786     05FC  390F               	andlw	15
   787     05FD  120A  118A  271F  120A  118A  	fcall	_LCD_Out
   788     0602                     l905:
   789                           
   790                           ;lcd.c: 122:     *(lcd.PORT) |= 1 << lcd.EN;
   791     0602  1283               	bcf	3,5	;RP0=0, select bank0
   792     0603  1303               	bcf	3,6	;RP1=0, select bank0
   793     0604  0829               	movf	_lcd,w
   794     0605  0084               	movwf	4
   795     0606  1783               	bsf	3,7
   796     0607  1C2A               	btfss	_lcd+1,0
   797     0608  1383               	bcf	3,7
   798     0609  3001               	movlw	1
   799     060A  00F3               	movwf	??_LCD_putc
   800     060B  0C2B               	rrf	_lcd+2,w
   801     060C  00F4               	movwf	??_LCD_putc+1
   802     060D  0CF4               	rrf	??_LCD_putc+1,f
   803     060E  0C74               	rrf	??_LCD_putc+1,w
   804     060F  3907               	andlw	7
   805     0610  3E01               	addlw	1
   806     0611  2E14               	goto	u574
   807     0612                     u575:
   808     0612  1003               	clrc
   809     0613  0DF3               	rlf	??_LCD_putc,f
   810     0614                     u574:
   811     0614  3EFF               	addlw	-1
   812     0615  1D03               	skipz
   813     0616  2E12               	goto	u575
   814     0617  0873               	movf	??_LCD_putc,w
   815     0618  0480               	iorwf	0,f
   816     0619                     l907:
   817                           
   818                           ;lcd.c: 123:     _delay((unsigned long)((40)*(8000000/4000000.0)));
   819     0619  301A               	movlw	26
   820     061A  00F3               	movwf	??_LCD_putc
   821     061B                     u817:
   822     061B  0BF3               	decfsz	??_LCD_putc,f
   823     061C  2E1B               	goto	u817
   824     061D  0000               	nop
   825     061E                     l909:
   826                           
   827                           ;lcd.c: 124:     *(lcd.PORT) &= ~(1 << lcd.EN);
   828     061E  1283               	bcf	3,5	;RP0=0, select bank0
   829     061F  1303               	bcf	3,6	;RP1=0, select bank0
   830     0620  0829               	movf	_lcd,w
   831     0621  0084               	movwf	4
   832     0622  1783               	bsf	3,7
   833     0623  1C2A               	btfss	_lcd+1,0
   834     0624  1383               	bcf	3,7
   835     0625  3001               	movlw	1
   836     0626  00F3               	movwf	??_LCD_putc
   837     0627  0C2B               	rrf	_lcd+2,w
   838     0628  00F4               	movwf	??_LCD_putc+1
   839     0629  0CF4               	rrf	??_LCD_putc+1,f
   840     062A  0C74               	rrf	??_LCD_putc+1,w
   841     062B  3907               	andlw	7
   842     062C  3E01               	addlw	1
   843     062D  2E30               	goto	u584
   844     062E                     u585:
   845     062E  1003               	clrc
   846     062F  0DF3               	rlf	??_LCD_putc,f
   847     0630                     u584:
   848     0630  3EFF               	addlw	-1
   849     0631  1D03               	skipz
   850     0632  2E2E               	goto	u585
   851     0633  0873               	movf	??_LCD_putc,w
   852     0634  3AFF               	xorlw	255
   853     0635  0580               	andwf	0,f
   854     0636                     l911:
   855                           
   856                           ;lcd.c: 126:     LCD_Out(c & 0x0F);
   857     0636  0875               	movf	LCD_putc@c,w
   858     0637  390F               	andlw	15
   859     0638  120A  118A  271F  120A  118A  	fcall	_LCD_Out
   860     063D                     l913:
   861                           
   862                           ;lcd.c: 128:     *(lcd.PORT) |= 1 << lcd.EN;
   863     063D  1283               	bcf	3,5	;RP0=0, select bank0
   864     063E  1303               	bcf	3,6	;RP1=0, select bank0
   865     063F  0829               	movf	_lcd,w
   866     0640  0084               	movwf	4
   867     0641  1783               	bsf	3,7
   868     0642  1C2A               	btfss	_lcd+1,0
   869     0643  1383               	bcf	3,7
   870     0644  3001               	movlw	1
   871     0645  00F3               	movwf	??_LCD_putc
   872     0646  0C2B               	rrf	_lcd+2,w
   873     0647  00F4               	movwf	??_LCD_putc+1
   874     0648  0CF4               	rrf	??_LCD_putc+1,f
   875     0649  0C74               	rrf	??_LCD_putc+1,w
   876     064A  3907               	andlw	7
   877     064B  3E01               	addlw	1
   878     064C  2E4F               	goto	u594
   879     064D                     u595:
   880     064D  1003               	clrc
   881     064E  0DF3               	rlf	??_LCD_putc,f
   882     064F                     u594:
   883     064F  3EFF               	addlw	-1
   884     0650  1D03               	skipz
   885     0651  2E4D               	goto	u595
   886     0652  0873               	movf	??_LCD_putc,w
   887     0653  0480               	iorwf	0,f
   888                           
   889                           ;lcd.c: 129:     _delay((unsigned long)((40)*(8000000/4000000.0)));
   890     0654  301A               	movlw	26
   891     0655  00F3               	movwf	??_LCD_putc
   892     0656                     u827:
   893     0656  0BF3               	decfsz	??_LCD_putc,f
   894     0657  2E56               	goto	u827
   895     0658  0000               	nop
   896     0659                     l915:
   897                           
   898                           ;lcd.c: 130:     *(lcd.PORT) &= ~(1 << lcd.EN);
   899     0659  1283               	bcf	3,5	;RP0=0, select bank0
   900     065A  1303               	bcf	3,6	;RP1=0, select bank0
   901     065B  0829               	movf	_lcd,w
   902     065C  0084               	movwf	4
   903     065D  1783               	bsf	3,7
   904     065E  1C2A               	btfss	_lcd+1,0
   905     065F  1383               	bcf	3,7
   906     0660  3001               	movlw	1
   907     0661  00F3               	movwf	??_LCD_putc
   908     0662  0C2B               	rrf	_lcd+2,w
   909     0663  00F4               	movwf	??_LCD_putc+1
   910     0664  0CF4               	rrf	??_LCD_putc+1,f
   911     0665  0C74               	rrf	??_LCD_putc+1,w
   912     0666  3907               	andlw	7
   913     0667  3E01               	addlw	1
   914     0668  2E6B               	goto	u604
   915     0669                     u605:
   916     0669  1003               	clrc
   917     066A  0DF3               	rlf	??_LCD_putc,f
   918     066B                     u604:
   919     066B  3EFF               	addlw	-1
   920     066C  1D03               	skipz
   921     066D  2E69               	goto	u605
   922     066E  0873               	movf	??_LCD_putc,w
   923     066F  3AFF               	xorlw	255
   924     0670  0580               	andwf	0,f
   925     0671                     l115:
   926     0671  0008               	return
   927     0672                     __end_of_LCD_putc:
   928                           
   929                           	psect	text3
   930     0672                     __ptext3:	
   931 ;; *************** function _LCD_Init *****************
   932 ;; Defined at:
   933 ;;		line 59 in file "lcd.c"
   934 ;; Parameters:    Size  Location     Type
   935 ;;  display         5    6[COMMON] struct .
   936 ;; Auto vars:     Size  Location     Type
   937 ;;  cmd             1   13[COMMON] unsigned char 
   938 ;; Return value:  Size  Location     Type
   939 ;;                  1    wreg      _Bool 
   940 ;; Registers used:
   941 ;;		wreg, fsr0l, fsr0h, status,2, status,0, pclath, cstack
   942 ;; Tracked objects:
   943 ;;		On entry : 0/0
   944 ;;		On exit  : 0/0
   945 ;;		Unchanged: 0/0
   946 ;; Data sizes:     COMMON   BANK0   BANK1   BANK3   BANK2
   947 ;;      Params:         5       0       0       0       0
   948 ;;      Locals:         1       0       0       0       0
   949 ;;      Temps:          2       0       0       0       0
   950 ;;      Totals:         8       0       0       0       0
   951 ;;Total ram usage:        8 bytes
   952 ;; Hardware stack levels used: 1
   953 ;; Hardware stack levels required when called: 2
   954 ;; This function calls:
   955 ;;		_LCD_Write
   956 ;; This function is called by:
   957 ;;		_main
   958 ;; This function uses a non-reentrant model
   959 ;;
   960                           
   961     0672                     _LCD_Init:	
   962                           ;psect for function _LCD_Init
   963                           
   964     0672                     l917:	
   965                           ;incstack = 0
   966                           ; Regs used in _LCD_Init: [wreg-fsr0h+status,2+status,0+pclath+cstack]
   967                           
   968                           
   969                           ;lcd.c: 61:     lcd = display;
   970     0672  3029               	movlw	_lcd& (0+255)
   971     0673  0084               	movwf	4
   972     0674  0876               	movf	LCD_Init@display,w
   973     0675  1383               	bcf	3,7	;select IRP bank0
   974     0676  0080               	movwf	0
   975     0677  0A84               	incf	4,f
   976     0678  0877               	movf	LCD_Init@display+1,w
   977     0679  0080               	movwf	0
   978     067A  0A84               	incf	4,f
   979     067B  0878               	movf	LCD_Init@display+2,w
   980     067C  0080               	movwf	0
   981     067D  0A84               	incf	4,f
   982     067E  0879               	movf	LCD_Init@display+3,w
   983     067F  0080               	movwf	0
   984     0680  0A84               	incf	4,f
   985     0681  087A               	movf	LCD_Init@display+4,w
   986     0682  0080               	movwf	0
   987     0683                     l919:
   988                           
   989                           ;lcd.c: 70:     if ( lcd.PORT == &PORTA ) {
   990     0683  3000               	movlw	0
   991     0684  1283               	bcf	3,5	;RP0=0, select bank0
   992     0685  1303               	bcf	3,6	;RP1=0, select bank0
   993     0686  062A               	xorwf	_lcd+1,w
   994     0687  1D03               	skipz
   995     0688  2E8B               	goto	u615
   996     0689  3005               	movlw	5
   997     068A  0629               	xorwf	_lcd,w
   998     068B                     u615:
   999     068B  1D03               	skipz
  1000     068C  2E8E               	goto	u611
  1001     068D  2E8F               	goto	u610
  1002     068E                     u611:
  1003     068E  2E93               	goto	l923
  1004     068F                     u610:
  1005     068F                     l921:
  1006                           
  1007                           ;lcd.c: 71:         TRISA = 0x00;
  1008     068F  1683               	bsf	3,5	;RP0=1, select bank1
  1009     0690  1303               	bcf	3,6	;RP1=0, select bank1
  1010     0691  0185               	clrf	5	;volatile
  1011                           
  1012                           ;lcd.c: 72:     }
  1013     0692  2EAE               	goto	l931
  1014     0693                     l923:
  1015     0693  3000               	movlw	0
  1016     0694  062A               	xorwf	_lcd+1,w
  1017     0695  1D03               	skipz
  1018     0696  2E99               	goto	u625
  1019     0697  3006               	movlw	6
  1020     0698  0629               	xorwf	_lcd,w
  1021     0699                     u625:
  1022     0699  1D03               	skipz
  1023     069A  2E9C               	goto	u621
  1024     069B  2E9D               	goto	u620
  1025     069C                     u621:
  1026     069C  2EA1               	goto	l927
  1027     069D                     u620:
  1028     069D                     l925:
  1029                           
  1030                           ;lcd.c: 74:         TRISB = 0x00;
  1031     069D  1683               	bsf	3,5	;RP0=1, select bank1
  1032     069E  1303               	bcf	3,6	;RP1=0, select bank1
  1033     069F  0186               	clrf	6	;volatile
  1034                           
  1035                           ;lcd.c: 75:     }
  1036     06A0  2EAE               	goto	l931
  1037     06A1                     l927:
  1038     06A1  3000               	movlw	0
  1039     06A2  062A               	xorwf	_lcd+1,w
  1040     06A3  1D03               	skipz
  1041     06A4  2EA7               	goto	u635
  1042     06A5  3007               	movlw	7
  1043     06A6  0629               	xorwf	_lcd,w
  1044     06A7                     u635:
  1045     06A7  1D03               	skipz
  1046     06A8  2EAA               	goto	u631
  1047     06A9  2EAB               	goto	u630
  1048     06AA                     u631:
  1049     06AA  2F1E               	goto	l99
  1050     06AB                     u630:
  1051     06AB                     l929:
  1052                           
  1053                           ;lcd.c: 77:         TRISC = 0x00;
  1054     06AB  1683               	bsf	3,5	;RP0=1, select bank1
  1055     06AC  1303               	bcf	3,6	;RP1=0, select bank1
  1056     06AD  0187               	clrf	7	;volatile
  1057     06AE                     l931:	
  1058                           ;lcd.c: 78:     }
  1059                           
  1060                           
  1061                           ;lcd.c: 92:     _delay((unsigned long)((20)*(8000000/4000.0)));
  1062     06AE  3034               	movlw	52
  1063     06AF  00FC               	movwf	??_LCD_Init+1
  1064     06B0  30F1               	movlw	241
  1065     06B1  00FB               	movwf	??_LCD_Init
  1066     06B2                     u837:
  1067     06B2  0BFB               	decfsz	??_LCD_Init,f
  1068     06B3  2EB2               	goto	u837
  1069     06B4  0BFC               	decfsz	??_LCD_Init+1,f
  1070     06B5  2EB2               	goto	u837
  1071     06B6  2EB7               	nop2
  1072     06B7                     l933:
  1073                           
  1074                           ;lcd.c: 95:     LCD_Write(0x03);
  1075     06B7  3003               	movlw	3
  1076     06B8  120A  118A  2502  120A  118A  	fcall	_LCD_Write
  1077     06BD                     l935:
  1078                           
  1079                           ;lcd.c: 96:     _delay((unsigned long)((5)*(8000000/4000.0)));
  1080     06BD  300D               	movlw	13
  1081     06BE  00FC               	movwf	??_LCD_Init+1
  1082     06BF  30FB               	movlw	251
  1083     06C0  00FB               	movwf	??_LCD_Init
  1084     06C1                     u847:
  1085     06C1  0BFB               	decfsz	??_LCD_Init,f
  1086     06C2  2EC1               	goto	u847
  1087     06C3  0BFC               	decfsz	??_LCD_Init+1,f
  1088     06C4  2EC1               	goto	u847
  1089     06C5  2EC6               	nop2
  1090                           
  1091                           ;lcd.c: 97:     LCD_Write(0x03);
  1092     06C6  3003               	movlw	3
  1093     06C7  120A  118A  2502  120A  118A  	fcall	_LCD_Write
  1094     06CC                     l937:
  1095                           
  1096                           ;lcd.c: 98:     _delay((unsigned long)((16)*(8000000/4000.0)));
  1097     06CC  302A               	movlw	42
  1098     06CD  00FC               	movwf	??_LCD_Init+1
  1099     06CE  308D               	movlw	141
  1100     06CF  00FB               	movwf	??_LCD_Init
  1101     06D0                     u857:
  1102     06D0  0BFB               	decfsz	??_LCD_Init,f
  1103     06D1  2ED0               	goto	u857
  1104     06D2  0BFC               	decfsz	??_LCD_Init+1,f
  1105     06D3  2ED0               	goto	u857
  1106     06D4  2ED5               	nop2
  1107     06D5                     l939:
  1108                           
  1109                           ;lcd.c: 99:     LCD_Write(0x03);
  1110     06D5  3003               	movlw	3
  1111     06D6  120A  118A  2502  120A  118A  	fcall	_LCD_Write
  1112     06DB                     l941:
  1113                           
  1114                           ;lcd.c: 102:     LCD_Write(0x02);
  1115     06DB  3002               	movlw	2
  1116     06DC  120A  118A  2502  120A  118A  	fcall	_LCD_Write
  1117     06E1                     l943:
  1118     06E1  3002               	movlw	2
  1119     06E2  120A  118A  2502  120A  118A  	fcall	_LCD_Write
  1120     06E7                     l945:
  1121     06E7  3008               	movlw	8
  1122     06E8  120A  118A  2502  120A  118A  	fcall	_LCD_Write
  1123     06ED                     l947:
  1124     06ED  3000               	movlw	0
  1125     06EE  120A  118A  2502  120A  118A  	fcall	_LCD_Write
  1126     06F3                     l949:
  1127     06F3  3006               	movlw	6
  1128     06F4  120A  118A  2502  120A  118A  	fcall	_LCD_Write
  1129     06F9                     l951:
  1130     06F9  3008               	movlw	8
  1131     06FA  00FD               	movwf	LCD_Init@cmd
  1132     06FB                     l953:
  1133     06FB  157D               	bsf	LCD_Init@cmd,2
  1134     06FC                     l959:
  1135     06FC  087D               	movf	LCD_Init@cmd,w
  1136     06FD  00FB               	movwf	??_LCD_Init
  1137     06FE  3004               	movlw	4
  1138     06FF                     u645:
  1139     06FF  1003               	clrc
  1140     0700  0CFB               	rrf	??_LCD_Init,f
  1141     0701  3EFF               	addlw	-1
  1142     0702  1D03               	skipz
  1143     0703  2EFF               	goto	u645
  1144     0704  087B               	movf	??_LCD_Init,w
  1145     0705  390F               	andlw	15
  1146     0706  120A  118A  2502  120A  118A  	fcall	_LCD_Write
  1147     070B  087D               	movf	LCD_Init@cmd,w
  1148     070C  390F               	andlw	15
  1149     070D  120A  118A  2502  120A  118A  	fcall	_LCD_Write
  1150     0712                     l111:	
  1151                           ;lcd.c: 112:     do { LCD_Write( (0x01 & 0xF0) >> 4 ); LCD_Write( 0x01 & 0x0F); } while 
      +                          ( 0 );
  1152                           
  1153     0712  3000               	movlw	0
  1154     0713  120A  118A  2502  120A  118A  	fcall	_LCD_Write
  1155     0718  3001               	movlw	1
  1156     0719  120A  118A  2502  120A  118A  	fcall	_LCD_Write
  1157     071E                     l99:
  1158     071E  0008               	return
  1159     071F                     __end_of_LCD_Init:
  1160                           
  1161                           	psect	text4
  1162     0502                     __ptext4:	
  1163 ;; *************** function _LCD_Write *****************
  1164 ;; Defined at:
  1165 ;;		line 48 in file "lcd.c"
  1166 ;; Parameters:    Size  Location     Type
  1167 ;;  c               1    wreg     unsigned char 
  1168 ;; Auto vars:     Size  Location     Type
  1169 ;;  c               1    5[COMMON] unsigned char 
  1170 ;; Return value:  Size  Location     Type
  1171 ;;                  1    wreg      void 
  1172 ;; Registers used:
  1173 ;;		wreg, fsr0l, fsr0h, status,2, status,0, pclath, cstack
  1174 ;; Tracked objects:
  1175 ;;		On entry : 0/0
  1176 ;;		On exit  : 0/0
  1177 ;;		Unchanged: 0/0
  1178 ;; Data sizes:     COMMON   BANK0   BANK1   BANK3   BANK2
  1179 ;;      Params:         0       0       0       0       0
  1180 ;;      Locals:         1       0       0       0       0
  1181 ;;      Temps:          2       0       0       0       0
  1182 ;;      Totals:         3       0       0       0       0
  1183 ;;Total ram usage:        3 bytes
  1184 ;; Hardware stack levels used: 1
  1185 ;; This function calls:
  1186 ;;		_LCD_Out
  1187 ;; This function is called by:
  1188 ;;		_main
  1189 ;;		_LCD_Init
  1190 ;;		_LCD_Custom_Char
  1191 ;; This function uses a non-reentrant model
  1192 ;;
  1193                           
  1194     0502                     _LCD_Write:	
  1195                           ;psect for function _LCD_Write
  1196                           
  1197                           
  1198                           ;incstack = 0
  1199                           ; Regs used in _LCD_Write: [wreg-fsr0h+status,2+status,0+pclath+cstack]
  1200                           ;LCD_Write@c stored from wreg
  1201     0502  00F5               	movwf	LCD_Write@c
  1202     0503                     l891:
  1203                           
  1204                           ;lcd.c: 50:     *(lcd.PORT) &= ~(1 << lcd.RS);
  1205     0503  1283               	bcf	3,5	;RP0=0, select bank0
  1206     0504  1303               	bcf	3,6	;RP1=0, select bank0
  1207     0505  0829               	movf	_lcd,w
  1208     0506  0084               	movwf	4
  1209     0507  1783               	bsf	3,7
  1210     0508  1C2A               	btfss	_lcd+1,0
  1211     0509  1383               	bcf	3,7
  1212     050A  3001               	movlw	1
  1213     050B  00F3               	movwf	??_LCD_Write
  1214     050C  082B               	movf	_lcd+2,w
  1215     050D  3907               	andlw	7
  1216     050E  3E01               	addlw	1
  1217     050F  2D12               	goto	u524
  1218     0510                     u525:
  1219     0510  1003               	clrc
  1220     0511  0DF3               	rlf	??_LCD_Write,f
  1221     0512                     u524:
  1222     0512  3EFF               	addlw	-1
  1223     0513  1D03               	skipz
  1224     0514  2D10               	goto	u525
  1225     0515  0873               	movf	??_LCD_Write,w
  1226     0516  3AFF               	xorlw	255
  1227     0517  0580               	andwf	0,f
  1228     0518                     l893:
  1229                           
  1230                           ;lcd.c: 51:     LCD_Out(c);
  1231     0518  0875               	movf	LCD_Write@c,w
  1232     0519  120A  118A  271F  120A  118A  	fcall	_LCD_Out
  1233     051E                     l895:
  1234                           
  1235                           ;lcd.c: 53:     *(lcd.PORT) |= 1 << lcd.EN;
  1236     051E  1283               	bcf	3,5	;RP0=0, select bank0
  1237     051F  1303               	bcf	3,6	;RP1=0, select bank0
  1238     0520  0829               	movf	_lcd,w
  1239     0521  0084               	movwf	4
  1240     0522  1783               	bsf	3,7
  1241     0523  1C2A               	btfss	_lcd+1,0
  1242     0524  1383               	bcf	3,7
  1243     0525  3001               	movlw	1
  1244     0526  00F3               	movwf	??_LCD_Write
  1245     0527  0C2B               	rrf	_lcd+2,w
  1246     0528  00F4               	movwf	??_LCD_Write+1
  1247     0529  0CF4               	rrf	??_LCD_Write+1,f
  1248     052A  0C74               	rrf	??_LCD_Write+1,w
  1249     052B  3907               	andlw	7
  1250     052C  3E01               	addlw	1
  1251     052D  2D30               	goto	u534
  1252     052E                     u535:
  1253     052E  1003               	clrc
  1254     052F  0DF3               	rlf	??_LCD_Write,f
  1255     0530                     u534:
  1256     0530  3EFF               	addlw	-1
  1257     0531  1D03               	skipz
  1258     0532  2D2E               	goto	u535
  1259     0533  0873               	movf	??_LCD_Write,w
  1260     0534  0480               	iorwf	0,f
  1261     0535                     l897:
  1262                           
  1263                           ;lcd.c: 54:     _delay((unsigned long)((4)*(8000000/4000.0)));
  1264     0535  300B               	movlw	11
  1265     0536  00F4               	movwf	??_LCD_Write+1
  1266     0537  3062               	movlw	98
  1267     0538  00F3               	movwf	??_LCD_Write
  1268     0539                     u867:
  1269     0539  0BF3               	decfsz	??_LCD_Write,f
  1270     053A  2D39               	goto	u867
  1271     053B  0BF4               	decfsz	??_LCD_Write+1,f
  1272     053C  2D39               	goto	u867
  1273     053D  0000               	nop
  1274     053E                     l899:
  1275                           
  1276                           ;lcd.c: 55:     *(lcd.PORT) &= ~(1 << lcd.EN);
  1277     053E  1283               	bcf	3,5	;RP0=0, select bank0
  1278     053F  1303               	bcf	3,6	;RP1=0, select bank0
  1279     0540  0829               	movf	_lcd,w
  1280     0541  0084               	movwf	4
  1281     0542  1783               	bsf	3,7
  1282     0543  1C2A               	btfss	_lcd+1,0
  1283     0544  1383               	bcf	3,7
  1284     0545  3001               	movlw	1
  1285     0546  00F3               	movwf	??_LCD_Write
  1286     0547  0C2B               	rrf	_lcd+2,w
  1287     0548  00F4               	movwf	??_LCD_Write+1
  1288     0549  0CF4               	rrf	??_LCD_Write+1,f
  1289     054A  0C74               	rrf	??_LCD_Write+1,w
  1290     054B  3907               	andlw	7
  1291     054C  3E01               	addlw	1
  1292     054D  2D50               	goto	u544
  1293     054E                     u545:
  1294     054E  1003               	clrc
  1295     054F  0DF3               	rlf	??_LCD_Write,f
  1296     0550                     u544:
  1297     0550  3EFF               	addlw	-1
  1298     0551  1D03               	skipz
  1299     0552  2D4E               	goto	u545
  1300     0553  0873               	movf	??_LCD_Write,w
  1301     0554  3AFF               	xorlw	255
  1302     0555  0580               	andwf	0,f
  1303     0556                     l90:
  1304     0556  0008               	return
  1305     0557                     __end_of_LCD_Write:
  1306                           
  1307                           	psect	text5
  1308     071F                     __ptext5:	
  1309 ;; *************** function _LCD_Out *****************
  1310 ;; Defined at:
  1311 ;;		line 16 in file "lcd.c"
  1312 ;; Parameters:    Size  Location     Type
  1313 ;;  c               1    wreg     unsigned char 
  1314 ;; Auto vars:     Size  Location     Type
  1315 ;;  c               1    2[COMMON] unsigned char 
  1316 ;; Return value:  Size  Location     Type
  1317 ;;                  1    wreg      void 
  1318 ;; Registers used:
  1319 ;;		wreg, fsr0l, fsr0h, status,2, status,0
  1320 ;; Tracked objects:
  1321 ;;		On entry : 0/0
  1322 ;;		On exit  : 0/0
  1323 ;;		Unchanged: 0/0
  1324 ;; Data sizes:     COMMON   BANK0   BANK1   BANK3   BANK2
  1325 ;;      Params:         0       0       0       0       0
  1326 ;;      Locals:         1       0       0       0       0
  1327 ;;      Temps:          2       0       0       0       0
  1328 ;;      Totals:         3       0       0       0       0
  1329 ;;Total ram usage:        3 bytes
  1330 ;; Hardware stack levels used: 1
  1331 ;; This function calls:
  1332 ;;		Nothing
  1333 ;; This function is called by:
  1334 ;;		_LCD_Write
  1335 ;;		_LCD_putc
  1336 ;;		_LCD_Custom_Char
  1337 ;; This function uses a non-reentrant model
  1338 ;;
  1339                           
  1340     071F                     _LCD_Out:	
  1341                           ;psect for function _LCD_Out
  1342                           
  1343                           
  1344                           ;incstack = 0
  1345                           ; Regs used in _LCD_Out: [wreg-fsr0h+status,2+status,0]
  1346                           ;LCD_Out@c stored from wreg
  1347     071F  00F2               	movwf	LCD_Out@c
  1348     0720                     l867:
  1349                           
  1350                           ;lcd.c: 18:     if ( c & 1 ){
  1351     0720  1C72               	btfss	LCD_Out@c,0
  1352     0721  2F23               	goto	u401
  1353     0722  2F24               	goto	u400
  1354     0723                     u401:
  1355     0723  2F39               	goto	l871
  1356     0724                     u400:
  1357     0724                     l869:
  1358                           
  1359                           ;lcd.c: 19:         *(lcd.PORT) |= 1 << lcd.D4;
  1360     0724  1283               	bcf	3,5	;RP0=0, select bank0
  1361     0725  1303               	bcf	3,6	;RP1=0, select bank0
  1362     0726  0829               	movf	_lcd,w
  1363     0727  0084               	movwf	4
  1364     0728  1783               	bsf	3,7
  1365     0729  1C2A               	btfss	_lcd+1,0
  1366     072A  1383               	bcf	3,7
  1367     072B  3001               	movlw	1
  1368     072C  00F0               	movwf	??_LCD_Out
  1369     072D  082C               	movf	_lcd+3,w
  1370     072E  3907               	andlw	7
  1371     072F  3E01               	addlw	1
  1372     0730  2F33               	goto	u414
  1373     0731                     u415:
  1374     0731  1003               	clrc
  1375     0732  0DF0               	rlf	??_LCD_Out,f
  1376     0733                     u414:
  1377     0733  3EFF               	addlw	-1
  1378     0734  1D03               	skipz
  1379     0735  2F31               	goto	u415
  1380     0736  0870               	movf	??_LCD_Out,w
  1381     0737  0480               	iorwf	0,f
  1382                           
  1383                           ;lcd.c: 20:     }
  1384     0738  2F4E               	goto	l873
  1385     0739                     l871:
  1386                           
  1387                           ;lcd.c: 22:          *(lcd.PORT) &= ~(1 << lcd.D4);
  1388     0739  1283               	bcf	3,5	;RP0=0, select bank0
  1389     073A  1303               	bcf	3,6	;RP1=0, select bank0
  1390     073B  0829               	movf	_lcd,w
  1391     073C  0084               	movwf	4
  1392     073D  1783               	bsf	3,7
  1393     073E  1C2A               	btfss	_lcd+1,0
  1394     073F  1383               	bcf	3,7
  1395     0740  3001               	movlw	1
  1396     0741  00F0               	movwf	??_LCD_Out
  1397     0742  082C               	movf	_lcd+3,w
  1398     0743  3907               	andlw	7
  1399     0744  3E01               	addlw	1
  1400     0745  2F48               	goto	u424
  1401     0746                     u425:
  1402     0746  1003               	clrc
  1403     0747  0DF0               	rlf	??_LCD_Out,f
  1404     0748                     u424:
  1405     0748  3EFF               	addlw	-1
  1406     0749  1D03               	skipz
  1407     074A  2F46               	goto	u425
  1408     074B  0870               	movf	??_LCD_Out,w
  1409     074C  3AFF               	xorlw	255
  1410     074D  0580               	andwf	0,f
  1411     074E                     l873:
  1412                           
  1413                           ;lcd.c: 25:     if ( c & 2 ) {
  1414     074E  1CF2               	btfss	LCD_Out@c,1
  1415     074F  2F51               	goto	u431
  1416     0750  2F52               	goto	u430
  1417     0751                     u431:
  1418     0751  2F68               	goto	l877
  1419     0752                     u430:
  1420     0752                     l875:
  1421                           
  1422                           ;lcd.c: 26:         *(lcd.PORT) |= 1 << lcd.D5;
  1423     0752  0829               	movf	_lcd,w
  1424     0753  0084               	movwf	4
  1425     0754  1783               	bsf	3,7
  1426     0755  1C2A               	btfss	_lcd+1,0
  1427     0756  1383               	bcf	3,7
  1428     0757  3001               	movlw	1
  1429     0758  00F0               	movwf	??_LCD_Out
  1430     0759  0C2C               	rrf	_lcd+3,w
  1431     075A  00F1               	movwf	??_LCD_Out+1
  1432     075B  0CF1               	rrf	??_LCD_Out+1,f
  1433     075C  0C71               	rrf	??_LCD_Out+1,w
  1434     075D  3907               	andlw	7
  1435     075E  3E01               	addlw	1
  1436     075F  2F62               	goto	u444
  1437     0760                     u445:
  1438     0760  1003               	clrc
  1439     0761  0DF0               	rlf	??_LCD_Out,f
  1440     0762                     u444:
  1441     0762  3EFF               	addlw	-1
  1442     0763  1D03               	skipz
  1443     0764  2F60               	goto	u445
  1444     0765  0870               	movf	??_LCD_Out,w
  1445     0766  0480               	iorwf	0,f
  1446                           
  1447                           ;lcd.c: 27:     }
  1448     0767  2F7E               	goto	l879
  1449     0768                     l877:
  1450                           
  1451                           ;lcd.c: 29:         *(lcd.PORT) &= ~(1 << lcd.D5);
  1452     0768  0829               	movf	_lcd,w
  1453     0769  0084               	movwf	4
  1454     076A  1783               	bsf	3,7
  1455     076B  1C2A               	btfss	_lcd+1,0
  1456     076C  1383               	bcf	3,7
  1457     076D  3001               	movlw	1
  1458     076E  00F0               	movwf	??_LCD_Out
  1459     076F  0C2C               	rrf	_lcd+3,w
  1460     0770  00F1               	movwf	??_LCD_Out+1
  1461     0771  0CF1               	rrf	??_LCD_Out+1,f
  1462     0772  0C71               	rrf	??_LCD_Out+1,w
  1463     0773  3907               	andlw	7
  1464     0774  3E01               	addlw	1
  1465     0775  2F78               	goto	u454
  1466     0776                     u455:
  1467     0776  1003               	clrc
  1468     0777  0DF0               	rlf	??_LCD_Out,f
  1469     0778                     u454:
  1470     0778  3EFF               	addlw	-1
  1471     0779  1D03               	skipz
  1472     077A  2F76               	goto	u455
  1473     077B  0870               	movf	??_LCD_Out,w
  1474     077C  3AFF               	xorlw	255
  1475     077D  0580               	andwf	0,f
  1476     077E                     l879:
  1477                           
  1478                           ;lcd.c: 32:     if ( c & 4 ) {
  1479     077E  1D72               	btfss	LCD_Out@c,2
  1480     077F  2F81               	goto	u461
  1481     0780  2F82               	goto	u460
  1482     0781                     u461:
  1483     0781  2F95               	goto	l883
  1484     0782                     u460:
  1485     0782                     l881:
  1486                           
  1487                           ;lcd.c: 33:         *(lcd.PORT) |= 1 << lcd.D6;
  1488     0782  0829               	movf	_lcd,w
  1489     0783  0084               	movwf	4
  1490     0784  1783               	bsf	3,7
  1491     0785  1C2A               	btfss	_lcd+1,0
  1492     0786  1383               	bcf	3,7
  1493     0787  3001               	movlw	1
  1494     0788  00F0               	movwf	??_LCD_Out
  1495     0789  082D               	movf	_lcd+4,w
  1496     078A  3907               	andlw	7
  1497     078B  3E01               	addlw	1
  1498     078C  2F8F               	goto	u474
  1499     078D                     u475:
  1500     078D  1003               	clrc
  1501     078E  0DF0               	rlf	??_LCD_Out,f
  1502     078F                     u474:
  1503     078F  3EFF               	addlw	-1
  1504     0790  1D03               	skipz
  1505     0791  2F8D               	goto	u475
  1506     0792  0870               	movf	??_LCD_Out,w
  1507     0793  0480               	iorwf	0,f
  1508                           
  1509                           ;lcd.c: 34:     }
  1510     0794  2FA8               	goto	l885
  1511     0795                     l883:
  1512                           
  1513                           ;lcd.c: 36:         *(lcd.PORT) &= ~(1 << lcd.D6);
  1514     0795  0829               	movf	_lcd,w
  1515     0796  0084               	movwf	4
  1516     0797  1783               	bsf	3,7
  1517     0798  1C2A               	btfss	_lcd+1,0
  1518     0799  1383               	bcf	3,7
  1519     079A  3001               	movlw	1
  1520     079B  00F0               	movwf	??_LCD_Out
  1521     079C  082D               	movf	_lcd+4,w
  1522     079D  3907               	andlw	7
  1523     079E  3E01               	addlw	1
  1524     079F  2FA2               	goto	u484
  1525     07A0                     u485:
  1526     07A0  1003               	clrc
  1527     07A1  0DF0               	rlf	??_LCD_Out,f
  1528     07A2                     u484:
  1529     07A2  3EFF               	addlw	-1
  1530     07A3  1D03               	skipz
  1531     07A4  2FA0               	goto	u485
  1532     07A5  0870               	movf	??_LCD_Out,w
  1533     07A6  3AFF               	xorlw	255
  1534     07A7  0580               	andwf	0,f
  1535     07A8                     l885:
  1536                           
  1537                           ;lcd.c: 39:     if ( c & 8 ) {
  1538     07A8  1DF2               	btfss	LCD_Out@c,3
  1539     07A9  2FAB               	goto	u491
  1540     07AA  2FAC               	goto	u490
  1541     07AB                     u491:
  1542     07AB  2FC2               	goto	l889
  1543     07AC                     u490:
  1544     07AC                     l887:
  1545                           
  1546                           ;lcd.c: 40:          *(lcd.PORT) |= 1 << lcd.D7;
  1547     07AC  0829               	movf	_lcd,w
  1548     07AD  0084               	movwf	4
  1549     07AE  1783               	bsf	3,7
  1550     07AF  1C2A               	btfss	_lcd+1,0
  1551     07B0  1383               	bcf	3,7
  1552     07B1  3001               	movlw	1
  1553     07B2  00F0               	movwf	??_LCD_Out
  1554     07B3  0C2D               	rrf	_lcd+4,w
  1555     07B4  00F1               	movwf	??_LCD_Out+1
  1556     07B5  0CF1               	rrf	??_LCD_Out+1,f
  1557     07B6  0C71               	rrf	??_LCD_Out+1,w
  1558     07B7  3907               	andlw	7
  1559     07B8  3E01               	addlw	1
  1560     07B9  2FBC               	goto	u504
  1561     07BA                     u505:
  1562     07BA  1003               	clrc
  1563     07BB  0DF0               	rlf	??_LCD_Out,f
  1564     07BC                     u504:
  1565     07BC  3EFF               	addlw	-1
  1566     07BD  1D03               	skipz
  1567     07BE  2FBA               	goto	u505
  1568     07BF  0870               	movf	??_LCD_Out,w
  1569     07C0  0480               	iorwf	0,f
  1570                           
  1571                           ;lcd.c: 41:     }
  1572     07C1  2FD8               	goto	l87
  1573     07C2                     l889:
  1574                           
  1575                           ;lcd.c: 43:          *(lcd.PORT) &= ~(1 << lcd.D7);
  1576     07C2  0829               	movf	_lcd,w
  1577     07C3  0084               	movwf	4
  1578     07C4  1783               	bsf	3,7
  1579     07C5  1C2A               	btfss	_lcd+1,0
  1580     07C6  1383               	bcf	3,7
  1581     07C7  3001               	movlw	1
  1582     07C8  00F0               	movwf	??_LCD_Out
  1583     07C9  0C2D               	rrf	_lcd+4,w
  1584     07CA  00F1               	movwf	??_LCD_Out+1
  1585     07CB  0CF1               	rrf	??_LCD_Out+1,f
  1586     07CC  0C71               	rrf	??_LCD_Out+1,w
  1587     07CD  3907               	andlw	7
  1588     07CE  3E01               	addlw	1
  1589     07CF  2FD2               	goto	u514
  1590     07D0                     u515:
  1591     07D0  1003               	clrc
  1592     07D1  0DF0               	rlf	??_LCD_Out,f
  1593     07D2                     u514:
  1594     07D2  3EFF               	addlw	-1
  1595     07D3  1D03               	skipz
  1596     07D4  2FD0               	goto	u515
  1597     07D5  0870               	movf	??_LCD_Out,w
  1598     07D6  3AFF               	xorlw	255
  1599     07D7  0580               	andwf	0,f
  1600     07D8                     l87:
  1601     07D8  0008               	return
  1602     07D9                     __end_of_LCD_Out:
  1603     0002                     ___latbits      equ	2
  1604     007E                     btemp           set	126	;btemp
  1605     007E                     btemp0          set	126
  1606     007F                     btemp1          set	127
  1607     007E                     wtemp0          set	126
  1608     007F                     wtemp0a         set	127
  1609     007F                     ttemp0a         set	127
  1610     0080                     ltemp0a         set	128
  1611                           
  1612                           	psect	config
  1613                           
  1614                           ;Config register CONFIG1 @ 0x2007
  1615                           ;	Oscillator Selection bits
  1616                           ;	FOSC = HS, HS oscillator: High-speed crystal/resonator on RA6/OSC2/CLKOUT and RA7/OSC1
      +                          /CLKIN
  1617                           ;	Watchdog Timer Enable bit
  1618                           ;	WDTE = OFF, WDT disabled and can be enabled by SWDTEN bit of the WDTCON register
  1619                           ;	Power-up Timer Enable bit
  1620                           ;	PWRTE = OFF, PWRT disabled
  1621                           ;	RE3/MCLR pin function select bit
  1622                           ;	MCLRE = 0x1, unprogrammed default
  1623                           ;	Code Protection bit
  1624                           ;	CP = OFF, Program memory code protection is disabled
  1625                           ;	Data Code Protection bit
  1626                           ;	CPD = OFF, Data memory code protection is disabled
  1627                           ;	Brown Out Reset Selection bits
  1628                           ;	BOREN = ON, BOR enabled
  1629                           ;	Internal External Switchover bit
  1630                           ;	IESO = 0x1, unprogrammed default
  1631                           ;	Fail-Safe Clock Monitor Enabled bit
  1632                           ;	FCMEN = 0x1, unprogrammed default
  1633                           ;	Low Voltage Programming Enable bit
  1634                           ;	LVP = OFF, RB3 pin has digital I/O, HV on MCLR must be used for programming
  1635                           ;	In-Circuit Debugger Mode bit
  1636                           ;	DEBUG = 0x1, unprogrammed default
  1637     2007                     	org	8199
  1638     2007  2FF2               	dw	12274
  1639                           
  1640                           ;Config register CONFIG2 @ 0x2008
  1641                           ;	Brown-out Reset Selection bit
  1642                           ;	BOR4V = 0x1, unprogrammed default
  1643                           ;	Flash Program Memory Self Write Enable bits
  1644                           ;	WRT = OFF, Write protection off
  1645     2008                     	org	8200
  1646     2008  3FFF               	dw	16383

Data Sizes:
    Strings     14
    Constant    0
    Data        5
    BSS         5
    Persistent  0
    Stack       0

Auto Spaces:
    Space          Size  Autos    Used
    COMMON           14     14      14
    BANK0            80      9      19
    BANK1            80      0       0
    BANK3            96      0       0
    BANK2            96      0       0

Pointer List with Targets:

    display$PORT	PTR volatile unsigned char  size(2) Largest target is 1
		 -> PORTC(SFR0[1]), 

    F1767$PORT	PTR volatile unsigned char  size(2) Largest target is 1
		 -> PORTC(SFR0[1]), 

    lcd$PORT	PTR volatile unsigned char  size(2) Largest target is 1
		 -> PORTC(SFR0[1]), 

    LCD_putrs@a	PTR const unsigned char  size(1) Largest target is 14
		 -> STR_1(CODE[14]), 

    S22$PORT	PTR volatile unsigned char  size(2) Largest target is 1
		 -> PORTC(SFR0[1]), 

    screen$PORT	PTR volatile unsigned char  size(2) Largest target is 1
		 -> PORTC(SFR0[1]), 


Critical Paths under _main in COMMON

    _main->_LCD_Init
    _LCD_putrs->_LCD_putc
    _LCD_putc->_LCD_Out
    _LCD_Init->_LCD_Write
    _LCD_Write->_LCD_Out

Critical Paths under _main in BANK0

    None.

Critical Paths under _main in BANK1

    None.

Critical Paths under _main in BANK3

    None.

Critical Paths under _main in BANK2

    None.

Call Graph Tables:

 ---------------------------------------------------------------------------------
 (Depth) Function   	        Calls       Base Space   Used Autos Params    Refs
 ---------------------------------------------------------------------------------
 (0) _main                                                 9     9      0     891
                                              0 BANK0      9     9      0
                           _LCD_Init
                          _LCD_Write
                           _LCD_putc
                          _LCD_putrs
 ---------------------------------------------------------------------------------
 (1) _LCD_putrs                                            3     2      1     265
                                              6 COMMON     3     2      1
                           _LCD_putc
 ---------------------------------------------------------------------------------
 (2) _LCD_putc                                             3     3      0     174
                                              3 COMMON     3     3      0
                            _LCD_Out
 ---------------------------------------------------------------------------------
 (1) _LCD_Init                                             8     3      5     216
                                              6 COMMON     8     3      5
                          _LCD_Write
 ---------------------------------------------------------------------------------
 (2) _LCD_Write                                            3     3      0     145
                                              3 COMMON     3     3      0
                            _LCD_Out
 ---------------------------------------------------------------------------------
 (3) _LCD_Out                                              3     3      0     116
                                              0 COMMON     3     3      0
 ---------------------------------------------------------------------------------
 Estimated maximum stack depth 3
 ---------------------------------------------------------------------------------

 Call Graph Graphs:

 _main (ROOT)
   _LCD_Init
     _LCD_Write
       _LCD_Out
   _LCD_Write
   _LCD_putc
     _LCD_Out
   _LCD_putrs
     _LCD_putc

Address spaces:
Name               Size   Autos  Total    Usage
BANK3               96      0       0      0.0%
BITBANK3            96      0       0      0.0%
BANK2               96      0       0      0.0%
BITBANK2            96      0       0      0.0%
BANK1               80      0       0      0.0%
BITBANK1            80      0       0      0.0%
BANK0               80      9      19     23.8%
BITBANK0            80      0       0      0.0%
COMMON              14     14      14    100.0%
BITCOMMON           14      0       0      0.0%
DATA                 0      0      33      0.0%
STACK                0      0       0      0.0%


Microchip Technology PIC Macro Assembler V3.10 build 20250813170317 
Symbol Table                                                                                   Wed Jun 10 16:10:11 2026

                      pc 0002                       l38 0597                       l90 0556  
                     l87 07D8                       l99 071E                       fsr 0004  
                    l111 0712                      l115 0671                      l127 0501  
                    l901 05DF                      l911 0636                      l903 05F3  
                    l921 068F                      l913 063D                      l905 0602  
                    l931 06AE                      l923 0693                      l915 0659  
                    l907 0619                      l941 06DB                      l933 06B7  
                    l925 069D                      l917 0672                      l909 061E  
                    l871 0739                      l951 06F9                      l943 06E1  
                    l935 06BD                      l927 06A1                      l919 0683  
                    l881 0782                      l873 074E                      l953 06FB  
                    l945 06E7                      l937 06CC                      l929 06AB  
                    l883 0795                      l875 0752                      l867 0720  
                    l891 0503                      l947 06ED                      l939 06D5  
                    l963 04DE                      l971 0557                      l885 07A8  
                    l877 0768                      l869 0724                      l893 0518  
                    l949 06F3                      l965 04E1                      l981 0591  
                    l973 056A                      l887 07AC                      l879 077E  
                    l895 051E                      l959 06FC                      l967 04EE  
                    l991 059E                      l975 057F                      l889 07C2  
                    l897 0535                      l969 04F4                      l977 0585  
                    l899 053E                      l979 058B                      l997 05AA  
                    u400 0724                      u401 0723                      u430 0752  
                    u414 0733                      u431 0751                      u415 0731  
                    u504 07BC                      u424 0748                      u505 07BA  
                    u425 0746                      u514 07D2                      u610 068F  
                    u515 07D0                      u611 068E                      u460 0782  
                    u444 0762                      u524 0512                      u620 069D  
                    u604 066B                      u461 0781                      u445 0760  
                    u525 0510                      u621 069C                      u605 0669  
                    u454 0778                      u534 0530                      u630 06AB  
                    u455 0776                      u535 052E                      u631 06AA  
                    u615 068B                      u544 0550                      u545 054E  
                    u625 0699                      u490 07AC                      u474 078F  
                    u554 05EE                      u650 0501                      u491 07AB  
                    u475 078D                      u635 06A7                      u555 05EC  
                    u651 0500                      u484 07A2                      u660 05CC  
                    u485 07A0                      u645 06FF                      u565 05F6  
                    u661 05CB                      u574 0614                      u575 0612  
                    u807 05D4                      u584 0630                      u585 062E  
                    u817 061B                      u594 064F                      u827 0656  
                    u595 064D                      u837 06B2                      u847 06C1  
                    u857 06D0                      u867 0539                      u797 05BC  
        LCD_Init@display 0076                      _lcd 0029                      fsr0 0004  
                    indf 0000          __end_of_LCD_Out 07D9                     l1011 05CC  
                   l1003 05AE                     l1005 05B4                     l1007 05C2  
                   l1009 05C6                     STR_1 0009                     _main 0557  
                   btemp 007E                     start 0000              LCD_Init@cmd 007D  
       __end_of_LCD_Init 071F         __end_of_LCD_putc 0672                    ?_main 0070  
                  _PORTA 0005                    _PORTB 0006                    _PORTC 0007  
                  _TRISA 0085                    _TRISB 0086                    _TRISC 0087  
                  btemp0 007E                    btemp1 007F                    main@c 0028  
                  pclath 000A                    status 0003                    wtemp0 007E  
        __initialization 07D9             __end_of_main 05DE                   ??_main 0020  
              ??_LCD_Out 0070        __end_of_LCD_Write 0557        __end_of_LCD_putrs 0502  
                 ltemp0a 0080                   ttemp0a 007F                   wtemp0a 007F  
__end_of__initialization 07FC                ?_LCD_Init 0076                ?_LCD_putc 0070  
         __pcstackCOMMON 0070             __pidataBANK0 04D9                LCD_putc@c 0075  
             __pbssBANK0 0029               ??_LCD_Init 007B               ??_LCD_putc 0073  
             __pmaintext 0557                  _LCD_Out 071F               __stringtab 0003  
                __ptext1 04DE                  __ptext2 05DE                  __ptext3 0672  
                __ptext4 0502                  __ptext5 071F                _LCD_Write 0502  
   end_of_initialization 07FC                _LCD_putrs 04DE               ?_LCD_Write 0070  
             ?_LCD_putrs 0076               main@screen 0023               LCD_Write@c 0075  
    start_initialization 07D9               LCD_putrs@a 0076               LCD_putrs@i 0077  
            __pdataBANK0 002E                 ?_LCD_Out 0070                ___latbits 0002  
          __pcstackBANK0 0020                 LCD_Out@c 0072              ??_LCD_Write 0073  
            ??_LCD_putrs 0077                __pstrings 0003                 _LCD_Init 0672  
               _LCD_putc 05DE                main@F1767 002E              __stringbase 0008  
     __end_of__stringtab 0009                stringcode 0003                 stringdir 0003  
               stringtab 0003  
