Microchip MPLAB XC8 Compiler V3.10

Linker command line:

-W-3 \
  --edf=C:/Users/juang/.mchp_packs/Microchip/PIC16Fxxx_DFP/1.8.167/xc8\pic\dat\20260422061002_en.msgs \
  -cn -h+dist/default/production\Practica11.X.production.sym \
  --cmf=dist/default/production\Practica11.X.production.cmf -z -Q16F887 \
  -oC:\Users\juang\AppData\Local\Temp\xcAsmxg.0\driver_tmp_3.o \
  --defsym=__MPLAB_BUILD=1 --fixupoverflow=error \
  -Mdist/default/production/Practica11.X.production.map \
  --md=C:\Users\juang\AppData\Local\Temp\xcAsmxg.0\driver_tmp_0.dat -E1 \
  -ver=XC8 Compiler -ACODE=00h-07FFhx4 -ASTRCODE=00h-01FFFh \
  -ASTRING=00h-0FFhx32 -ACONST=00h-0FFhx32 -AENTRY=00h-0FFhx32 \
  -ACOMMON=070h-07Fh -ABANK0=020h-06Fh -ABANK1=0A0h-0EFh \
  -ABANK2=0110h-016Fh -ABANK3=0190h-01EFh \
  -ARAM=020h-06Fh,0A0h-0EFh,0110h-016Fh,0190h-01EFh \
  -AABS1=020h-07Fh,0A0h-0EFh,0110h-016Fh,0190h-01EFh -ASFR0=00h-01Fh \
  -ASFR1=080h-09Fh -ASFR2=0100h-010Fh -ASFR3=0180h-018Fh \
  -ACONFIG=02007h-02008h -DCONFIG=2 -AIDLOC=02000h-02003h -DIDLOC=2 \
  -AEEDATA=00h-0FFh/02100h -peeprom_data=EEDATA -DEEDATA=2 -DCODE=2 \
  -DSTRCODE=2 -DSTRING=2 -DCONST=2 -DENTRY=2 \
  -preset_vec=00h,intentry=04h,sivt,init,end_init -ppowerup=CODE \
  -pcinit=CODE -pfunctab=ENTRY -k \
  C:\Users\juang\AppData\Local\Temp\xcAsmxg.0\driver_tmp_12.o \
  dist/default/production\Practica11.X.production.o 

Object code version is 3.11

Machine type is 16F887



                Name                               Link     Load   Length Selector   Space Scale
C:\Users\juang\AppData\Local\Temp\xcAsmxg.0\driver_tmp_12.o
                end_init                              C        C        3        8       0
                reset_vec                             0        0        3        0       0
                config                             2007     2007        2        0       4
dist/default/production\Practica11.X.production.o
                cinit                                 F        F       16        8       0
                intentry                              4        4        8        8       0
                config                             2007     2007        2        0       4
                text7                                F0       F0       24        8       0
                text6                               15C      15C       13        8       0
                text5                               114      114       22        8       0
                text4                               149      149       13        8       0
                text3                                C7       C7       29        8       0
                text2                               136      136       13        8       0
                text1                                85       85       42        8       0
                maintext                             25       25       60        8       0
                cstackBANK0                          2D       2D        6       20       1
                cstackCOMMON                         70       70        9       70       1
                bssBANK0                             20       20        D       20       1
                bssCOMMON                            79       79        3       70       1

TOTAL           Name                               Link     Load   Length     Space
        CLASS   CODE           
                end_init                              C        C        3         0
                cinit                                 F        F       16         0
                intentry                              4        4        8         0
                reset_vec                             0        0        3         0
                text7                                F0       F0       24         0
                text6                               15C      15C       13         0
                text5                               114      114       22         0
                text4                               149      149       13         0
                text3                                C7       C7       29         0
                text2                               136      136       13         0
                text1                                85       85       42         0
                maintext                             25       25       60         0

        CLASS   STRCODE        

        CLASS   STRING         

        CLASS   CONST          

        CLASS   ENTRY          

        CLASS   COMMON         
                cstackCOMMON                         70       70        9         1
                bssCOMMON                            79       79        3         1

        CLASS   BANK0          
                cstackBANK0                          2D       2D        6         1
                bssBANK0                             20       20        D         1

        CLASS   BANK1          

        CLASS   BANK2          

        CLASS   BANK3          

        CLASS   RAM            

        CLASS   ABS1           
                abs_s1                               7E       7E        2         1

        CLASS   SFR0           

        CLASS   SFR1           

        CLASS   SFR2           

        CLASS   SFR3           

        CLASS   CONFIG         
                config                             2007     2007        2         4

        CLASS   IDLOC          

        CLASS   EEDATA         

        CLASS   HEAP           

        CLASS   STACK          



SEGMENTS        Name                           Load    Length   Top    Selector   Space  Class     Delta

                reset_vec                      000000  000003  000003         0       0  CODE        2
                intentry                       000004  00016B  00016F         8       0  CODE        2
                bssBANK0                       000020  000013  000033        20       1  BANK0       1
                cstackCOMMON                   000070  00000C  00007C        70       1  COMMON      1


UNUSED ADDRESS RANGES

        Name                Unused          Largest block    Delta
        BANK0            0033-006F             3D           1
        BANK1            00A0-00EF             50           1
        BANK2            0110-016F             60           1
        BANK3            0190-01EF             60           1
        CODE             0003-0003              1           2
                         016F-1FFF            800
        COMMON           007C-007D              2           1
        CONST            0003-0003              1           2
                         016F-1FFF            100
        EEDATA           2100-21FF            100           2
        ENTRY            0003-0003              1           2
                         016F-1FFF            100
        IDLOC            2000-2003              4           2
        RAM              0033-006F             3D           1
                         00A0-00EF             50
                         0110-016F             60
                         0190-01EF             60
        SFR0             0000-001F             20           1
        SFR1             0080-009F             20           1
        SFR2             0100-010F             10           1
        SFR3             0180-018F             10           1
        STRCODE          0003-0003              1           2
                         016F-1FFF           1E91
        STRING           0003-0003              1           2
                         016F-1FFF            100

                                  Symbol Table

?_ADC_Read                  cstackCOMMON 0072
?___lwdiv                   cstackCOMMON 0072
ADC_Read@canal              cstackCOMMON 0075
PWM1_SetDuty@duty           cstackCOMMON 0072
_ADCON0                     (abs)        001F
_ADCON1                     (abs)        009F
_ADC_Init                   text6        015C
_ADC_Read                   text5        0114
_ADRESH                     (abs)        001E
_ADRESL                     (abs)        009E
_ANSEL                      (abs)        0188
_ANSELH                     (abs)        0189
_CCP1CON                    (abs)        0017
_CCPR1L                     (abs)        0015
_GO_nDONE                   (abs)        00F9
_INTCONbits                 (abs)        000B
_ISR                        text7        00F0
_PIE1bits                   (abs)        008C
_PIR1bits                   (abs)        000C
_PORTDbits                  (abs)        0008
_PR2                        (abs)        0092
_PSTRCON                    (abs)        009D
_PWM1_Init                  text4        0149
_PWM1_SetDuty               text3        00C7
_T1CON                      (abs)        0010
_T2CON                      (abs)        0012
_TMR1H                      (abs)        000F
_TMR1L                      (abs)        000E
_TRISAbits                  (abs)        0085
_TRISCbits                  (abs)        0087
_TRISDbits                  (abs)        0088
_Timer1_PWM_SW_Init         text2        0136
__H__absolute__             __absolute__ 0000
__Habs1                     abs1         0000
__Hbank0                    bank0        0000
__Hbank1                    bank1        0000
__Hbank2                    bank2        0000
__Hbank3                    bank3        0000
__HbssBANK0                 bssBANK0     0000
__HbssCOMMON                bssCOMMON    0000
__Hcinit                    cinit        0025
__Hclrtext                  clrtext      0000
__Hcode                     code         0000
__Hcommon                   common       0000
__Hconfig                   config       2009
__HcstackBANK0              cstackBANK0  0000
__HcstackCOMMON             cstackCOMMON 0000
__Heeprom_data              eeprom_data  0000
__Hend_init                 end_init     000F
__Hfunctab                  functab      0000
__Hheap                     heap         0000
__Hinit                     init         000C
__Hintentry                 intentry     000C
__Hmaintext                 maintext     0000
__Hpowerup                  powerup      0000
__Hram                      ram          0000
__Hreset_vec                reset_vec    0003
__Hsfr0                     sfr0         0000
__Hsfr1                     sfr1         0000
__Hsfr2                     sfr2         0000
__Hsfr3                     sfr3         0000
__Hsivt                     sivt         000C
__Hspace_0                  (abs)        016F
__Hspace_1                  (abs)        007C
__Hspace_2                  (abs)        0000
__Hspace_3                  (abs)        0000
__Hspace_4                  (abs)        4010
__Hstack                    stack        0000
__Hstrings                  strings      0000
__Htext                     text         0000
__L__absolute__             __absolute__ 0000
__Labs1                     abs1         0000
__Lbank0                    bank0        0000
__Lbank1                    bank1        0000
__Lbank2                    bank2        0000
__Lbank3                    bank3        0000
__LbssBANK0                 bssBANK0     0000
__LbssCOMMON                bssCOMMON    0000
__Lcinit                    cinit        000F
__Lclrtext                  clrtext      0000
__Lcode                     code         0000
__Lcommon                   common       0000
__Lconfig                   config       0000
__LcstackBANK0              cstackBANK0  0000
__LcstackCOMMON             cstackCOMMON 0000
__Leeprom_data              eeprom_data  0000
__Lend_init                 end_init     000C
__Lfunctab                  functab      0000
__Lheap                     heap         0000
__Linit                     init         000C
__Lintentry                 intentry     0004
__Lmaintext                 maintext     0000
__Lpowerup                  powerup      0000
__Lram                      ram          0000
__Lreset_vec                reset_vec    0000
__Lsfr0                     sfr0         0000
__Lsfr1                     sfr1         0000
__Lsfr2                     sfr2         0000
__Lsfr3                     sfr3         0000
__Lsivt                     sivt         000C
__Lspace_0                  (abs)        0000
__Lspace_1                  (abs)        0000
__Lspace_2                  (abs)        0000
__Lspace_3                  (abs)        0000
__Lspace_4                  (abs)        0000
__Lstack                    stack        0000
__Lstrings                  strings      0000
__Ltext                     text         0000
__S0                        (abs)        016F
__S1                        (abs)        007C
__S3                        (abs)        0000
___heap_hi                  (abs)        0000
___heap_lo                  (abs)        0000
___int_sp                   stack        0000
___int_stack_hi             stack        0000
___int_stack_lo             stack        0000
___latbits                  (abs)        0002
___lwdiv                    text1        0085
___lwdiv@counter            cstackCOMMON 0078
___lwdiv@dividend           cstackCOMMON 0074
___lwdiv@divisor            cstackCOMMON 0072
___lwdiv@quotient           cstackCOMMON 0076
___sp                       stack        0000
___stack_hi                 stack        0000
___stack_lo                 stack        0000
___stackhi                  (abs)        0000
___stacklo                  (abs)        0000
__end_of_ADC_Init           text6        016F
__end_of_ADC_Read           text5        0136
__end_of_ISR                text7        0114
__end_of_PWM1_Init          text4        015C
__end_of_PWM1_SetDuty       text3        00F0
__end_of_Timer1_PWM_SW_Init text2        0149
__end_of___lwdiv            text1        00C7
__end_of__initialization    cinit        0021
__end_of_main               maintext     0085
__initialization            cinit        000F
__pbssBANK0                 bssBANK0     0020
__pbssCOMMON                bssCOMMON    0079
__pcstackBANK0              cstackBANK0  002D
__pcstackCOMMON             cstackCOMMON 0070
__pintentry                 intentry     0004
__pmaintext                 maintext     0025
__ptext1                    text1        0085
__ptext2                    text2        0136
__ptext3                    text3        00C7
__ptext4                    text4        0149
__ptext5                    text5        0114
__ptext6                    text6        015C
__ptext7                    text7        00F0
_contador                   bssBANK0     002A
_duty_led2                  bssBANK0     002C
_main                       maintext     0025
_pwm_sw_counter             bssCOMMON    007B
_tiempo                     bssCOMMON    0079
btemp                       (abs)        007E
btemp0                      (abs)        007E
btemp1                      (abs)        007F
end_of_initialization       cinit        0021
interrupt_function          intentry     0004
intlevel0                   functab      0000
intlevel1                   functab      0000
intlevel2                   functab      0000
intlevel3                   functab      0000
intlevel4                   functab      0000
intlevel5                   functab      0000
ltemp0a                     (abs)        0080
main@adc_pot1               cstackBANK0  002F
main@adc_pot2               cstackBANK0  0031
reset_vec                   reset_vec    0000
saved_w                     (abs)        007E
start                       init         000C
start_initialization        cinit        000F
ttemp0a                     (abs)        007F
wtemp0                      (abs)        007E
wtemp0a                     (abs)        007F


MODULE INFORMATION

Module		Function		Class		Link	Load	Size
C:\Program Files\Microchip\xc8\v3.10\pic\sources\c99\common\lwdiv.c
		___lwdiv       		CODE           	0085	0000	66

C:\Program Files\Microchip\xc8\v3.10\pic\sources\c99\common\lwdiv.c estimated size: 66

shared
		__initialization		CODE           	000F	0000	18

shared estimated size: 18

main.c
		_Timer1_PWM_SW_Init		CODE           	0136	0000	19
		_ISR           		CODE           	00F0	0000	36
		_main          		CODE           	0025	0000	96
		_PWM1_Init     		CODE           	0149	0000	19
		_PWM1_SetDuty  		CODE           	00C7	0000	41
		_ADC_Read      		CODE           	0114	0000	34
		_ADC_Init      		CODE           	015C	0000	19

main.c estimated size: 264

