

Microchip MPLAB XC8 Assembler V3.10 build 20250813170317 
                                                                                               Wed Jun 24 15:22:30 2026

Microchip MPLAB XC8 C Compiler v3.10 (Free license) build 20250813170317 Og1 
     1                           	processor	16F887
     2                           	pagewidth 120
     3                           	opt	flic
     4                           	psect	cinit,global,class=CODE,space=0,merge=1,delta=2
     5                           	psect	bssCOMMON,global,class=COMMON,space=1,delta=1,noexec
     6                           	psect	cstackCOMMON,global,class=COMMON,space=1,delta=1,noexec
     7                           	psect	maintext,global,class=CODE,space=0,split=1,delta=2
     8                           	psect	text1,local,class=CODE,space=0,merge=1,delta=2
     9                           	psect	text2,local,class=CODE,space=0,merge=1,delta=2
    10                           	psect	text3,local,class=CODE,space=0,merge=1,delta=2
    11                           	psect	text4,local,class=CODE,space=0,merge=1,delta=2
    12                           	psect	text5,local,class=CODE,space=0,merge=1,delta=2
    13                           	psect	config,global,abs,ovrld,class=CONFIG,space=4,delta=2,noexec
    14                           	dabs	1,0x7E,2
    15     0000                     
    16                           ; Generated 22/04/2026 GMT
    17                           ; 
    18                           ; Copyright (c) 2026 Microchip Technology Inc. and its subsidiaries.
    19                           ; 
    20                           ; Licensed under the Apache License, Version 2.0 (the "License");
    21                           ; you may not use this file except in compliance with the License.
    22                           ; You may obtain a copy of the License at
    23                           ; 
    24                           ;   http://www.apache.org/licenses/LICENSE-2.0
    25                           ; 
    26                           ; Unless required by applicable law or agreed to in writing, software
    27                           ; distributed under the License is distributed on an "AS IS" BASIS,
    28                           ; WITHOUT WARRANTIES OR CONDITIONS OF ANY KIND, either express or implied.
    29                           ; See the License for the specific language governing permissions and
    30                           ; limitations under the License.
    31                           ; 
    32                           ; 
    33                           ; Code-generator required, PIC16F887 Definitions
    34                           ; 
    35                           ; SFR Addresses
    36     0004                     fsr             equ	4
    37     0004                     fsr0            equ	4
    38     0000                     indf            equ	0
    39     0000                     indf0           equ	0
    40     0002                     pc              equ	2
    41     0002                     pcl             equ	2
    42     000A                     pclath          equ	10
    43     0003                     status          equ	3
    44     0000                     INDF            equ	0	;# 
    45     0001                     TMR0            equ	1	;# 
    46     0002                     PCL             equ	2	;# 
    47     0003                     STATUS          equ	3	;# 
    48     0004                     FSR             equ	4	;# 
    49     0005                     PORTA           equ	5	;# 
    50     0006                     PORTB           equ	6	;# 
    51     0007                     PORTC           equ	7	;# 
    52     0008                     PORTD           equ	8	;# 
    53     0009                     PORTE           equ	9	;# 
    54     000A                     PCLATH          equ	10	;# 
    55     000B                     INTCON          equ	11	;# 
    56     000C                     PIR1            equ	12	;# 
    57     000D                     PIR2            equ	13	;# 
    58     000E                     TMR1            equ	14	;# 
    59     000E                     TMR1L           equ	14	;# 
    60     000F                     TMR1H           equ	15	;# 
    61     0010                     T1CON           equ	16	;# 
    62     0011                     TMR2            equ	17	;# 
    63     0012                     T2CON           equ	18	;# 
    64     0013                     SSPBUF          equ	19	;# 
    65     0014                     SSPCON          equ	20	;# 
    66     0015                     CCPR1           equ	21	;# 
    67     0015                     CCPR1L          equ	21	;# 
    68     0016                     CCPR1H          equ	22	;# 
    69     0017                     CCP1CON         equ	23	;# 
    70     0018                     RCSTA           equ	24	;# 
    71     0019                     TXREG           equ	25	;# 
    72     001A                     RCREG           equ	26	;# 
    73     001B                     CCPR2           equ	27	;# 
    74     001B                     CCPR2L          equ	27	;# 
    75     001C                     CCPR2H          equ	28	;# 
    76     001D                     CCP2CON         equ	29	;# 
    77     001E                     ADRESH          equ	30	;# 
    78     001F                     ADCON0          equ	31	;# 
    79     0081                     OPTION_REG      equ	129	;# 
    80     0085                     TRISA           equ	133	;# 
    81     0086                     TRISB           equ	134	;# 
    82     0087                     TRISC           equ	135	;# 
    83     0088                     TRISD           equ	136	;# 
    84     0089                     TRISE           equ	137	;# 
    85     008C                     PIE1            equ	140	;# 
    86     008D                     PIE2            equ	141	;# 
    87     008E                     PCON            equ	142	;# 
    88     008F                     OSCCON          equ	143	;# 
    89     0090                     OSCTUNE         equ	144	;# 
    90     0091                     SSPCON2         equ	145	;# 
    91     0092                     PR2             equ	146	;# 
    92     0093                     SSPADD          equ	147	;# 
    93     0093                     SSPMSK          equ	147	;# 
    94     0093                     MSK             equ	147	;# 
    95     0094                     SSPSTAT         equ	148	;# 
    96     0095                     WPUB            equ	149	;# 
    97     0096                     IOCB            equ	150	;# 
    98     0097                     VRCON           equ	151	;# 
    99     0098                     TXSTA           equ	152	;# 
   100     0099                     SPBRG           equ	153	;# 
   101     009A                     SPBRGH          equ	154	;# 
   102     009B                     PWM1CON         equ	155	;# 
   103     009C                     ECCPAS          equ	156	;# 
   104     009D                     PSTRCON         equ	157	;# 
   105     009E                     ADRESL          equ	158	;# 
   106     009F                     ADCON1          equ	159	;# 
   107     0105                     WDTCON          equ	261	;# 
   108     0107                     CM1CON0         equ	263	;# 
   109     0108                     CM2CON0         equ	264	;# 
   110     0109                     CM2CON1         equ	265	;# 
   111     010C                     EEDATA          equ	268	;# 
   112     010C                     EEDAT           equ	268	;# 
   113     010D                     EEADR           equ	269	;# 
   114     010E                     EEDATH          equ	270	;# 
   115     010F                     EEADRH          equ	271	;# 
   116     0185                     SRCON           equ	389	;# 
   117     0187                     BAUDCTL         equ	391	;# 
   118     0188                     ANSEL           equ	392	;# 
   119     0189                     ANSELH          equ	393	;# 
   120     018C                     EECON1          equ	396	;# 
   121     018D                     EECON2          equ	397	;# 
   122     0000                     INDF            equ	0	;# 
   123     0001                     TMR0            equ	1	;# 
   124     0002                     PCL             equ	2	;# 
   125     0003                     STATUS          equ	3	;# 
   126     0004                     FSR             equ	4	;# 
   127     0005                     PORTA           equ	5	;# 
   128     0006                     PORTB           equ	6	;# 
   129     0007                     PORTC           equ	7	;# 
   130     0008                     PORTD           equ	8	;# 
   131     0009                     PORTE           equ	9	;# 
   132     000A                     PCLATH          equ	10	;# 
   133     000B                     INTCON          equ	11	;# 
   134     000C                     PIR1            equ	12	;# 
   135     000D                     PIR2            equ	13	;# 
   136     000E                     TMR1            equ	14	;# 
   137     000E                     TMR1L           equ	14	;# 
   138     000F                     TMR1H           equ	15	;# 
   139     0010                     T1CON           equ	16	;# 
   140     0011                     TMR2            equ	17	;# 
   141     0012                     T2CON           equ	18	;# 
   142     0013                     SSPBUF          equ	19	;# 
   143     0014                     SSPCON          equ	20	;# 
   144     0015                     CCPR1           equ	21	;# 
   145     0015                     CCPR1L          equ	21	;# 
   146     0016                     CCPR1H          equ	22	;# 
   147     0017                     CCP1CON         equ	23	;# 
   148     0018                     RCSTA           equ	24	;# 
   149     0019                     TXREG           equ	25	;# 
   150     001A                     RCREG           equ	26	;# 
   151     001B                     CCPR2           equ	27	;# 
   152     001B                     CCPR2L          equ	27	;# 
   153     001C                     CCPR2H          equ	28	;# 
   154     001D                     CCP2CON         equ	29	;# 
   155     001E                     ADRESH          equ	30	;# 
   156     001F                     ADCON0          equ	31	;# 
   157     0081                     OPTION_REG      equ	129	;# 
   158     0085                     TRISA           equ	133	;# 
   159     0086                     TRISB           equ	134	;# 
   160     0087                     TRISC           equ	135	;# 
   161     0088                     TRISD           equ	136	;# 
   162     0089                     TRISE           equ	137	;# 
   163     008C                     PIE1            equ	140	;# 
   164     008D                     PIE2            equ	141	;# 
   165     008E                     PCON            equ	142	;# 
   166     008F                     OSCCON          equ	143	;# 
   167     0090                     OSCTUNE         equ	144	;# 
   168     0091                     SSPCON2         equ	145	;# 
   169     0092                     PR2             equ	146	;# 
   170     0093                     SSPADD          equ	147	;# 
   171     0093                     SSPMSK          equ	147	;# 
   172     0093                     MSK             equ	147	;# 
   173     0094                     SSPSTAT         equ	148	;# 
   174     0095                     WPUB            equ	149	;# 
   175     0096                     IOCB            equ	150	;# 
   176     0097                     VRCON           equ	151	;# 
   177     0098                     TXSTA           equ	152	;# 
   178     0099                     SPBRG           equ	153	;# 
   179     009A                     SPBRGH          equ	154	;# 
   180     009B                     PWM1CON         equ	155	;# 
   181     009C                     ECCPAS          equ	156	;# 
   182     009D                     PSTRCON         equ	157	;# 
   183     009E                     ADRESL          equ	158	;# 
   184     009F                     ADCON1          equ	159	;# 
   185     0105                     WDTCON          equ	261	;# 
   186     0107                     CM1CON0         equ	263	;# 
   187     0108                     CM2CON0         equ	264	;# 
   188     0109                     CM2CON1         equ	265	;# 
   189     010C                     EEDATA          equ	268	;# 
   190     010C                     EEDAT           equ	268	;# 
   191     010D                     EEADR           equ	269	;# 
   192     010E                     EEDATH          equ	270	;# 
   193     010F                     EEADRH          equ	271	;# 
   194     0185                     SRCON           equ	389	;# 
   195     0187                     BAUDCTL         equ	391	;# 
   196     0188                     ANSEL           equ	392	;# 
   197     0189                     ANSELH          equ	393	;# 
   198     018C                     EECON1          equ	396	;# 
   199     018D                     EECON2          equ	397	;# 
   200     0000                     INDF            equ	0	;# 
   201     0001                     TMR0            equ	1	;# 
   202     0002                     PCL             equ	2	;# 
   203     0003                     STATUS          equ	3	;# 
   204     0004                     FSR             equ	4	;# 
   205     0005                     PORTA           equ	5	;# 
   206     0006                     PORTB           equ	6	;# 
   207     0007                     PORTC           equ	7	;# 
   208     0008                     PORTD           equ	8	;# 
   209     0009                     PORTE           equ	9	;# 
   210     000A                     PCLATH          equ	10	;# 
   211     000B                     INTCON          equ	11	;# 
   212     000C                     PIR1            equ	12	;# 
   213     000D                     PIR2            equ	13	;# 
   214     000E                     TMR1            equ	14	;# 
   215     000E                     TMR1L           equ	14	;# 
   216     000F                     TMR1H           equ	15	;# 
   217     0010                     T1CON           equ	16	;# 
   218     0011                     TMR2            equ	17	;# 
   219     0012                     T2CON           equ	18	;# 
   220     0013                     SSPBUF          equ	19	;# 
   221     0014                     SSPCON          equ	20	;# 
   222     0015                     CCPR1           equ	21	;# 
   223     0015                     CCPR1L          equ	21	;# 
   224     0016                     CCPR1H          equ	22	;# 
   225     0017                     CCP1CON         equ	23	;# 
   226     0018                     RCSTA           equ	24	;# 
   227     0019                     TXREG           equ	25	;# 
   228     001A                     RCREG           equ	26	;# 
   229     001B                     CCPR2           equ	27	;# 
   230     001B                     CCPR2L          equ	27	;# 
   231     001C                     CCPR2H          equ	28	;# 
   232     001D                     CCP2CON         equ	29	;# 
   233     001E                     ADRESH          equ	30	;# 
   234     001F                     ADCON0          equ	31	;# 
   235     0081                     OPTION_REG      equ	129	;# 
   236     0085                     TRISA           equ	133	;# 
   237     0086                     TRISB           equ	134	;# 
   238     0087                     TRISC           equ	135	;# 
   239     0088                     TRISD           equ	136	;# 
   240     0089                     TRISE           equ	137	;# 
   241     008C                     PIE1            equ	140	;# 
   242     008D                     PIE2            equ	141	;# 
   243     008E                     PCON            equ	142	;# 
   244     008F                     OSCCON          equ	143	;# 
   245     0090                     OSCTUNE         equ	144	;# 
   246     0091                     SSPCON2         equ	145	;# 
   247     0092                     PR2             equ	146	;# 
   248     0093                     SSPADD          equ	147	;# 
   249     0093                     SSPMSK          equ	147	;# 
   250     0093                     MSK             equ	147	;# 
   251     0094                     SSPSTAT         equ	148	;# 
   252     0095                     WPUB            equ	149	;# 
   253     0096                     IOCB            equ	150	;# 
   254     0097                     VRCON           equ	151	;# 
   255     0098                     TXSTA           equ	152	;# 
   256     0099                     SPBRG           equ	153	;# 
   257     009A                     SPBRGH          equ	154	;# 
   258     009B                     PWM1CON         equ	155	;# 
   259     009C                     ECCPAS          equ	156	;# 
   260     009D                     PSTRCON         equ	157	;# 
   261     009E                     ADRESL          equ	158	;# 
   262     009F                     ADCON1          equ	159	;# 
   263     0105                     WDTCON          equ	261	;# 
   264     0107                     CM1CON0         equ	263	;# 
   265     0108                     CM2CON0         equ	264	;# 
   266     0109                     CM2CON1         equ	265	;# 
   267     010C                     EEDATA          equ	268	;# 
   268     010C                     EEDAT           equ	268	;# 
   269     010D                     EEADR           equ	269	;# 
   270     010E                     EEDATH          equ	270	;# 
   271     010F                     EEADRH          equ	271	;# 
   272     0185                     SRCON           equ	389	;# 
   273     0187                     BAUDCTL         equ	391	;# 
   274     0188                     ANSEL           equ	392	;# 
   275     0189                     ANSELH          equ	393	;# 
   276     018C                     EECON1          equ	396	;# 
   277     018D                     EECON2          equ	397	;# 
   278     0000                     INDF            equ	0	;# 
   279     0001                     TMR0            equ	1	;# 
   280     0002                     PCL             equ	2	;# 
   281     0003                     STATUS          equ	3	;# 
   282     0004                     FSR             equ	4	;# 
   283     0005                     PORTA           equ	5	;# 
   284     0006                     PORTB           equ	6	;# 
   285     0007                     PORTC           equ	7	;# 
   286     0008                     PORTD           equ	8	;# 
   287     0009                     PORTE           equ	9	;# 
   288     000A                     PCLATH          equ	10	;# 
   289     000B                     INTCON          equ	11	;# 
   290     000C                     PIR1            equ	12	;# 
   291     000D                     PIR2            equ	13	;# 
   292     000E                     TMR1            equ	14	;# 
   293     000E                     TMR1L           equ	14	;# 
   294     000F                     TMR1H           equ	15	;# 
   295     0010                     T1CON           equ	16	;# 
   296     0011                     TMR2            equ	17	;# 
   297     0012                     T2CON           equ	18	;# 
   298     0013                     SSPBUF          equ	19	;# 
   299     0014                     SSPCON          equ	20	;# 
   300     0015                     CCPR1           equ	21	;# 
   301     0015                     CCPR1L          equ	21	;# 
   302     0016                     CCPR1H          equ	22	;# 
   303     0017                     CCP1CON         equ	23	;# 
   304     0018                     RCSTA           equ	24	;# 
   305     0019                     TXREG           equ	25	;# 
   306     001A                     RCREG           equ	26	;# 
   307     001B                     CCPR2           equ	27	;# 
   308     001B                     CCPR2L          equ	27	;# 
   309     001C                     CCPR2H          equ	28	;# 
   310     001D                     CCP2CON         equ	29	;# 
   311     001E                     ADRESH          equ	30	;# 
   312     001F                     ADCON0          equ	31	;# 
   313     0081                     OPTION_REG      equ	129	;# 
   314     0085                     TRISA           equ	133	;# 
   315     0086                     TRISB           equ	134	;# 
   316     0087                     TRISC           equ	135	;# 
   317     0088                     TRISD           equ	136	;# 
   318     0089                     TRISE           equ	137	;# 
   319     008C                     PIE1            equ	140	;# 
   320     008D                     PIE2            equ	141	;# 
   321     008E                     PCON            equ	142	;# 
   322     008F                     OSCCON          equ	143	;# 
   323     0090                     OSCTUNE         equ	144	;# 
   324     0091                     SSPCON2         equ	145	;# 
   325     0092                     PR2             equ	146	;# 
   326     0093                     SSPADD          equ	147	;# 
   327     0093                     SSPMSK          equ	147	;# 
   328     0093                     MSK             equ	147	;# 
   329     0094                     SSPSTAT         equ	148	;# 
   330     0095                     WPUB            equ	149	;# 
   331     0096                     IOCB            equ	150	;# 
   332     0097                     VRCON           equ	151	;# 
   333     0098                     TXSTA           equ	152	;# 
   334     0099                     SPBRG           equ	153	;# 
   335     009A                     SPBRGH          equ	154	;# 
   336     009B                     PWM1CON         equ	155	;# 
   337     009C                     ECCPAS          equ	156	;# 
   338     009D                     PSTRCON         equ	157	;# 
   339     009E                     ADRESL          equ	158	;# 
   340     009F                     ADCON1          equ	159	;# 
   341     0105                     WDTCON          equ	261	;# 
   342     0107                     CM1CON0         equ	263	;# 
   343     0108                     CM2CON0         equ	264	;# 
   344     0109                     CM2CON1         equ	265	;# 
   345     010C                     EEDATA          equ	268	;# 
   346     010C                     EEDAT           equ	268	;# 
   347     010D                     EEADR           equ	269	;# 
   348     010E                     EEDATH          equ	270	;# 
   349     010F                     EEADRH          equ	271	;# 
   350     0185                     SRCON           equ	389	;# 
   351     0187                     BAUDCTL         equ	391	;# 
   352     0188                     ANSEL           equ	392	;# 
   353     0189                     ANSELH          equ	393	;# 
   354     018C                     EECON1          equ	396	;# 
   355     018D                     EECON2          equ	397	;# 
   356     001A                     _RCREG          set	26
   357     0019                     _TXREG          set	25
   358     000C                     _PIR1bits       set	12
   359     0018                     _RCSTAbits      set	24
   360     0018                     _RCSTA          set	24
   361     0007                     _PORTC          set	7
   362     0006                     _PORTB          set	6
   363     0005                     _PORTA          set	5
   364     0008                     _PORTDbits      set	8
   365     008C                     _PIE1bits       set	140
   366     0098                     _TXSTAbits      set	152
   367     0099                     _SPBRG          set	153
   368     009A                     _SPBRGH         set	154
   369     0098                     _TXSTA          set	152
   370     0087                     _TRISCbits      set	135
   371     0087                     _TRISC          set	135
   372     0086                     _TRISB          set	134
   373     0085                     _TRISA          set	133
   374     0088                     _TRISDbits      set	136
   375     0187                     _BAUDCTLbits    set	391
   376     0187                     _BAUDCTL        set	391
   377     0189                     _ANSELH         set	393
   378     0188                     _ANSEL          set	392
   379                           
   380                           	psect	cinit
   381     07F8                     start_initialization:	
   382                           ; #config settings
   383                           
   384     07F8                     __initialization:
   385                           
   386                           ; Clear objects allocated to COMMON
   387     07F8  01F0               	clrf	__pbssCOMMON& (0+127)
   388     07F9  01F1               	clrf	(__pbssCOMMON+1)& (0+127)
   389     07FA  01F2               	clrf	(__pbssCOMMON+2)& (0+127)
   390     07FB  01F3               	clrf	(__pbssCOMMON+3)& (0+127)
   391     07FC                     end_of_initialization:	
   392                           ;End of C runtime variable initialization code
   393                           
   394     07FC                     __end_of__initialization:
   395     07FC  0183               	clrf	3
   396     07FD  120A  118A  2FCB   	ljmp	_main	;jump to C main() function
   397                           
   398                           	psect	bssCOMMON
   399     0070                     __pbssCOMMON:
   400     0070                     _lcd:
   401     0070                     	ds	4
   402                           
   403                           	psect	cstackCOMMON
   404     0074                     __pcstackCOMMON:
   405     0074                     ?_EUSART_Init:
   406     0074                     ?_EUSART_ReadByte:	
   407                           ; 1 bytes @ 0x0
   408                           
   409     0074                     ?_EUSART_FlushRx:	
   410                           ; 1 bytes @ 0x0
   411                           
   412     0074                     ?_EUSART_HandleErrors:	
   413                           ; 1 bytes @ 0x0
   414                           
   415     0074                     ?_GPIO_Init:	
   416                           ; 1 bytes @ 0x0
   417                           
   418     0074                     ?_main:	
   419                           ; 1 bytes @ 0x0
   420                           
   421     0074                     EUSART_ReadByte@data:	
   422                           ; 1 bytes @ 0x0
   423                           
   424     0074                     EUSART_FlushRx@dummy:	
   425                           ; 1 bytes @ 0x0
   426                           
   427     0074                     ??_EUSART_FlushRx:	
   428                           ; 1 bytes @ 0x0
   429                           
   430     0074                     ??_EUSART_HandleErrors:	
   431                           ; 1 bytes @ 0x0
   432                           
   433     0074                     ??_GPIO_Init:	
   434                           ; 1 bytes @ 0x0
   435                           
   436                           
   437                           ; 1 bytes @ 0x0
   438     0074                     	ds	1
   439     0075                     EUSART_ReadByte@dummy:
   440     0075                     ??_EUSART_Init:	
   441                           ; 1 bytes @ 0x1
   442                           
   443     0075                     ??_EUSART_ReadByte:	
   444                           ; 1 bytes @ 0x1
   445                           
   446                           
   447                           ; 1 bytes @ 0x1
   448     0075                     	ds	1
   449     0076                     main@receivedData:
   450     0076                     ??_main:	
   451                           ; 1 bytes @ 0x2
   452                           
   453                           
   454                           ; 1 bytes @ 0x2
   455     0076                     	ds	1
   456                           
   457                           	psect	maintext
   458     07CB                     __pmaintext:	
   459 ;;
   460 ;;Main: autosize = 0, tempsize = 0, incstack = 0, save=0
   461 ;;
   462 ;; *************** function _main *****************
   463 ;; Defined at:
   464 ;;		line 114 in file "main.c"
   465 ;; Parameters:    Size  Location     Type
   466 ;;		None
   467 ;; Auto vars:     Size  Location     Type
   468 ;;  receivedData    1    2[COMMON] unsigned char 
   469 ;; Return value:  Size  Location     Type
   470 ;;                  1    wreg      void 
   471 ;; Registers used:
   472 ;;		wreg, fsr0l, fsr0h, status,2, status,0, pclath, cstack
   473 ;; Tracked objects:
   474 ;;		On entry : B00/0
   475 ;;		On exit  : 0/0
   476 ;;		Unchanged: 0/0
   477 ;; Data sizes:     COMMON   BANK0   BANK1   BANK3   BANK2
   478 ;;      Params:         0       0       0       0       0
   479 ;;      Locals:         1       0       0       0       0
   480 ;;      Temps:          0       0       0       0       0
   481 ;;      Totals:         1       0       0       0       0
   482 ;;Total ram usage:        1 bytes
   483 ;; Hardware stack levels required when called: 2
   484 ;; This function calls:
   485 ;;		_EUSART_Init
   486 ;;		_EUSART_ReadByte
   487 ;;		_GPIO_Init
   488 ;; This function is called by:
   489 ;;		Startup code after reset
   490 ;; This function uses a non-reentrant model
   491 ;;
   492                           
   493     07CB                     _main:	
   494                           ;psect for function _main
   495                           
   496     07CB                     l986:	
   497                           ;incstack = 0
   498                           ; Regs used in _main: [wreg-fsr0h+status,2+status,0+pclath+cstack]
   499                           
   500                           
   501                           ;main.c: 116:     uint8_t receivedData;;main.c: 118:     GPIO_Init();
   502     07CB  120A  118A  2771  120A  118A  	fcall	_GPIO_Init
   503     07D0                     l988:
   504                           
   505                           ;main.c: 119:     EUSART_Init();
   506     07D0  120A  118A  27A5  120A  118A  	fcall	_EUSART_Init
   507     07D5                     l990:
   508                           
   509                           ;main.c: 122:     {;main.c: 123:         if (EUSART_ReadByte(&receivedData))
   510     07D5  3076               	movlw	(low (main@receivedData| 0))& (0+255)
   511     07D6  00F4               	movwf	EUSART_ReadByte@data
   512     07D7  120A  118A  2788  120A  118A  	fcall	_EUSART_ReadByte
   513     07DC  3A00               	xorlw	0
   514     07DD  1903               	skipnz
   515     07DE  2FE0               	goto	u511
   516     07DF  2FE1               	goto	u510
   517     07E0                     u511:
   518     07E0  2FD5               	goto	l990
   519     07E1                     u510:
   520     07E1                     l992:
   521                           
   522                           ;main.c: 124:         {;main.c: 125:             if (receivedData == '1')
   523     07E1  3031               	movlw	49
   524     07E2  0676               	xorwf	main@receivedData,w
   525     07E3  1D03               	btfss	3,2
   526     07E4  2FE6               	goto	u521
   527     07E5  2FE7               	goto	u520
   528     07E6                     u521:
   529     07E6  2FEB               	goto	l996
   530     07E7                     u520:
   531     07E7                     l994:
   532                           
   533                           ;main.c: 126:             {;main.c: 127:                 PORTDbits.RD0 = 1;
   534     07E7  1283               	bcf	3,5	;RP0=0, select bank0
   535     07E8  1303               	bcf	3,6	;RP1=0, select bank0
   536     07E9  1408               	bsf	8,0	;volatile
   537                           
   538                           ;main.c: 128:             }
   539     07EA  2FD5               	goto	l990
   540     07EB                     l996:
   541     07EB  3030               	movlw	48
   542     07EC  0676               	xorwf	main@receivedData,w
   543     07ED  1D03               	btfss	3,2
   544     07EE  2FF0               	goto	u531
   545     07EF  2FF1               	goto	u530
   546     07F0                     u531:
   547     07F0  2FD5               	goto	l990
   548     07F1                     u530:
   549     07F1                     l998:
   550                           
   551                           ;main.c: 130:             {;main.c: 131:                 PORTDbits.RD0 = 0;
   552     07F1  1283               	bcf	3,5	;RP0=0, select bank0
   553     07F2  1303               	bcf	3,6	;RP1=0, select bank0
   554     07F3  1008               	bcf	8,0	;volatile
   555     07F4  2FD5               	goto	l990
   556     07F5  120A  118A  2800   	ljmp	start
   557     07F8                     __end_of_main:
   558                           
   559                           	psect	text1
   560     0771                     __ptext1:	
   561 ;; *************** function _GPIO_Init *****************
   562 ;; Defined at:
   563 ;;		line 99 in file "main.c"
   564 ;; Parameters:    Size  Location     Type
   565 ;;		None
   566 ;; Auto vars:     Size  Location     Type
   567 ;;		None
   568 ;; Return value:  Size  Location     Type
   569 ;;                  1    wreg      void 
   570 ;; Registers used:
   571 ;;		status,2
   572 ;; Tracked objects:
   573 ;;		On entry : 0/0
   574 ;;		On exit  : 0/0
   575 ;;		Unchanged: 0/0
   576 ;; Data sizes:     COMMON   BANK0   BANK1   BANK3   BANK2
   577 ;;      Params:         0       0       0       0       0
   578 ;;      Locals:         0       0       0       0       0
   579 ;;      Temps:          0       0       0       0       0
   580 ;;      Totals:         0       0       0       0       0
   581 ;;Total ram usage:        0 bytes
   582 ;; Hardware stack levels used: 1
   583 ;; This function calls:
   584 ;;		Nothing
   585 ;; This function is called by:
   586 ;;		_main
   587 ;; This function uses a non-reentrant model
   588 ;;
   589                           
   590     0771                     _GPIO_Init:	
   591                           ;psect for function _GPIO_Init
   592                           
   593     0771                     l730:	
   594                           ;incstack = 0
   595                           ; Regs used in _GPIO_Init: [status,2]
   596                           
   597                           
   598                           ;main.c: 104:     ANSEL = 0x00;
   599     0771  1683               	bsf	3,5	;RP0=1, select bank3
   600     0772  1703               	bsf	3,6	;RP1=1, select bank3
   601     0773  0188               	clrf	8	;volatile
   602                           
   603                           ;main.c: 105:     ANSELH = 0x00;
   604     0774  0189               	clrf	9	;volatile
   605     0775                     l732:
   606                           
   607                           ;main.c: 110:     TRISDbits.TRISD0 = 0;
   608     0775  1683               	bsf	3,5	;RP0=1, select bank1
   609     0776  1303               	bcf	3,6	;RP1=0, select bank1
   610     0777  1008               	bcf	8,0	;volatile
   611     0778                     l734:
   612                           
   613                           ;main.c: 111:     PORTDbits.RD0 = 0;
   614     0778  1283               	bcf	3,5	;RP0=0, select bank0
   615     0779  1303               	bcf	3,6	;RP1=0, select bank0
   616     077A  1008               	bcf	8,0	;volatile
   617     077B                     l15:
   618     077B  0008               	return
   619     077C                     __end_of_GPIO_Init:
   620                           
   621                           	psect	text2
   622     0788                     __ptext2:	
   623 ;; *************** function _EUSART_ReadByte *****************
   624 ;; Defined at:
   625 ;;		line 94 in file "eusart.c"
   626 ;; Parameters:    Size  Location     Type
   627 ;;  data            1    0[COMMON] PTR unsigned char 
   628 ;;		 -> main@receivedData(1), 
   629 ;; Auto vars:     Size  Location     Type
   630 ;;  dummy           1    1[COMMON] volatile unsigned char 
   631 ;; Return value:  Size  Location     Type
   632 ;;                  1    wreg      _Bool 
   633 ;; Registers used:
   634 ;;		wreg, fsr0l, fsr0h, status,2, status,0, pclath, cstack
   635 ;; Tracked objects:
   636 ;;		On entry : 0/0
   637 ;;		On exit  : 0/0
   638 ;;		Unchanged: 0/0
   639 ;; Data sizes:     COMMON   BANK0   BANK1   BANK3   BANK2
   640 ;;      Params:         1       0       0       0       0
   641 ;;      Locals:         1       0       0       0       0
   642 ;;      Temps:          0       0       0       0       0
   643 ;;      Totals:         2       0       0       0       0
   644 ;;Total ram usage:        2 bytes
   645 ;; Hardware stack levels used: 1
   646 ;; Hardware stack levels required when called: 1
   647 ;; This function calls:
   648 ;;		_EUSART_HandleErrors
   649 ;; This function is called by:
   650 ;;		_main
   651 ;; This function uses a non-reentrant model
   652 ;;
   653                           
   654     0788                     _EUSART_ReadByte:	
   655                           ;psect for function _EUSART_ReadByte
   656                           
   657     0788                     l966:	
   658                           ;incstack = 0
   659                           ; Regs used in _EUSART_ReadByte: [wreg-fsr0h+status,2+status,0+pclath+cstack]
   660                           
   661                           
   662                           ;eusart.c: 94: _Bool EUSART_ReadByte(uint8_t *data);eusart.c: 95: {;eusart.c: 96:     if
      +                           (!PIR1bits.RCIF)
   663     0788  1283               	bcf	3,5	;RP0=0, select bank0
   664     0789  1303               	bcf	3,6	;RP1=0, select bank0
   665     078A  1A8C               	btfsc	12,5	;volatile
   666     078B  2F8D               	goto	u491
   667     078C  2F8E               	goto	u490
   668     078D                     u491:
   669     078D  2F90               	goto	l972
   670     078E                     u490:
   671     078E                     l968:
   672                           
   673                           ;eusart.c: 97:     {;eusart.c: 98:         return 0;
   674     078E  3000               	movlw	0
   675     078F  2FA4               	goto	l165
   676     0790                     l972:
   677                           
   678                           ;eusart.c: 101:     EUSART_HandleErrors();
   679     0790  120A  118A  277C  120A  118A  	fcall	_EUSART_HandleErrors
   680     0795                     l974:
   681                           
   682                           ;eusart.c: 103:     if (RCSTAbits.FERR)
   683     0795  1283               	bcf	3,5	;RP0=0, select bank0
   684     0796  1303               	bcf	3,6	;RP1=0, select bank0
   685     0797  1D18               	btfss	24,2	;volatile
   686     0798  2F9A               	goto	u501
   687     0799  2F9B               	goto	u500
   688     079A                     u501:
   689     079A  2F9F               	goto	l980
   690     079B                     u500:
   691     079B                     l976:
   692                           
   693                           ;eusart.c: 104:     {;eusart.c: 105:         volatile uint8_t dummy = RCREG;
   694     079B  081A               	movf	26,w	;volatile
   695     079C  00F5               	movwf	EUSART_ReadByte@dummy	;volatile
   696                           
   697                           ;eusart.c: 107:         return 0;
   698     079D  3000               	movlw	0
   699     079E  2FA4               	goto	l165
   700     079F                     l980:
   701                           
   702                           ;eusart.c: 110:     *data = RCREG;
   703     079F  0874               	movf	EUSART_ReadByte@data,w
   704     07A0  0084               	movwf	4
   705     07A1  081A               	movf	26,w	;volatile
   706     07A2  0080               	movwf	0
   707     07A3                     l982:
   708                           
   709                           ;eusart.c: 111:     return 1;
   710     07A3  3001               	movlw	1
   711     07A4                     l165:
   712     07A4  0008               	return
   713     07A5                     __end_of_EUSART_ReadByte:
   714                           
   715                           	psect	text3
   716     077C                     __ptext3:	
   717 ;; *************** function _EUSART_HandleErrors *****************
   718 ;; Defined at:
   719 ;;		line 114 in file "eusart.c"
   720 ;; Parameters:    Size  Location     Type
   721 ;;		None
   722 ;; Auto vars:     Size  Location     Type
   723 ;;		None
   724 ;; Return value:  Size  Location     Type
   725 ;;                  1    wreg      void 
   726 ;; Registers used:
   727 ;;		None
   728 ;; Tracked objects:
   729 ;;		On entry : 0/0
   730 ;;		On exit  : 0/0
   731 ;;		Unchanged: 0/0
   732 ;; Data sizes:     COMMON   BANK0   BANK1   BANK3   BANK2
   733 ;;      Params:         0       0       0       0       0
   734 ;;      Locals:         0       0       0       0       0
   735 ;;      Temps:          0       0       0       0       0
   736 ;;      Totals:         0       0       0       0       0
   737 ;;Total ram usage:        0 bytes
   738 ;; Hardware stack levels used: 1
   739 ;; This function calls:
   740 ;;		Nothing
   741 ;; This function is called by:
   742 ;;		_EUSART_ReadByte
   743 ;;		_EUSART_ReadByteBlocking
   744 ;; This function uses a non-reentrant model
   745 ;;
   746                           
   747     077C                     _EUSART_HandleErrors:	
   748                           ;psect for function _EUSART_HandleErrors
   749                           
   750     077C                     l726:	
   751                           ;incstack = 0
   752                           ; Regs used in _EUSART_HandleErrors: []
   753                           
   754                           
   755                           ;eusart.c: 120:     if (RCSTAbits.OERR)
   756     077C  1283               	bcf	3,5	;RP0=0, select bank0
   757     077D  1303               	bcf	3,6	;RP1=0, select bank0
   758     077E  1C98               	btfss	24,1	;volatile
   759     077F  2F81               	goto	u21
   760     0780  2F82               	goto	u20
   761     0781                     u21:
   762     0781  2F87               	goto	l170
   763     0782                     u20:
   764     0782                     l728:
   765                           
   766                           ;eusart.c: 121:     {;eusart.c: 122:         RCSTAbits.CREN = 0;
   767     0782  1218               	bcf	24,4	;volatile
   768                           
   769                           ;eusart.c: 123:         __nop();
   770     0783  0000               	nop
   771                           
   772                           ;eusart.c: 124:         RCSTAbits.CREN = 1;
   773     0784  1283               	bcf	3,5	;RP0=0, select bank0
   774     0785  1303               	bcf	3,6	;RP1=0, select bank0
   775     0786  1618               	bsf	24,4	;volatile
   776     0787                     l170:
   777     0787  0008               	return
   778     0788                     __end_of_EUSART_HandleErrors:
   779                           
   780                           	psect	text4
   781     07A5                     __ptext4:	
   782 ;; *************** function _EUSART_Init *****************
   783 ;; Defined at:
   784 ;;		line 3 in file "eusart.c"
   785 ;; Parameters:    Size  Location     Type
   786 ;;		None
   787 ;; Auto vars:     Size  Location     Type
   788 ;;		None
   789 ;; Return value:  Size  Location     Type
   790 ;;                  1    wreg      void 
   791 ;; Registers used:
   792 ;;		wreg, status,2, status,0, pclath, cstack
   793 ;; Tracked objects:
   794 ;;		On entry : 0/0
   795 ;;		On exit  : 0/0
   796 ;;		Unchanged: 0/0
   797 ;; Data sizes:     COMMON   BANK0   BANK1   BANK3   BANK2
   798 ;;      Params:         0       0       0       0       0
   799 ;;      Locals:         0       0       0       0       0
   800 ;;      Temps:          0       0       0       0       0
   801 ;;      Totals:         0       0       0       0       0
   802 ;;Total ram usage:        0 bytes
   803 ;; Hardware stack levels used: 1
   804 ;; Hardware stack levels required when called: 1
   805 ;; This function calls:
   806 ;;		_EUSART_FlushRx
   807 ;; This function is called by:
   808 ;;		_main
   809 ;; This function uses a non-reentrant model
   810 ;;
   811                           
   812     07A5                     _EUSART_Init:	
   813                           ;psect for function _EUSART_Init
   814                           
   815     07A5                     l736:	
   816                           ;incstack = 0
   817                           ; Regs used in _EUSART_Init: [wreg+status,2+status,0+pclath+cstack]
   818                           
   819                           
   820                           ;eusart.c: 10:     TRISCbits.TRISC6 = 0;
   821     07A5  1683               	bsf	3,5	;RP0=1, select bank1
   822     07A6  1303               	bcf	3,6	;RP1=0, select bank1
   823     07A7  1307               	bcf	7,6	;volatile
   824                           
   825                           ;eusart.c: 11:     TRISCbits.TRISC7 = 1;
   826     07A8  1787               	bsf	7,7	;volatile
   827     07A9                     l738:
   828                           
   829                           ;eusart.c: 16:     TXSTA = 0x00;
   830     07A9  0198               	clrf	24	;volatile
   831                           
   832                           ;eusart.c: 17:     RCSTA = 0x00;
   833     07AA  1283               	bcf	3,5	;RP0=0, select bank0
   834     07AB  1303               	bcf	3,6	;RP1=0, select bank0
   835     07AC  0198               	clrf	24	;volatile
   836                           
   837                           ;eusart.c: 18:     BAUDCTL = 0x00;
   838     07AD  1683               	bsf	3,5	;RP0=1, select bank3
   839     07AE  1703               	bsf	3,6	;RP1=1, select bank3
   840     07AF  0187               	clrf	7	;volatile
   841     07B0                     l740:
   842                           
   843                           ;eusart.c: 29:     BAUDCTLbits.BRG16 = 1;
   844     07B0  1587               	bsf	7,3	;volatile
   845                           
   846                           ;eusart.c: 31:     SPBRGH = 0x00;
   847     07B1  1683               	bsf	3,5	;RP0=1, select bank1
   848     07B2  1303               	bcf	3,6	;RP1=0, select bank1
   849     07B3  019A               	clrf	26	;volatile
   850     07B4                     l742:
   851                           
   852                           ;eusart.c: 32:     SPBRG = 0xCF;
   853     07B4  30CF               	movlw	207
   854     07B5  0099               	movwf	25	;volatile
   855     07B6                     l744:
   856                           
   857                           ;eusart.c: 37:     TXSTAbits.SYNC = 0;
   858     07B6  1218               	bcf	24,4	;volatile
   859     07B7                     l746:
   860                           
   861                           ;eusart.c: 38:     TXSTAbits.BRGH = 1;
   862     07B7  1518               	bsf	24,2	;volatile
   863     07B8                     l748:
   864                           
   865                           ;eusart.c: 43:     RCSTAbits.SPEN = 1;
   866     07B8  1283               	bcf	3,5	;RP0=0, select bank0
   867     07B9  1303               	bcf	3,6	;RP1=0, select bank0
   868     07BA  1798               	bsf	24,7	;volatile
   869     07BB                     l750:
   870                           
   871                           ;eusart.c: 44:     TXSTAbits.TXEN = 1;
   872     07BB  1683               	bsf	3,5	;RP0=1, select bank1
   873     07BC  1303               	bcf	3,6	;RP1=0, select bank1
   874     07BD  1698               	bsf	24,5	;volatile
   875     07BE                     l752:
   876                           
   877                           ;eusart.c: 45:     RCSTAbits.CREN = 1;
   878     07BE  1283               	bcf	3,5	;RP0=0, select bank0
   879     07BF  1303               	bcf	3,6	;RP1=0, select bank0
   880     07C0  1618               	bsf	24,4	;volatile
   881     07C1                     l754:
   882                           
   883                           ;eusart.c: 50:     PIE1bits.RCIE = 0;
   884     07C1  1683               	bsf	3,5	;RP0=1, select bank1
   885     07C2  1303               	bcf	3,6	;RP1=0, select bank1
   886     07C3  128C               	bcf	12,5	;volatile
   887     07C4                     l756:
   888                           
   889                           ;eusart.c: 51:     PIE1bits.TXIE = 0;
   890     07C4  120C               	bcf	12,4	;volatile
   891     07C5                     l758:
   892                           
   893                           ;eusart.c: 53:     EUSART_FlushRx();
   894     07C5  120A  118A  2767  120A  118A  	fcall	_EUSART_FlushRx
   895     07CA                     l139:
   896     07CA  0008               	return
   897     07CB                     __end_of_EUSART_Init:
   898                           
   899                           	psect	text5
   900     0767                     __ptext5:	
   901 ;; *************** function _EUSART_FlushRx *****************
   902 ;; Defined at:
   903 ;;		line 128 in file "eusart.c"
   904 ;; Parameters:    Size  Location     Type
   905 ;;		None
   906 ;; Auto vars:     Size  Location     Type
   907 ;;  dummy           1    0[COMMON] volatile unsigned char 
   908 ;; Return value:  Size  Location     Type
   909 ;;                  1    wreg      void 
   910 ;; Registers used:
   911 ;;		wreg
   912 ;; Tracked objects:
   913 ;;		On entry : 0/0
   914 ;;		On exit  : 0/0
   915 ;;		Unchanged: 0/0
   916 ;; Data sizes:     COMMON   BANK0   BANK1   BANK3   BANK2
   917 ;;      Params:         0       0       0       0       0
   918 ;;      Locals:         1       0       0       0       0
   919 ;;      Temps:          0       0       0       0       0
   920 ;;      Totals:         1       0       0       0       0
   921 ;;Total ram usage:        1 bytes
   922 ;; Hardware stack levels used: 1
   923 ;; This function calls:
   924 ;;		Nothing
   925 ;; This function is called by:
   926 ;;		_EUSART_Init
   927 ;; This function uses a non-reentrant model
   928 ;;
   929                           
   930     0767                     _EUSART_FlushRx:	
   931                           ;psect for function _EUSART_FlushRx
   932                           
   933     0767                     l720:	
   934                           ;incstack = 0
   935                           ; Regs used in _EUSART_FlushRx: [wreg]
   936                           
   937                           
   938                           ;eusart.c: 130:     while (PIR1bits.RCIF)
   939     0767  2F6A               	goto	l724
   940     0768                     l722:
   941                           
   942                           ;eusart.c: 131:     {;eusart.c: 132:         volatile uint8_t dummy = RCREG;
   943     0768  081A               	movf	26,w	;volatile
   944     0769  00F4               	movwf	EUSART_FlushRx@dummy	;volatile
   945     076A                     l724:
   946                           
   947                           ;eusart.c: 130:     while (PIR1bits.RCIF)
   948     076A  1283               	bcf	3,5	;RP0=0, select bank0
   949     076B  1303               	bcf	3,6	;RP1=0, select bank0
   950     076C  1A8C               	btfsc	12,5	;volatile
   951     076D  2F6F               	goto	u11
   952     076E  2F70               	goto	u10
   953     076F                     u11:
   954     076F  2F68               	goto	l722
   955     0770                     u10:
   956     0770                     l176:
   957     0770  0008               	return
   958     0771                     __end_of_EUSART_FlushRx:
   959     0002                     ___latbits      equ	2
   960     007E                     btemp           set	126	;btemp
   961     007E                     btemp0          set	126
   962     007F                     btemp1          set	127
   963     007E                     wtemp0          set	126
   964     007F                     wtemp0a         set	127
   965     007F                     ttemp0a         set	127
   966     0080                     ltemp0a         set	128
   967                           
   968                           	psect	config
   969                           
   970                           ;Config register CONFIG1 @ 0x2007
   971                           ;	Oscillator Selection bits
   972                           ;	FOSC = HS, HS oscillator: High-speed crystal/resonator on RA6/OSC2/CLKOUT and RA7/OSC1
      +                          /CLKIN
   973                           ;	Watchdog Timer Enable bit
   974                           ;	WDTE = OFF, WDT disabled and can be enabled by SWDTEN bit of the WDTCON register
   975                           ;	Power-up Timer Enable bit
   976                           ;	PWRTE = OFF, PWRT disabled
   977                           ;	RE3/MCLR pin function select bit
   978                           ;	MCLRE = ON, RE3/MCLR pin function is MCLR
   979                           ;	Code Protection bit
   980                           ;	CP = OFF, Program memory code protection is disabled
   981                           ;	Data Code Protection bit
   982                           ;	CPD = OFF, Data memory code protection is disabled
   983                           ;	Brown Out Reset Selection bits
   984                           ;	BOREN = ON, BOR enabled
   985                           ;	Internal External Switchover bit
   986                           ;	IESO = OFF, Internal/External Switchover mode is disabled
   987                           ;	Fail-Safe Clock Monitor Enabled bit
   988                           ;	FCMEN = OFF, Fail-Safe Clock Monitor is disabled
   989                           ;	Low Voltage Programming Enable bit
   990                           ;	LVP = OFF, RB3 pin has digital I/O, HV on MCLR must be used for programming
   991                           ;	In-Circuit Debugger Mode bit
   992                           ;	DEBUG = 0x1, unprogrammed default
   993     2007                     	org	8199
   994     2007  23F2               	dw	9202
   995                           
   996                           ;Config register CONFIG2 @ 0x2008
   997                           ;	Brown-out Reset Selection bit
   998                           ;	BOR4V = BOR40V, Brown-out Reset set to 4.0V
   999                           ;	Flash Program Memory Self Write Enable bits
  1000                           ;	WRT = OFF, Write protection off
  1001     2008                     	org	8200
  1002     2008  3FFF               	dw	16383

Data Sizes:
    Strings     0
    Constant    0
    Data        0
    BSS         4
    Persistent  0
    Stack       0

Auto Spaces:
    Space          Size  Autos    Used
    COMMON           14      3       7
    BANK0            80      0       0
    BANK1            80      0       0
    BANK3            96      0       0
    BANK2            96      0       0

Pointer List with Targets:

    display$PORT	PTR volatile unsigned char  size(1) Largest target is 0

    EUSART_ReadByte@data	PTR unsigned char  size(1) Largest target is 1
		 -> main@receivedData(COMMON[1]), 

    lcd$PORT	PTR volatile unsigned char  size(1) Largest target is 0

    S99$PORT	PTR volatile unsigned char  size(1) Largest target is 0


Critical Paths under _main in COMMON

    _main->_EUSART_ReadByte
    _EUSART_Init->_EUSART_FlushRx

Critical Paths under _main in BANK0

    None.

Critical Paths under _main in BANK1

    None.

Critical Paths under _main in BANK3

    None.

Critical Paths under _main in BANK2

    None.

Call Graph Tables:

 ---------------------------------------------------------------------------------
 (Depth) Function   	        Calls       Base Space   Used Autos Params    Refs
 ---------------------------------------------------------------------------------
 (0) _main                                                 1     1      0      92
                                              2 COMMON     1     1      0
                        _EUSART_Init
                    _EUSART_ReadByte
                          _GPIO_Init
 ---------------------------------------------------------------------------------
 (1) _GPIO_Init                                            0     0      0       0
 ---------------------------------------------------------------------------------
 (1) _EUSART_ReadByte                                      2     1      1      24
                                              0 COMMON     2     1      1
                _EUSART_HandleErrors
 ---------------------------------------------------------------------------------
 (2) _EUSART_HandleErrors                                  0     0      0       0
 ---------------------------------------------------------------------------------
 (1) _EUSART_Init                                          0     0      0       0
                     _EUSART_FlushRx
 ---------------------------------------------------------------------------------
 (2) _EUSART_FlushRx                                       1     1      0       0
                                              0 COMMON     1     1      0
 ---------------------------------------------------------------------------------
 Estimated maximum stack depth 2
 ---------------------------------------------------------------------------------

 Call Graph Graphs:

 _main (ROOT)
   _EUSART_Init
     _EUSART_FlushRx
   _EUSART_ReadByte
     _EUSART_HandleErrors
   _GPIO_Init

Address spaces:
Name               Size   Autos  Total    Usage
BITCOMMON           14      0       0      0.0%
BITBANK0            80      0       0      0.0%
BITBANK1            80      0       0      0.0%
BITBANK3            96      0       0      0.0%
BITBANK2            96      0       0      0.0%
COMMON              14      3       7     50.0%
BANK0               80      0       0      0.0%
BANK1               80      0       0      0.0%
BANK3               96      0       0      0.0%
BANK2               96      0       0      0.0%
STACK                0      0       0      0.0%
DATA                 0      0       7      0.0%


Microchip Technology PIC Macro Assembler V3.10 build 20250813170317 
Symbol Table                                                                                   Wed Jun 24 15:22:30 2026

                         l15 077B                           u10 0770                           u11 076F  
                         u20 0782                           u21 0781                          l170 0787  
                        l139 07CA                          l165 07A4                          l176 0770  
                        l720 0767                          l722 0768                          l730 0771  
                        l724 076A                          l740 07B0                          l732 0775  
                        l750 07BB                          l742 07B4                          l726 077C  
                        l734 0778                          l752 07BE                          l744 07B6  
                        l736 07A5                          l728 0782                          l754 07C1  
                        l746 07B7                          l738 07A9                          l756 07C4  
                        l748 07B8                          l758 07C5                          l980 079F  
                        l972 0790                          l982 07A3                          l974 0795  
                        l966 0788                          l990 07D5                          l976 079B  
                        l968 078E                          l992 07E1                          l994 07E7  
                        l986 07CB                          l996 07EB                          l988 07D0  
                        l998 07F1                          u500 079B                          u501 079A  
                        u510 07E1                          u511 07E0                          u520 07E7  
                        u521 07E6                          u530 07F1                          u531 07F0  
                        u490 078E                          u491 078D                          _lcd 0070  
                        fsr0 0004                          indf 0000                 ?_EUSART_Init 0074  
                       _main 07CB                         btemp 007E                         start 0000  
                      ?_main 0074                        _ANSEL 0188                        _RCREG 001A  
                      _RCSTA 0018                        _SPBRG 0099                        _PORTA 0005  
                      _PORTB 0006                        _PORTC 0007                        _TRISA 0085  
                      _TRISB 0086                        _TRISC 0087                        _TXREG 0019  
                      _TXSTA 0098                        btemp0 007E                        btemp1 007F  
          ??_EUSART_ReadByte 0075                        status 0003                        wtemp0 007E  
            __initialization 07F8                 __end_of_main 07F8                       ??_main 0076  
          __end_of_GPIO_Init 077C                       _ANSELH 0189               _EUSART_FlushRx 0767  
                     _SPBRGH 009A                       ltemp0a 0080                       ttemp0a 007F  
     __end_of_EUSART_FlushRx 0771                       wtemp0a 007F      __end_of__initialization 07FC  
             __pcstackCOMMON 0074              ?_EUSART_FlushRx 0074                   __pmaintext 07CB  
                    _BAUDCTL 0187              _EUSART_ReadByte 0788                      __ptext1 0771  
                    __ptext2 0788                      __ptext3 077C                      __ptext4 07A5  
                    __ptext5 0767                    _GPIO_Init 0771         end_of_initialization 07FC  
                  _RCSTAbits 0018      __end_of_EUSART_ReadByte 07A5                    _PORTDbits 0008  
                  _TRISCbits 0087                    _TRISDbits 0088                   ?_GPIO_Init 0074  
                  _TXSTAbits 0098          _EUSART_HandleErrors 077C                  _BAUDCTLbits 0187  
           ??_EUSART_FlushRx 0074          start_initialization 07F8                ??_EUSART_Init 0075  
       ?_EUSART_HandleErrors 0074             main@receivedData 0076             ?_EUSART_ReadByte 0074  
                __pbssCOMMON 0070                    ___latbits 0002                  ??_GPIO_Init 0074  
      ??_EUSART_HandleErrors 0074          __end_of_EUSART_Init 07CB                     _PIE1bits 008C  
                   _PIR1bits 000C         EUSART_ReadByte@dummy 0075                  _EUSART_Init 07A5  
        EUSART_FlushRx@dummy 0074          EUSART_ReadByte@data 0074  __end_of_EUSART_HandleErrors 0788  
