Microchip MPLAB XC8 Compiler V3.10

Linker command line:

-W-3 \
  --edf=C:/Users/juang/.mchp_packs/Microchip/PIC16Fxxx_DFP/1.8.167/xc8\pic\dat\20260422061002_en.msgs \
  -cn -h+dist/default/production\Practica15.X.production.sym \
  --cmf=dist/default/production\Practica15.X.production.cmf -z -Q16F887 \
  -oC:\Users\juang\AppData\Local\Temp\xcAshoo.0\driver_tmp_3.o \
  --defsym=__MPLAB_BUILD=1 --fixupoverflow=error \
  -Mdist/default/production/Practica15.X.production.map \
  --md=C:\Users\juang\AppData\Local\Temp\xcAshoo.0\driver_tmp_0.dat -E1 \
  -ver=XC8 Compiler -ACODE=00h-07FFhx4 -ASTRCODE=00h-01FFFh \
  -ASTRING=00h-0FFhx32 -ACONST=00h-0FFhx32 -AENTRY=00h-0FFhx32 \
  -ACOMMON=070h-07Fh -ABANK0=020h-06Fh -ABANK1=0A0h-0EFh \
  -ABANK2=0110h-016Fh -ABANK3=0190h-01EFh \
  -ARAM=020h-06Fh,0A0h-0EFh,0110h-016Fh,0190h-01EFh \
  -AABS1=020h-07Fh,0A0h-0EFh,0110h-016Fh,0190h-01EFh -ASFR0=00h-01Fh \
  -ASFR1=080h-09Fh -ASFR2=0100h-010Fh -ASFR3=0180h-018Fh \
  -ACONFIG=02007h-02008h -DCONFIG=2 -AIDLOC=02000h-02003h -DIDLOC=2 \
  -AEEDATA=00h-0FFh/02100h -peeprom_data=EEDATA -DEEDATA=2 -DCODE=2 \
  -DSTRCODE=2 -DSTRING=2 -DCONST=2 -DENTRY=2 \
  -preset_vec=00h,intentry,sivt,init,end_init -ppowerup=CODE -pcinit=CODE \
  -pfunctab=ENTRY -k \
  C:\Users\juang\AppData\Local\Temp\xcAshoo.0\driver_tmp_12.o \
  dist/default/production\Practica15.X.production.o 

Object code version is 3.11

Machine type is 16F887



                Name                               Link     Load   Length Selector   Space Scale
C:\Users\juang\AppData\Local\Temp\xcAshoo.0\driver_tmp_12.o
                end_init                              0        0        3        0       0
                config                             2007     2007        2        0       4
dist/default/production\Practica15.X.production.o
                cinit                               7F8      7F8        8      FF0       0
                config                             2007     2007        2        0       4
                text5                               767      767        A      ECE       0
                text4                               7A5      7A5       26      F4A       0
                text3                               77C      77C        C      EF8       0
                text2                               788      788       1D      F10       0
                text1                               771      771        B      EE2       0
                maintext                            7CB      7CB       2D      F96       0
                cstackCOMMON                         74       74        3       70       1
                bssCOMMON                            70       70        4       70       1

TOTAL           Name                               Link     Load   Length     Space
        CLASS   CODE           
                end_init                              0        0        3         0
                cinit                               7F8      7F8        8         0
                text5                               767      767        A         0
                text4                               7A5      7A5       26         0
                text3                               77C      77C        C         0
                text2                               788      788       1D         0
                text1                               771      771        B         0
                maintext                            7CB      7CB       2D         0

        CLASS   STRCODE        

        CLASS   STRING         

        CLASS   CONST          

        CLASS   ENTRY          

        CLASS   COMMON         
                cstackCOMMON                         74       74        3         1
                bssCOMMON                            70       70        4         1

        CLASS   BANK0          

        CLASS   BANK1          

        CLASS   BANK2          

        CLASS   BANK3          

        CLASS   RAM            

        CLASS   ABS1           
                abs_s1                               7E       7E        2         1

        CLASS   SFR0           

        CLASS   SFR1           

        CLASS   SFR2           

        CLASS   SFR3           

        CLASS   CONFIG         
                config                             2007     2007        2         4

        CLASS   IDLOC          

        CLASS   EEDATA         

        CLASS   HEAP           

        CLASS   STACK          



SEGMENTS        Name                           Load    Length   Top    Selector   Space  Class     Delta

                reset_vec                      000000  000003  000003         0       0  CODE        2
                bssCOMMON                      000070  000007  000077        70       1  COMMON      1
                text5                          000767  00000A  000771       ECE       0  CODE        2
                text1                          000771  00000B  00077C       EE2       0  CODE        2
                text3                          00077C  00000C  000788       EF8       0  CODE        2
                text2                          000788  00001D  0007A5       F10       0  CODE        2
                text4                          0007A5  000026  0007CB       F4A       0  CODE        2
                maintext                       0007CB  00002D  0007F8       F96       0  CODE        2
                cinit                          0007F8  000008  000800       FF0       0  CODE        2


UNUSED ADDRESS RANGES

        Name                Unused          Largest block    Delta
        BANK0            0020-006F             50           1
        BANK1            00A0-00EF             50           1
        BANK2            0110-016F             60           1
        BANK3            0190-01EF             60           1
        CODE             0003-0766            764           2
                         0800-1FFF            800
        COMMON           0077-007D              7           1
        CONST            0003-0766            100           2
                         0800-1FFF            100
        EEDATA           2100-21FF            100           2
        ENTRY            0003-0766            100           2
                         0800-1FFF            100
        IDLOC            2000-2003              4           2
        RAM              0020-006F             50           1
                         00A0-00EF             50
                         0110-016F             60
                         0190-01EF             60
        SFR0             0000-001F             20           1
        SFR1             0080-009F             20           1
        SFR2             0100-010F             10           1
        SFR3             0180-018F             10           1
        STRCODE          0003-0766            764           2
                         0800-1FFF           1800
        STRING           0003-0766            100           2
                         0800-1FFF            100

                                  Symbol Table

EUSART_FlushRx@dummy         cstackCOMMON 0074
EUSART_ReadByte@data         cstackCOMMON 0074
EUSART_ReadByte@dummy        cstackCOMMON 0075
_ANSEL                       (abs)        0188
_ANSELH                      (abs)        0189
_BAUDCTL                     (abs)        0187
_BAUDCTLbits                 (abs)        0187
_EUSART_FlushRx              text5        0767
_EUSART_HandleErrors         text3        077C
_EUSART_Init                 text4        07A5
_EUSART_ReadByte             text2        0788
_GPIO_Init                   text1        0771
_PIE1bits                    (abs)        008C
_PIR1bits                    (abs)        000C
_PORTA                       (abs)        0005
_PORTB                       (abs)        0006
_PORTC                       (abs)        0007
_PORTDbits                   (abs)        0008
_RCREG                       (abs)        001A
_RCSTA                       (abs)        0018
_RCSTAbits                   (abs)        0018
_SPBRG                       (abs)        0099
_SPBRGH                      (abs)        009A
_TRISA                       (abs)        0085
_TRISB                       (abs)        0086
_TRISC                       (abs)        0087
_TRISCbits                   (abs)        0087
_TRISDbits                   (abs)        0088
_TXREG                       (abs)        0019
_TXSTA                       (abs)        0098
_TXSTAbits                   (abs)        0098
__H__absolute__              __absolute__ 0000
__Habs1                      abs1         0000
__Hbank0                     bank0        0000
__Hbank1                     bank1        0000
__Hbank2                     bank2        0000
__Hbank3                     bank3        0000
__HbssCOMMON                 bssCOMMON    0000
__Hcinit                     cinit        0800
__Hclrtext                   clrtext      0000
__Hcode                      code         0000
__Hcommon                    common       0000
__Hconfig                    config       2009
__HcstackCOMMON              cstackCOMMON 0000
__Heeprom_data               eeprom_data  0000
__Hend_init                  end_init     0003
__Hfunctab                   functab      0000
__Hheap                      heap         0000
__Hinit                      init         0000
__Hintentry                  intentry     0000
__Hmaintext                  maintext     0000
__Hpowerup                   powerup      0000
__Hram                       ram          0000
__Hreset_vec                 reset_vec    0000
__Hsfr0                      sfr0         0000
__Hsfr1                      sfr1         0000
__Hsfr2                      sfr2         0000
__Hsfr3                      sfr3         0000
__Hsivt                      sivt         0000
__Hspace_0                   (abs)        0800
__Hspace_1                   (abs)        0077
__Hspace_2                   (abs)        0000
__Hspace_3                   (abs)        0000
__Hspace_4                   (abs)        4010
__Hstack                     stack        0000
__Hstrings                   strings      0000
__Htext                      text         0000
__L__absolute__              __absolute__ 0000
__Labs1                      abs1         0000
__Lbank0                     bank0        0000
__Lbank1                     bank1        0000
__Lbank2                     bank2        0000
__Lbank3                     bank3        0000
__LbssCOMMON                 bssCOMMON    0000
__Lcinit                     cinit        07F8
__Lclrtext                   clrtext      0000
__Lcode                      code         0000
__Lcommon                    common       0000
__Lconfig                    config       0000
__LcstackCOMMON              cstackCOMMON 0000
__Leeprom_data               eeprom_data  0000
__Lend_init                  end_init     0000
__Lfunctab                   functab      0000
__Lheap                      heap         0000
__Linit                      init         0000
__Lintentry                  intentry     0000
__Lmaintext                  maintext     0000
__Lpowerup                   powerup      0000
__Lram                       ram          0000
__Lreset_vec                 reset_vec    0000
__Lsfr0                      sfr0         0000
__Lsfr1                      sfr1         0000
__Lsfr2                      sfr2         0000
__Lsfr3                      sfr3         0000
__Lsivt                      sivt         0000
__Lspace_0                   (abs)        0000
__Lspace_1                   (abs)        0000
__Lspace_2                   (abs)        0000
__Lspace_3                   (abs)        0000
__Lspace_4                   (abs)        0000
__Lstack                     stack        0000
__Lstrings                   strings      0000
__Ltext                      text         0000
__S0                         (abs)        0800
__S1                         (abs)        0077
__S3                         (abs)        0000
___heap_hi                   (abs)        0000
___heap_lo                   (abs)        0000
___int_sp                    stack        0000
___int_stack_hi              stack        0000
___int_stack_lo              stack        0000
___latbits                   (abs)        0002
___sp                        stack        0000
___stack_hi                  stack        0000
___stack_lo                  stack        0000
___stackhi                   (abs)        0000
___stacklo                   (abs)        0000
__end_of_EUSART_FlushRx      text5        0771
__end_of_EUSART_HandleErrors text3        0788
__end_of_EUSART_Init         text4        07CB
__end_of_EUSART_ReadByte     text2        07A5
__end_of_GPIO_Init           text1        077C
__end_of__initialization     cinit        07FC
__end_of_main                maintext     07F8
__initialization             cinit        07F8
__pbssCOMMON                 bssCOMMON    0070
__pcstackCOMMON              cstackCOMMON 0074
__pmaintext                  maintext     07CB
__ptext1                     text1        0771
__ptext2                     text2        0788
__ptext3                     text3        077C
__ptext4                     text4        07A5
__ptext5                     text5        0767
_lcd                         bssCOMMON    0070
_main                        maintext     07CB
btemp                        (abs)        007E
btemp0                       (abs)        007E
btemp1                       (abs)        007F
end_of_initialization        cinit        07FC
intlevel0                    functab      0000
intlevel1                    functab      0000
intlevel2                    functab      0000
intlevel3                    functab      0000
intlevel4                    functab      0000
intlevel5                    functab      0000
ltemp0a                      (abs)        0080
main@receivedData            cstackCOMMON 0076
reset_vec                    reset_vec    0000
start                        init         0000
start_initialization         cinit        07F8
ttemp0a                      (abs)        007F
wtemp0                       (abs)        007E
wtemp0a                      (abs)        007F


MODULE INFORMATION

Module		Function		Class		Link	Load	Size
eusart.c
		_EUSART_Init   		CODE           	07A5	0000	38
		_EUSART_FlushRx		CODE           	0767	0000	10
		_EUSART_ReadByte		CODE           	0788	0000	29
		_EUSART_HandleErrors		CODE           	077C	0000	12

eusart.c estimated size: 89

shared
		__initialization		CODE           	07F8	0000	4

shared estimated size: 4

main.c
		_main          		CODE           	07CB	0000	45
		_GPIO_Init     		CODE           	0771	0000	11

main.c estimated size: 56

