Microchip MPLAB XC8 Compiler V3.10

Linker command line:

-W-3 \
  --edf=C:/Users/juang/.mchp_packs/Microchip/PIC16Fxxx_DFP/1.8.167/xc8\pic\dat\20260422061002_en.msgs \
  -cn -h+dist/default/production\Practica5.X.production.sym \
  --cmf=dist/default/production\Practica5.X.production.cmf -z -Q16F887 \
  -oC:\Users\juang\AppData\Local\Temp\xcAs8a0.0\driver_tmp_3.o \
  --defsym=__MPLAB_BUILD=1 --fixupoverflow=error \
  -Mdist/default/production/Practica5.X.production.map \
  --md=C:\Users\juang\AppData\Local\Temp\xcAs8a0.0\driver_tmp_0.dat -E1 \
  -ver=XC8 Compiler -ACODE=00h-07FFhx4 -ASTRCODE=00h-01FFFh \
  -ASTRING=00h-0FFhx32 -ACONST=00h-0FFhx32 -AENTRY=00h-0FFhx32 \
  -ACOMMON=070h-07Fh -ABANK0=020h-06Fh -ABANK1=0A0h-0EFh \
  -ABANK2=0110h-016Fh -ABANK3=0190h-01EFh \
  -ARAM=020h-06Fh,0A0h-0EFh,0110h-016Fh,0190h-01EFh \
  -AABS1=020h-07Fh,0A0h-0EFh,0110h-016Fh,0190h-01EFh -ASFR0=00h-01Fh \
  -ASFR1=080h-09Fh -ASFR2=0100h-010Fh -ASFR3=0180h-018Fh \
  -ACONFIG=02007h-02008h -DCONFIG=2 -AIDLOC=02000h-02003h -DIDLOC=2 \
  -AEEDATA=00h-0FFh/02100h -peeprom_data=EEDATA -DEEDATA=2 -DCODE=2 \
  -DSTRCODE=2 -DSTRING=2 -DCONST=2 -DENTRY=2 \
  -preset_vec=00h,intentry=04h,sivt,init,end_init -ppowerup=CODE \
  -pcinit=CODE -pfunctab=ENTRY -k \
  C:\Users\juang\AppData\Local\Temp\xcAs8a0.0\driver_tmp_12.o \
  dist/default/production\Practica5.X.production.o 

Object code version is 3.11

Machine type is 16F887



                Name                               Link     Load   Length Selector   Space Scale
C:\Users\juang\AppData\Local\Temp\xcAs8a0.0\driver_tmp_12.o
                end_init                              C        C        3        8       0
                reset_vec                             0        0        3        0       0
                config                             2007     2007        2        0       4
dist/default/production\Practica5.X.production.o
                cinit                                 F        F       12        8       0
                intentry                              4        4        8        8       0
                config                             2007     2007        2        0       4
                text4                               24F      24F        E        8       0
                text3                               21D      21D       1F        8       0
                text2                               15F      15F       65        8       0
                text1                               1C4      1C4       59        8       0
                maintext                             21       21      13E        8       0
                cstackBANK0                          20       20       16       20       1
                cstackCOMMON                         70       70        A       70       1
                inittext                            23C      23C       13        8       0
                dataBANK0                            36       36        C       20       1
                idataBANK0                          25D      25D        C        8       0

TOTAL           Name                               Link     Load   Length     Space
        CLASS   CODE           
                end_init                              C        C        3         0
                cinit                                 F        F       12         0
                intentry                              4        4        8         0
                reset_vec                             0        0        3         0
                text4                               24F      24F        E         0
                text3                               21D      21D       1F         0
                text2                               15F      15F       65         0
                text1                               1C4      1C4       59         0
                maintext                             21       21      13E         0
                inittext                            23C      23C       13         0
                idataBANK0                          25D      25D        C         0

        CLASS   STRCODE        

        CLASS   STRING         

        CLASS   CONST          

        CLASS   ENTRY          

        CLASS   COMMON         
                cstackCOMMON                         70       70        A         1

        CLASS   BANK0          
                cstackBANK0                          20       20       16         1
                dataBANK0                            36       36        C         1

        CLASS   BANK1          

        CLASS   BANK2          

        CLASS   BANK3          

        CLASS   RAM            

        CLASS   ABS1           
                abs_s1                               7E       7E        2         1

        CLASS   SFR0           

        CLASS   SFR1           

        CLASS   SFR2           

        CLASS   SFR3           

        CLASS   CONFIG         
                config                             2007     2007        2         4

        CLASS   IDLOC          

        CLASS   EEDATA         

        CLASS   HEAP           

        CLASS   STACK          



SEGMENTS        Name                           Load    Length   Top    Selector   Space  Class     Delta

                reset_vec                      000000  000003  000003         0       0  CODE        2
                intentry                       000004  000265  000269         8       0  CODE        2
                cstackBANK0                    000020  000022  000042        20       1  BANK0       1
                cstackCOMMON                   000070  00000A  00007A        70       1  COMMON      1


UNUSED ADDRESS RANGES

        Name                Unused          Largest block    Delta
        BANK0            0042-006F             2E           1
        BANK1            00A0-00EF             50           1
        BANK2            0110-016F             60           1
        BANK3            0190-01EF             60           1
        CODE             0003-0003              1           2
                         0269-1FFF            800
        COMMON           007A-007D              4           1
        CONST            0003-0003              1           2
                         0269-1FFF            100
        EEDATA           2100-21FF            100           2
        ENTRY            0003-0003              1           2
                         0269-1FFF            100
        IDLOC            2000-2003              4           2
        RAM              0042-006F             2E           1
                         00A0-00EF             50
                         0110-016F             60
                         0190-01EF             60
        SFR0             0000-001F             20           1
        SFR1             0080-009F             20           1
        SFR2             0100-010F             10           1
        SFR3             0180-018F             10           1
        STRCODE          0003-0003              1           2
                         0269-1FFF           1D97
        STRING           0003-0003              1           2
                         0269-1FFF            100

                                  Symbol Table

?___awdiv                  cstackCOMMON 0074
?___awmod                  cstackBANK0  0024
?_reverse_direction        cstackCOMMON 0070
_ANSEL                     (abs)        0188
_ANSELH                    (abs)        0189
_GIE                       (abs)        005F
_INTE                      (abs)        005C
_INTEDG                    (abs)        040E
_INTF                      (abs)        0059
_ISR                       text3        021D
_OPTION_REG                (abs)        0081
_PORTC                     (abs)        0007
_PORTD                     (abs)        0008
_TRISB                     (abs)        0086
_TRISC                     (abs)        0087
_TRISD                     (abs)        0088
__H__absolute__            __absolute__ 0000
__Habs1                    abs1         0000
__Hbank0                   bank0        0000
__Hbank1                   bank1        0000
__Hbank2                   bank2        0000
__Hbank3                   bank3        0000
__Hcinit                   cinit        0021
__Hclrtext                 clrtext      0000
__Hcode                    code         0000
__Hcommon                  common       0000
__Hconfig                  config       2009
__HcstackBANK0             cstackBANK0  0000
__HcstackCOMMON            cstackCOMMON 0000
__HdataBANK0               dataBANK0    0000
__Heeprom_data             eeprom_data  0000
__Hend_init                end_init     000F
__Hfunctab                 functab      0000
__Hheap                    heap         0000
__HidataBANK0              idataBANK0   0000
__Hinit                    init         000C
__Hinittext                inittext     0000
__Hintentry                intentry     000C
__Hmaintext                maintext     0000
__Hpowerup                 powerup      0000
__Hram                     ram          0000
__Hreset_vec               reset_vec    0003
__Hsfr0                    sfr0         0000
__Hsfr1                    sfr1         0000
__Hsfr2                    sfr2         0000
__Hsfr3                    sfr3         0000
__Hsivt                    sivt         000C
__Hspace_0                 (abs)        0269
__Hspace_1                 (abs)        007A
__Hspace_2                 (abs)        0000
__Hspace_3                 (abs)        0000
__Hspace_4                 (abs)        4010
__Hstack                   stack        0000
__Hstrings                 strings      0000
__Htext                    text         0000
__L__absolute__            __absolute__ 0000
__Labs1                    abs1         0000
__Lbank0                   bank0        0000
__Lbank1                   bank1        0000
__Lbank2                   bank2        0000
__Lbank3                   bank3        0000
__Lcinit                   cinit        000F
__Lclrtext                 clrtext      0000
__Lcode                    code         0000
__Lcommon                  common       0000
__Lconfig                  config       0000
__LcstackBANK0             cstackBANK0  0000
__LcstackCOMMON            cstackCOMMON 0000
__LdataBANK0               dataBANK0    0000
__Leeprom_data             eeprom_data  0000
__Lend_init                end_init     000C
__Lfunctab                 functab      0000
__Lheap                    heap         0000
__LidataBANK0              idataBANK0   0000
__Linit                    init         000C
__Linittext                inittext     0000
__Lintentry                intentry     0004
__Lmaintext                maintext     0000
__Lpowerup                 powerup      0000
__Lram                     ram          0000
__Lreset_vec               reset_vec    0000
__Lsfr0                    sfr0         0000
__Lsfr1                    sfr1         0000
__Lsfr2                    sfr2         0000
__Lsfr3                    sfr3         0000
__Lsivt                    sivt         000C
__Lspace_0                 (abs)        0000
__Lspace_1                 (abs)        0000
__Lspace_2                 (abs)        0000
__Lspace_3                 (abs)        0000
__Lspace_4                 (abs)        0000
__Lstack                   stack        0000
__Lstrings                 strings      0000
__Ltext                    text         0000
__S0                       (abs)        0269
__S1                       (abs)        007A
__S3                       (abs)        0000
___awdiv                   text2        015F
___awdiv@counter           cstackBANK0  0020
___awdiv@dividend          cstackCOMMON 0076
___awdiv@divisor           cstackCOMMON 0074
___awdiv@quotient          cstackBANK0  0022
___awdiv@sign              cstackBANK0  0021
___awmod                   text1        01C4
___awmod@counter           cstackCOMMON 0078
___awmod@dividend          cstackBANK0  0026
___awmod@divisor           cstackBANK0  0024
___awmod@sign              cstackCOMMON 0079
___heap_hi                 (abs)        0000
___heap_lo                 (abs)        0000
___int_sp                  stack        0000
___int_stack_hi            stack        0000
___int_stack_lo            stack        0000
___latbits                 (abs)        0002
___sp                      stack        0000
___stack_hi                stack        0000
___stack_lo                stack        0000
___stackhi                 (abs)        0000
___stacklo                 (abs)        0000
__end_of_ISR               text3        023C
__end_of___awdiv           text2        01C4
__end_of___awmod           text1        021D
__end_of__initialization   cinit        001D
__end_of_main              maintext     015F
__end_of_reverse_direction text4        025D
__initialization           cinit        000F
__pcstackBANK0             cstackBANK0  0020
__pcstackCOMMON            cstackCOMMON 0070
__pdataBANK0               dataBANK0    0036
__pidataBANK0              idataBANK0   025D
__pintentry                intentry     0004
__pmaintext                maintext     0021
__ptext1                   text1        01C4
__ptext2                   text2        015F
__ptext3                   text3        021D
__ptext4                   text4        024F
_conteo                    dataBANK0    0036
_direction                 dataBANK0    0040
_main                      maintext     0021
_reverse_direction         text4        024F
btemp                      (abs)        007E
btemp0                     (abs)        007E
btemp1                     (abs)        007F
end_of_initialization      cinit        001D
init_fetch0                inittext     023C
init_ram0                  inittext     0240
interrupt_function         intentry     0004
intlevel0                  functab      0000
intlevel1                  functab      0000
intlevel2                  functab      0000
intlevel3                  functab      0000
intlevel4                  functab      0000
intlevel5                  functab      0000
ltemp0a                    (abs)        0080
main@cen                   cstackBANK0  002E
main@dec                   cstackBANK0  002A
main@i                     cstackBANK0  0032
main@mill                  cstackBANK0  0030
main@num                   cstackBANK0  0034
main@uni                   cstackBANK0  002C
reset_vec                  reset_vec    0000
reverse_direction@dir      cstackCOMMON 0070
saved_w                    (abs)        007E
start                      init         000C
start_initialization       cinit        000F
ttemp0a                    (abs)        007F
wtemp0                     (abs)        007E
wtemp0a                    (abs)        007F


MODULE INFORMATION

Module		Function		Class		Link	Load	Size
C:\Program Files\Microchip\xc8\v3.10\pic\sources\c99\common\awmod.c
		___awmod       		CODE           	01C4	0000	89

C:\Program Files\Microchip\xc8\v3.10\pic\sources\c99\common\awmod.c estimated size: 89

C:\Program Files\Microchip\xc8\v3.10\pic\sources\c99\common\awdiv.c
		___awdiv       		CODE           	015F	0000	101

C:\Program Files\Microchip\xc8\v3.10\pic\sources\c99\common\awdiv.c estimated size: 101

shared
		__initialization		CODE           	000F	0000	14

shared estimated size: 14

main.c
		_ISR           		CODE           	021D	0000	31
		_reverse_direction		CODE           	024F	0000	14
		_main          		CODE           	0021	0000	318

main.c estimated size: 363

