

Microchip MPLAB XC8 Assembler V3.10 build 20250813170317 
                                                                                               Tue Jun  9 16:25:22 2026

Microchip MPLAB XC8 C Compiler v3.10 (Free license) build 20250813170317 Og1 
     1                           	processor	16F887
     2                           	pagewidth 120
     3                           	opt	flic
     4                           	psect	idataBANK0,global,class=CODE,space=0,delta=2,noexec
     5                           	psect	cinit,global,class=CODE,space=0,merge=1,delta=2
     6                           	psect	dataBANK0,global,class=BANK0,space=1,delta=1,noexec
     7                           	psect	inittext,global,class=CODE,space=0,delta=2
     8                           	psect	cstackCOMMON,global,class=COMMON,space=1,delta=1,noexec
     9                           	psect	cstackBANK0,global,class=BANK0,space=1,delta=1,noexec
    10                           	psect	maintext,global,class=CODE,space=0,split=1,delta=2
    11                           	psect	text1,local,class=CODE,space=0,merge=1,delta=2,group=1
    12                           	psect	text2,local,class=CODE,space=0,merge=1,delta=2,group=1
    13                           	psect	text3,local,class=CODE,space=0,merge=1,delta=2
    14                           	psect	intentry,global,class=CODE,space=0,delta=2
    15                           	psect	text4,local,class=CODE,space=0,merge=1,delta=2
    16                           	psect	config,global,abs,ovrld,class=CONFIG,space=4,delta=2,noexec
    17                           	dabs	1,0x7E,2
    18     0000                     
    19                           ; Generated 22/04/2026 GMT
    20                           ; 
    21                           ; Copyright (c) 2026 Microchip Technology Inc. and its subsidiaries.
    22                           ; 
    23                           ; Licensed under the Apache License, Version 2.0 (the "License");
    24                           ; you may not use this file except in compliance with the License.
    25                           ; You may obtain a copy of the License at
    26                           ; 
    27                           ;   http://www.apache.org/licenses/LICENSE-2.0
    28                           ; 
    29                           ; Unless required by applicable law or agreed to in writing, software
    30                           ; distributed under the License is distributed on an "AS IS" BASIS,
    31                           ; WITHOUT WARRANTIES OR CONDITIONS OF ANY KIND, either express or implied.
    32                           ; See the License for the specific language governing permissions and
    33                           ; limitations under the License.
    34                           ; 
    35                           ; 
    36                           ; Code-generator required, PIC16F887 Definitions
    37                           ; 
    38                           ; SFR Addresses
    39     0004                     fsr             equ	4
    40     0004                     fsr0            equ	4
    41     0000                     indf            equ	0
    42     0000                     indf0           equ	0
    43     0002                     pc              equ	2
    44     0002                     pcl             equ	2
    45     000A                     pclath          equ	10
    46     0003                     status          equ	3
    47     0000                     INDF            equ	0	;# 
    48     0001                     TMR0            equ	1	;# 
    49     0002                     PCL             equ	2	;# 
    50     0003                     STATUS          equ	3	;# 
    51     0004                     FSR             equ	4	;# 
    52     0005                     PORTA           equ	5	;# 
    53     0006                     PORTB           equ	6	;# 
    54     0007                     PORTC           equ	7	;# 
    55     0008                     PORTD           equ	8	;# 
    56     0009                     PORTE           equ	9	;# 
    57     000A                     PCLATH          equ	10	;# 
    58     000B                     INTCON          equ	11	;# 
    59     000C                     PIR1            equ	12	;# 
    60     000D                     PIR2            equ	13	;# 
    61     000E                     TMR1            equ	14	;# 
    62     000E                     TMR1L           equ	14	;# 
    63     000F                     TMR1H           equ	15	;# 
    64     0010                     T1CON           equ	16	;# 
    65     0011                     TMR2            equ	17	;# 
    66     0012                     T2CON           equ	18	;# 
    67     0013                     SSPBUF          equ	19	;# 
    68     0014                     SSPCON          equ	20	;# 
    69     0015                     CCPR1           equ	21	;# 
    70     0015                     CCPR1L          equ	21	;# 
    71     0016                     CCPR1H          equ	22	;# 
    72     0017                     CCP1CON         equ	23	;# 
    73     0018                     RCSTA           equ	24	;# 
    74     0019                     TXREG           equ	25	;# 
    75     001A                     RCREG           equ	26	;# 
    76     001B                     CCPR2           equ	27	;# 
    77     001B                     CCPR2L          equ	27	;# 
    78     001C                     CCPR2H          equ	28	;# 
    79     001D                     CCP2CON         equ	29	;# 
    80     001E                     ADRESH          equ	30	;# 
    81     001F                     ADCON0          equ	31	;# 
    82     0081                     OPTION_REG      equ	129	;# 
    83     0085                     TRISA           equ	133	;# 
    84     0086                     TRISB           equ	134	;# 
    85     0087                     TRISC           equ	135	;# 
    86     0088                     TRISD           equ	136	;# 
    87     0089                     TRISE           equ	137	;# 
    88     008C                     PIE1            equ	140	;# 
    89     008D                     PIE2            equ	141	;# 
    90     008E                     PCON            equ	142	;# 
    91     008F                     OSCCON          equ	143	;# 
    92     0090                     OSCTUNE         equ	144	;# 
    93     0091                     SSPCON2         equ	145	;# 
    94     0092                     PR2             equ	146	;# 
    95     0093                     SSPADD          equ	147	;# 
    96     0093                     SSPMSK          equ	147	;# 
    97     0093                     MSK             equ	147	;# 
    98     0094                     SSPSTAT         equ	148	;# 
    99     0095                     WPUB            equ	149	;# 
   100     0096                     IOCB            equ	150	;# 
   101     0097                     VRCON           equ	151	;# 
   102     0098                     TXSTA           equ	152	;# 
   103     0099                     SPBRG           equ	153	;# 
   104     009A                     SPBRGH          equ	154	;# 
   105     009B                     PWM1CON         equ	155	;# 
   106     009C                     ECCPAS          equ	156	;# 
   107     009D                     PSTRCON         equ	157	;# 
   108     009E                     ADRESL          equ	158	;# 
   109     009F                     ADCON1          equ	159	;# 
   110     0105                     WDTCON          equ	261	;# 
   111     0107                     CM1CON0         equ	263	;# 
   112     0108                     CM2CON0         equ	264	;# 
   113     0109                     CM2CON1         equ	265	;# 
   114     010C                     EEDATA          equ	268	;# 
   115     010C                     EEDAT           equ	268	;# 
   116     010D                     EEADR           equ	269	;# 
   117     010E                     EEDATH          equ	270	;# 
   118     010F                     EEADRH          equ	271	;# 
   119     0185                     SRCON           equ	389	;# 
   120     0187                     BAUDCTL         equ	391	;# 
   121     0188                     ANSEL           equ	392	;# 
   122     0189                     ANSELH          equ	393	;# 
   123     018C                     EECON1          equ	396	;# 
   124     018D                     EECON2          equ	397	;# 
   125     0000                     INDF            equ	0	;# 
   126     0001                     TMR0            equ	1	;# 
   127     0002                     PCL             equ	2	;# 
   128     0003                     STATUS          equ	3	;# 
   129     0004                     FSR             equ	4	;# 
   130     0005                     PORTA           equ	5	;# 
   131     0006                     PORTB           equ	6	;# 
   132     0007                     PORTC           equ	7	;# 
   133     0008                     PORTD           equ	8	;# 
   134     0009                     PORTE           equ	9	;# 
   135     000A                     PCLATH          equ	10	;# 
   136     000B                     INTCON          equ	11	;# 
   137     000C                     PIR1            equ	12	;# 
   138     000D                     PIR2            equ	13	;# 
   139     000E                     TMR1            equ	14	;# 
   140     000E                     TMR1L           equ	14	;# 
   141     000F                     TMR1H           equ	15	;# 
   142     0010                     T1CON           equ	16	;# 
   143     0011                     TMR2            equ	17	;# 
   144     0012                     T2CON           equ	18	;# 
   145     0013                     SSPBUF          equ	19	;# 
   146     0014                     SSPCON          equ	20	;# 
   147     0015                     CCPR1           equ	21	;# 
   148     0015                     CCPR1L          equ	21	;# 
   149     0016                     CCPR1H          equ	22	;# 
   150     0017                     CCP1CON         equ	23	;# 
   151     0018                     RCSTA           equ	24	;# 
   152     0019                     TXREG           equ	25	;# 
   153     001A                     RCREG           equ	26	;# 
   154     001B                     CCPR2           equ	27	;# 
   155     001B                     CCPR2L          equ	27	;# 
   156     001C                     CCPR2H          equ	28	;# 
   157     001D                     CCP2CON         equ	29	;# 
   158     001E                     ADRESH          equ	30	;# 
   159     001F                     ADCON0          equ	31	;# 
   160     0081                     OPTION_REG      equ	129	;# 
   161     0085                     TRISA           equ	133	;# 
   162     0086                     TRISB           equ	134	;# 
   163     0087                     TRISC           equ	135	;# 
   164     0088                     TRISD           equ	136	;# 
   165     0089                     TRISE           equ	137	;# 
   166     008C                     PIE1            equ	140	;# 
   167     008D                     PIE2            equ	141	;# 
   168     008E                     PCON            equ	142	;# 
   169     008F                     OSCCON          equ	143	;# 
   170     0090                     OSCTUNE         equ	144	;# 
   171     0091                     SSPCON2         equ	145	;# 
   172     0092                     PR2             equ	146	;# 
   173     0093                     SSPADD          equ	147	;# 
   174     0093                     SSPMSK          equ	147	;# 
   175     0093                     MSK             equ	147	;# 
   176     0094                     SSPSTAT         equ	148	;# 
   177     0095                     WPUB            equ	149	;# 
   178     0096                     IOCB            equ	150	;# 
   179     0097                     VRCON           equ	151	;# 
   180     0098                     TXSTA           equ	152	;# 
   181     0099                     SPBRG           equ	153	;# 
   182     009A                     SPBRGH          equ	154	;# 
   183     009B                     PWM1CON         equ	155	;# 
   184     009C                     ECCPAS          equ	156	;# 
   185     009D                     PSTRCON         equ	157	;# 
   186     009E                     ADRESL          equ	158	;# 
   187     009F                     ADCON1          equ	159	;# 
   188     0105                     WDTCON          equ	261	;# 
   189     0107                     CM1CON0         equ	263	;# 
   190     0108                     CM2CON0         equ	264	;# 
   191     0109                     CM2CON1         equ	265	;# 
   192     010C                     EEDATA          equ	268	;# 
   193     010C                     EEDAT           equ	268	;# 
   194     010D                     EEADR           equ	269	;# 
   195     010E                     EEDATH          equ	270	;# 
   196     010F                     EEADRH          equ	271	;# 
   197     0185                     SRCON           equ	389	;# 
   198     0187                     BAUDCTL         equ	391	;# 
   199     0188                     ANSEL           equ	392	;# 
   200     0189                     ANSELH          equ	393	;# 
   201     018C                     EECON1          equ	396	;# 
   202     018D                     EECON2          equ	397	;# 
   203                           
   204                           	psect	idataBANK0
   205     025D                     __pidataBANK0:
   206                           
   207                           ;initializer for _conteo
   208     025D  343F               	retlw	63
   209     025E  3406               	retlw	6
   210     025F  345B               	retlw	91
   211     0260  344F               	retlw	79
   212     0261  3466               	retlw	102
   213     0262  346D               	retlw	109
   214     0263  347D               	retlw	125
   215     0264  3407               	retlw	7
   216     0265  347F               	retlw	127
   217     0266  3467               	retlw	103
   218                           
   219                           ;initializer for _direction
   220     0267  3401               	retlw	1
   221     0268  3400               	retlw	0
   222     0008                     _PORTD          set	8
   223     0007                     _PORTC          set	7
   224     0059                     _INTF           set	89
   225     005C                     _INTE           set	92
   226     005F                     _GIE            set	95
   227     0086                     _TRISB          set	134
   228     0088                     _TRISD          set	136
   229     0087                     _TRISC          set	135
   230     0081                     _OPTION_REG     set	129
   231     040E                     _INTEDG         set	1038
   232     0189                     _ANSELH         set	393
   233     0188                     _ANSEL          set	392
   234                           
   235                           	psect	cinit
   236     000F                     start_initialization:	
   237                           ; #config settings
   238                           
   239     000F                     __initialization:
   240                           
   241                           ; Initialize objects allocated to BANK0
   242     000F  1383               	bcf	3,7	;select IRP bank0
   243     0010  3042               	movlw	low (__pdataBANK0+12)
   244     0011  00FD               	movwf	btemp+-1
   245     0012  3002               	movlw	high __pidataBANK0
   246     0013  00FE               	movwf	btemp
   247     0014  305D               	movlw	low __pidataBANK0
   248     0015  00FF               	movwf	btemp+1
   249     0016  3036               	movlw	low __pdataBANK0
   250     0017  0084               	movwf	4
   251     0018  120A  118A  2240  120A  118A  	fcall	init_ram0
   252     001D                     end_of_initialization:	
   253                           ;End of C runtime variable initialization code
   254                           
   255     001D                     __end_of__initialization:
   256     001D  0183               	clrf	3
   257     001E  120A  118A  2821   	ljmp	_main	;jump to C main() function
   258                           
   259                           	psect	dataBANK0
   260     0036                     __pdataBANK0:
   261     0036                     _conteo:
   262     0036                     	ds	10
   263     0040                     _direction:
   264     0040                     	ds	2
   265                           
   266                           	psect	inittext
   267     023C                     init_fetch0:	
   268                           ;	Called with low address in FSR and high address in W
   269                           
   270     023C  087E               	movf	btemp,w
   271     023D  008A               	movwf	10
   272     023E  087F               	movf	btemp+1,w
   273     023F  0082               	movwf	2
   274     0240                     init_ram0:	
   275                           ;Called with:
   276                           ;	high address of idata address in btemp 
   277                           ;	low address of idata address in btemp+1 
   278                           ;	low address of data in FSR
   279                           ;	high address + 1 of data in btemp-1
   280                           
   281     0240  120A  118A  223C  120A  118A  	fcall	init_fetch0
   282     0245  0080               	movwf	0
   283     0246  0A84               	incf	4,f
   284     0247  0804               	movf	4,w
   285     0248  067D               	xorwf	btemp+-1,w
   286     0249  1903               	btfsc	3,2
   287     024A  3400               	retlw	0
   288     024B  0AFF               	incf	btemp+1,f
   289     024C  1903               	btfsc	3,2
   290     024D  0AFE               	incf	btemp,f
   291     024E  2A40               	goto	init_ram0
   292                           
   293                           	psect	cstackCOMMON
   294     0070                     __pcstackCOMMON:
   295     0070                     ?_main:
   296     0070                     ?_ISR:	
   297                           ; 1 bytes @ 0x0
   298                           
   299     0070                     ?_reverse_direction:	
   300                           ; 1 bytes @ 0x0
   301                           
   302     0070                     reverse_direction@dir:	
   303                           ; 2 bytes @ 0x0
   304                           
   305                           
   306                           ; 2 bytes @ 0x0
   307     0070                     	ds	2
   308     0072                     ??_reverse_direction:
   309     0072                     ??_ISR:	
   310                           ; 1 bytes @ 0x2
   311                           
   312                           
   313                           ; 1 bytes @ 0x2
   314     0072                     	ds	2
   315     0074                     ?___awdiv:
   316     0074                     ___awdiv@divisor:	
   317                           ; 2 bytes @ 0x4
   318                           
   319                           
   320                           ; 2 bytes @ 0x4
   321     0074                     	ds	2
   322     0076                     ___awdiv@dividend:
   323                           
   324                           ; 2 bytes @ 0x6
   325     0076                     	ds	2
   326     0078                     ___awmod@counter:
   327     0078                     ??___awdiv:	
   328                           ; 1 bytes @ 0x8
   329                           
   330     0078                     ??___awmod:	
   331                           ; 1 bytes @ 0x8
   332                           
   333                           
   334                           ; 1 bytes @ 0x8
   335     0078                     	ds	1
   336     0079                     ___awmod@sign:
   337                           
   338                           ; 1 bytes @ 0x9
   339     0079                     	ds	1
   340                           
   341                           	psect	cstackBANK0
   342     0020                     __pcstackBANK0:
   343     0020                     ___awdiv@counter:
   344                           
   345                           ; 1 bytes @ 0x0
   346     0020                     	ds	1
   347     0021                     ___awdiv@sign:
   348                           
   349                           ; 1 bytes @ 0x1
   350     0021                     	ds	1
   351     0022                     ___awdiv@quotient:
   352                           
   353                           ; 2 bytes @ 0x2
   354     0022                     	ds	2
   355     0024                     ?___awmod:
   356     0024                     ___awmod@divisor:	
   357                           ; 2 bytes @ 0x4
   358                           
   359                           
   360                           ; 2 bytes @ 0x4
   361     0024                     	ds	2
   362     0026                     ___awmod@dividend:
   363                           
   364                           ; 2 bytes @ 0x6
   365     0026                     	ds	2
   366     0028                     ??_main:
   367                           
   368                           ; 1 bytes @ 0x8
   369     0028                     	ds	2
   370     002A                     main@dec:
   371                           
   372                           ; 2 bytes @ 0xA
   373     002A                     	ds	2
   374     002C                     main@uni:
   375                           
   376                           ; 2 bytes @ 0xC
   377     002C                     	ds	2
   378     002E                     main@cen:
   379                           
   380                           ; 2 bytes @ 0xE
   381     002E                     	ds	2
   382     0030                     main@mill:
   383                           
   384                           ; 2 bytes @ 0x10
   385     0030                     	ds	2
   386     0032                     main@i:
   387                           
   388                           ; 2 bytes @ 0x12
   389     0032                     	ds	2
   390     0034                     main@num:
   391                           
   392                           ; 2 bytes @ 0x14
   393     0034                     	ds	2
   394                           
   395                           	psect	maintext
   396     0021                     __pmaintext:	
   397 ;;
   398 ;;Main: autosize = 0, tempsize = 2, incstack = 0, save=0
   399 ;;
   400 ;; *************** function _main *****************
   401 ;; Defined at:
   402 ;;		line 144 in file "main.c"
   403 ;; Parameters:    Size  Location     Type
   404 ;;		None
   405 ;; Auto vars:     Size  Location     Type
   406 ;;  i               2   18[BANK0 ] int 
   407 ;;  mill            2   16[BANK0 ] int 
   408 ;;  cen             2   14[BANK0 ] int 
   409 ;;  uni             2   12[BANK0 ] int 
   410 ;;  dec             2   10[BANK0 ] int 
   411 ;;  num             2   20[BANK0 ] int 
   412 ;; Return value:  Size  Location     Type
   413 ;;                  1    wreg      void 
   414 ;; Registers used:
   415 ;;		wreg, fsr0l, fsr0h, status,2, status,0, pclath, btemp1, cstack
   416 ;; Tracked objects:
   417 ;;		On entry : B00/0
   418 ;;		On exit  : 0/0
   419 ;;		Unchanged: 0/0
   420 ;; Data sizes:     COMMON   BANK0   BANK1   BANK3   BANK2
   421 ;;      Params:         0       0       0       0       0
   422 ;;      Locals:         0      12       0       0       0
   423 ;;      Temps:          0       2       0       0       0
   424 ;;      Totals:         0      14       0       0       0
   425 ;;Total ram usage:       14 bytes
   426 ;; Hardware stack levels required when called: 3
   427 ;; This function calls:
   428 ;;		___awdiv
   429 ;;		___awmod
   430 ;; This function is called by:
   431 ;;		Startup code after reset
   432 ;; This function uses a non-reentrant model
   433 ;;
   434                           
   435     0021                     _main:	
   436                           ;psect for function _main
   437                           
   438     0021                     l858:	
   439                           ;incstack = 0
   440                           ; Regs used in _main: [wreg-fsr0h+status,2+status,0+pclath+btemp1+cstack]
   441                           
   442                           
   443                           ;main.c: 145:     ANSEL = 0;
   444     0021  1683               	bsf	3,5	;RP0=1, select bank3
   445     0022  1703               	bsf	3,6	;RP1=1, select bank3
   446     0023  0188               	clrf	8	;volatile
   447                           
   448                           ;main.c: 146:     ANSELH = 0;
   449     0024  0189               	clrf	9	;volatile
   450     0025                     l860:
   451                           
   452                           ;main.c: 148:     OPTION_REG = OPTION_REG & 0b01111111;
   453     0025  1683               	bsf	3,5	;RP0=1, select bank1
   454     0026  1303               	bcf	3,6	;RP1=0, select bank1
   455     0027  0801               	movf	1,w	;volatile
   456     0028  397F               	andlw	127
   457     0029  0081               	movwf	1	;volatile
   458     002A                     l862:
   459                           
   460                           ;main.c: 150:     TRISC = 0;
   461     002A  0187               	clrf	7	;volatile
   462     002B                     l864:
   463                           
   464                           ;main.c: 151:     TRISD = 0;
   465     002B  0188               	clrf	8	;volatile
   466     002C                     l866:
   467                           
   468                           ;main.c: 152:     TRISB = 0xFF;
   469     002C  30FF               	movlw	255
   470     002D  0086               	movwf	6	;volatile
   471     002E                     l868:
   472                           
   473                           ;main.c: 154:     PORTC = 0;
   474     002E  1283               	bcf	3,5	;RP0=0, select bank0
   475     002F  1303               	bcf	3,6	;RP1=0, select bank0
   476     0030  0187               	clrf	7	;volatile
   477     0031                     l870:
   478                           
   479                           ;main.c: 155:     PORTD = 0;
   480     0031  0188               	clrf	8	;volatile
   481     0032                     l872:
   482                           
   483                           ;main.c: 158:     GIE = 1;
   484     0032  178B               	bsf	11,7	;volatile
   485     0033                     l874:
   486                           
   487                           ;main.c: 159:     INTE = 1;
   488     0033  160B               	bsf	11,4	;volatile
   489     0034                     l876:
   490                           
   491                           ;main.c: 160:     INTEDG = 0;
   492     0034  1683               	bsf	3,5	;RP0=1, select bank1
   493     0035  1303               	bcf	3,6	;RP1=0, select bank1
   494     0036  1301               	bcf	1,6	;volatile
   495     0037                     l878:
   496                           
   497                           ;main.c: 162:     int num = 0;
   498     0037  1283               	bcf	3,5	;RP0=0, select bank0
   499     0038  1303               	bcf	3,6	;RP1=0, select bank0
   500     0039  01B4               	clrf	main@num
   501     003A  01B5               	clrf	main@num+1
   502     003B                     l880:
   503                           
   504                           ;main.c: 165:         int dec = (num/10)%10;
   505     003B  300A               	movlw	10
   506     003C  00A4               	movwf	___awmod@divisor
   507     003D  3000               	movlw	0
   508     003E  00A5               	movwf	___awmod@divisor+1
   509     003F  300A               	movlw	10
   510     0040  00F4               	movwf	___awdiv@divisor
   511     0041  3000               	movlw	0
   512     0042  00F5               	movwf	___awdiv@divisor+1
   513     0043  0835               	movf	main@num+1,w
   514     0044  00F7               	movwf	___awdiv@dividend+1
   515     0045  0834               	movf	main@num,w
   516     0046  00F6               	movwf	___awdiv@dividend
   517     0047  120A  118A  215F  120A  118A  	fcall	___awdiv
   518     004C  0875               	movf	?___awdiv+1,w
   519     004D  1283               	bcf	3,5	;RP0=0, select bank0
   520     004E  1303               	bcf	3,6	;RP1=0, select bank0
   521     004F  00A7               	movwf	___awmod@dividend+1
   522     0050  0874               	movf	?___awdiv,w
   523     0051  00A6               	movwf	___awmod@dividend
   524     0052  120A  118A  21C4  120A  118A  	fcall	___awmod
   525     0057  1283               	bcf	3,5	;RP0=0, select bank0
   526     0058  1303               	bcf	3,6	;RP1=0, select bank0
   527     0059  0825               	movf	?___awmod+1,w
   528     005A  00AB               	movwf	main@dec+1
   529     005B  0824               	movf	?___awmod,w
   530     005C  00AA               	movwf	main@dec
   531     005D                     l882:
   532                           
   533                           ;main.c: 166:         int uni = num%10;
   534     005D  300A               	movlw	10
   535     005E  00A4               	movwf	___awmod@divisor
   536     005F  3000               	movlw	0
   537     0060  00A5               	movwf	___awmod@divisor+1
   538     0061  0835               	movf	main@num+1,w
   539     0062  00A7               	movwf	___awmod@dividend+1
   540     0063  0834               	movf	main@num,w
   541     0064  00A6               	movwf	___awmod@dividend
   542     0065  120A  118A  21C4  120A  118A  	fcall	___awmod
   543     006A  1283               	bcf	3,5	;RP0=0, select bank0
   544     006B  1303               	bcf	3,6	;RP1=0, select bank0
   545     006C  0825               	movf	?___awmod+1,w
   546     006D  00AD               	movwf	main@uni+1
   547     006E  0824               	movf	?___awmod,w
   548     006F  00AC               	movwf	main@uni
   549     0070                     l884:
   550                           
   551                           ;main.c: 167:         int cen = (num/100)%10;
   552     0070  300A               	movlw	10
   553     0071  00A4               	movwf	___awmod@divisor
   554     0072  3000               	movlw	0
   555     0073  00A5               	movwf	___awmod@divisor+1
   556     0074  3064               	movlw	100
   557     0075  00F4               	movwf	___awdiv@divisor
   558     0076  3000               	movlw	0
   559     0077  00F5               	movwf	___awdiv@divisor+1
   560     0078  0835               	movf	main@num+1,w
   561     0079  00F7               	movwf	___awdiv@dividend+1
   562     007A  0834               	movf	main@num,w
   563     007B  00F6               	movwf	___awdiv@dividend
   564     007C  120A  118A  215F  120A  118A  	fcall	___awdiv
   565     0081  0875               	movf	?___awdiv+1,w
   566     0082  1283               	bcf	3,5	;RP0=0, select bank0
   567     0083  1303               	bcf	3,6	;RP1=0, select bank0
   568     0084  00A7               	movwf	___awmod@dividend+1
   569     0085  0874               	movf	?___awdiv,w
   570     0086  00A6               	movwf	___awmod@dividend
   571     0087  120A  118A  21C4  120A  118A  	fcall	___awmod
   572     008C  1283               	bcf	3,5	;RP0=0, select bank0
   573     008D  1303               	bcf	3,6	;RP1=0, select bank0
   574     008E  0825               	movf	?___awmod+1,w
   575     008F  00AF               	movwf	main@cen+1
   576     0090  0824               	movf	?___awmod,w
   577     0091  00AE               	movwf	main@cen
   578     0092                     l886:
   579                           
   580                           ;main.c: 168:         int mill = (num/1000)%10;
   581     0092  300A               	movlw	10
   582     0093  00A4               	movwf	___awmod@divisor
   583     0094  3000               	movlw	0
   584     0095  00A5               	movwf	___awmod@divisor+1
   585     0096  30E8               	movlw	232
   586     0097  00F4               	movwf	___awdiv@divisor
   587     0098  3003               	movlw	3
   588     0099  00F5               	movwf	___awdiv@divisor+1
   589     009A  0835               	movf	main@num+1,w
   590     009B  00F7               	movwf	___awdiv@dividend+1
   591     009C  0834               	movf	main@num,w
   592     009D  00F6               	movwf	___awdiv@dividend
   593     009E  120A  118A  215F  120A  118A  	fcall	___awdiv
   594     00A3  0875               	movf	?___awdiv+1,w
   595     00A4  1283               	bcf	3,5	;RP0=0, select bank0
   596     00A5  1303               	bcf	3,6	;RP1=0, select bank0
   597     00A6  00A7               	movwf	___awmod@dividend+1
   598     00A7  0874               	movf	?___awdiv,w
   599     00A8  00A6               	movwf	___awmod@dividend
   600     00A9  120A  118A  21C4  120A  118A  	fcall	___awmod
   601     00AE  1283               	bcf	3,5	;RP0=0, select bank0
   602     00AF  1303               	bcf	3,6	;RP1=0, select bank0
   603     00B0  0825               	movf	?___awmod+1,w
   604     00B1  00B1               	movwf	main@mill+1
   605     00B2  0824               	movf	?___awmod,w
   606     00B3  00B0               	movwf	main@mill
   607     00B4                     l888:
   608                           
   609                           ;main.c: 170:         for(int i = 0; i < 6; i++){
   610     00B4  01B2               	clrf	main@i
   611     00B5  01B3               	clrf	main@i+1
   612     00B6                     l40:
   613                           
   614                           ;main.c: 172:             PORTC = 0b11110111;
   615     00B6  30F7               	movlw	247
   616     00B7  1283               	bcf	3,5	;RP0=0, select bank0
   617     00B8  1303               	bcf	3,6	;RP1=0, select bank0
   618     00B9  0087               	movwf	7	;volatile
   619     00BA                     l894:
   620                           
   621                           ;main.c: 173:             PORTD = conteo[mill];
   622     00BA  0830               	movf	main@mill,w
   623     00BB  3E36               	addlw	(low (_conteo| 0))& (0+255)
   624     00BC  0084               	movwf	4
   625     00BD  1383               	bcf	3,7	;select IRP bank0
   626     00BE  0800               	movf	0,w
   627     00BF  0088               	movwf	8	;volatile
   628     00C0                     l896:
   629                           
   630                           ;main.c: 174:              _delay((unsigned long)((1)*(8000000/4000.0)));
   631     00C0  3003               	movlw	3
   632     00C1  1283               	bcf	3,5	;RP0=0, select bank0
   633     00C2  1303               	bcf	3,6	;RP1=0, select bank0
   634     00C3  00A9               	movwf	??_main+1
   635     00C4  3097               	movlw	151
   636     00C5  00A8               	movwf	??_main
   637     00C6                     u497:
   638     00C6  0BA8               	decfsz	??_main,f
   639     00C7  28C6               	goto	u497
   640     00C8  0BA9               	decfsz	??_main+1,f
   641     00C9  28C6               	goto	u497
   642     00CA                     l898:
   643                           
   644                           ;main.c: 177:             PORTC = 0b11111011;
   645     00CA  30FB               	movlw	251
   646     00CB  1283               	bcf	3,5	;RP0=0, select bank0
   647     00CC  1303               	bcf	3,6	;RP1=0, select bank0
   648     00CD  0087               	movwf	7	;volatile
   649     00CE                     l900:
   650                           
   651                           ;main.c: 178:             PORTD = conteo[cen];
   652     00CE  082E               	movf	main@cen,w
   653     00CF  3E36               	addlw	(low (_conteo| 0))& (0+255)
   654     00D0  0084               	movwf	4
   655     00D1  1383               	bcf	3,7	;select IRP bank0
   656     00D2  0800               	movf	0,w
   657     00D3  0088               	movwf	8	;volatile
   658                           
   659                           ;main.c: 179:              _delay((unsigned long)((1)*(8000000/4000.0)));
   660     00D4  3003               	movlw	3
   661     00D5  1283               	bcf	3,5	;RP0=0, select bank0
   662     00D6  1303               	bcf	3,6	;RP1=0, select bank0
   663     00D7  00A9               	movwf	??_main+1
   664     00D8  3097               	movlw	151
   665     00D9  00A8               	movwf	??_main
   666     00DA                     u507:
   667     00DA  0BA8               	decfsz	??_main,f
   668     00DB  28DA               	goto	u507
   669     00DC  0BA9               	decfsz	??_main+1,f
   670     00DD  28DA               	goto	u507
   671     00DE                     l902:
   672                           
   673                           ;main.c: 182:             PORTC = 0b11111101;
   674     00DE  30FD               	movlw	253
   675     00DF  1283               	bcf	3,5	;RP0=0, select bank0
   676     00E0  1303               	bcf	3,6	;RP1=0, select bank0
   677     00E1  0087               	movwf	7	;volatile
   678     00E2                     l904:
   679                           
   680                           ;main.c: 183:             PORTD = conteo[dec];
   681     00E2  082A               	movf	main@dec,w
   682     00E3  3E36               	addlw	(low (_conteo| 0))& (0+255)
   683     00E4  0084               	movwf	4
   684     00E5  1383               	bcf	3,7	;select IRP bank0
   685     00E6  0800               	movf	0,w
   686     00E7  0088               	movwf	8	;volatile
   687     00E8                     l906:
   688                           
   689                           ;main.c: 185:             _delay((unsigned long)((1)*(8000000/4000.0)));
   690     00E8  3003               	movlw	3
   691     00E9  1283               	bcf	3,5	;RP0=0, select bank0
   692     00EA  1303               	bcf	3,6	;RP1=0, select bank0
   693     00EB  00A9               	movwf	??_main+1
   694     00EC  3097               	movlw	151
   695     00ED  00A8               	movwf	??_main
   696     00EE                     u517:
   697     00EE  0BA8               	decfsz	??_main,f
   698     00EF  28EE               	goto	u517
   699     00F0  0BA9               	decfsz	??_main+1,f
   700     00F1  28EE               	goto	u517
   701     00F2                     l908:
   702                           
   703                           ;main.c: 188:             PORTC = 0b11111110;
   704     00F2  30FE               	movlw	254
   705     00F3  1283               	bcf	3,5	;RP0=0, select bank0
   706     00F4  1303               	bcf	3,6	;RP1=0, select bank0
   707     00F5  0087               	movwf	7	;volatile
   708                           
   709                           ;main.c: 189:             PORTD = conteo[uni];
   710     00F6  082C               	movf	main@uni,w
   711     00F7  3E36               	addlw	(low (_conteo| 0))& (0+255)
   712     00F8  0084               	movwf	4
   713     00F9  1383               	bcf	3,7	;select IRP bank0
   714     00FA  0800               	movf	0,w
   715     00FB  0088               	movwf	8	;volatile
   716     00FC                     l910:
   717                           
   718                           ;main.c: 191:             _delay((unsigned long)((1)*(8000000/4000.0)));
   719     00FC  3003               	movlw	3
   720     00FD  1283               	bcf	3,5	;RP0=0, select bank0
   721     00FE  1303               	bcf	3,6	;RP1=0, select bank0
   722     00FF  00A9               	movwf	??_main+1
   723     0100  3097               	movlw	151
   724     0101  00A8               	movwf	??_main
   725     0102                     u527:
   726     0102  0BA8               	decfsz	??_main,f
   727     0103  2902               	goto	u527
   728     0104  0BA9               	decfsz	??_main+1,f
   729     0105  2902               	goto	u527
   730     0106                     l912:
   731                           
   732                           ;main.c: 192:         }
   733     0106  3001               	movlw	1
   734     0107  1283               	bcf	3,5	;RP0=0, select bank0
   735     0108  1303               	bcf	3,6	;RP1=0, select bank0
   736     0109  07B2               	addwf	main@i,f
   737     010A  1803               	skipnc
   738     010B  0AB3               	incf	main@i+1,f
   739     010C  3000               	movlw	0
   740     010D  07B3               	addwf	main@i+1,f
   741     010E                     l914:
   742     010E  0833               	movf	main@i+1,w
   743     010F  3A80               	xorlw	128
   744     0110  00FF               	movwf	btemp1
   745     0111  3080               	movlw	128
   746     0112  027F               	subwf	btemp1,w
   747     0113  1D03               	skipz
   748     0114  2917               	goto	u455
   749     0115  3006               	movlw	6
   750     0116  0232               	subwf	main@i,w
   751     0117                     u455:
   752     0117  1C03               	skipc
   753     0118  291A               	goto	u451
   754     0119  291B               	goto	u450
   755     011A                     u451:
   756     011A  28B6               	goto	l40
   757     011B                     u450:
   758     011B                     l916:
   759                           
   760                           ;main.c: 195:         if(direction == 1){
   761     011B  1283               	bcf	3,5	;RP0=0, select bank0
   762     011C  1303               	bcf	3,6	;RP1=0, select bank0
   763     011D  0340               	decf	_direction,w
   764     011E  0441               	iorwf	_direction+1,w
   765     011F  1D03               	btfss	3,2
   766     0120  2922               	goto	u461
   767     0121  2923               	goto	u460
   768     0122                     u461:
   769     0122  293B               	goto	l42
   770     0123                     u460:
   771     0123                     l918:
   772                           
   773                           ;main.c: 196:             num = (num+1)%10000;
   774     0123  3010               	movlw	16
   775     0124  00A4               	movwf	___awmod@divisor
   776     0125  3027               	movlw	39
   777     0126  00A5               	movwf	___awmod@divisor+1
   778     0127  0834               	movf	main@num,w
   779     0128  3E01               	addlw	1
   780     0129  00A6               	movwf	___awmod@dividend
   781     012A  0835               	movf	main@num+1,w
   782     012B  1803               	skipnc
   783     012C  3E01               	addlw	1
   784     012D  3E00               	addlw	0
   785     012E  00A7               	movwf	___awmod@dividend+1
   786     012F  120A  118A  21C4  120A  118A  	fcall	___awmod
   787     0134  1283               	bcf	3,5	;RP0=0, select bank0
   788     0135  1303               	bcf	3,6	;RP1=0, select bank0
   789     0136  0825               	movf	?___awmod+1,w
   790     0137  00B5               	movwf	main@num+1
   791     0138  0824               	movf	?___awmod,w
   792     0139  00B4               	movwf	main@num
   793                           
   794                           ;main.c: 197:         }else{
   795     013A  283B               	goto	l880
   796     013B                     l42:
   797                           
   798                           ;main.c: 198:             if(num > -1){
   799     013B  1BB5               	btfsc	main@num+1,7
   800     013C  293E               	goto	u471
   801     013D  293F               	goto	u470
   802     013E                     u471:
   803     013E  2957               	goto	l922
   804     013F                     u470:
   805     013F                     l920:
   806                           
   807                           ;main.c: 199:                 num = (num-1)%10000;
   808     013F  3010               	movlw	16
   809     0140  00A4               	movwf	___awmod@divisor
   810     0141  3027               	movlw	39
   811     0142  00A5               	movwf	___awmod@divisor+1
   812     0143  0834               	movf	main@num,w
   813     0144  3EFF               	addlw	255
   814     0145  00A6               	movwf	___awmod@dividend
   815     0146  0835               	movf	main@num+1,w
   816     0147  1803               	skipnc
   817     0148  3E01               	addlw	1
   818     0149  3EFF               	addlw	255
   819     014A  00A7               	movwf	___awmod@dividend+1
   820     014B  120A  118A  21C4  120A  118A  	fcall	___awmod
   821     0150  1283               	bcf	3,5	;RP0=0, select bank0
   822     0151  1303               	bcf	3,6	;RP1=0, select bank0
   823     0152  0825               	movf	?___awmod+1,w
   824     0153  00B5               	movwf	main@num+1
   825     0154  0824               	movf	?___awmod,w
   826     0155  00B4               	movwf	main@num
   827                           
   828                           ;main.c: 200:             }else{
   829     0156  283B               	goto	l880
   830     0157                     l922:
   831                           
   832                           ;main.c: 201:                 num = 9999;
   833     0157  300F               	movlw	15
   834     0158  00B4               	movwf	main@num
   835     0159  3027               	movlw	39
   836     015A  00B5               	movwf	main@num+1
   837     015B  283B               	goto	l880
   838     015C  120A  118A  280C   	ljmp	start
   839     015F                     __end_of_main:
   840                           
   841                           	psect	text1
   842     01C4                     __ptext1:	
   843 ;; *************** function ___awmod *****************
   844 ;; Defined at:
   845 ;;		line 5 in file "C:\Program Files\Microchip\xc8\v3.10\pic\sources\c99\common\awmod.c"
   846 ;; Parameters:    Size  Location     Type
   847 ;;  divisor         2    4[BANK0 ] int 
   848 ;;  dividend        2    6[BANK0 ] int 
   849 ;; Auto vars:     Size  Location     Type
   850 ;;  sign            1    9[COMMON] unsigned char 
   851 ;;  counter         1    8[COMMON] unsigned char 
   852 ;; Return value:  Size  Location     Type
   853 ;;                  2    4[BANK0 ] int 
   854 ;; Registers used:
   855 ;;		wreg, status,2, status,0
   856 ;; Tracked objects:
   857 ;;		On entry : 0/0
   858 ;;		On exit  : 0/0
   859 ;;		Unchanged: 0/0
   860 ;; Data sizes:     COMMON   BANK0   BANK1   BANK3   BANK2
   861 ;;      Params:         0       4       0       0       0
   862 ;;      Locals:         2       0       0       0       0
   863 ;;      Temps:          0       0       0       0       0
   864 ;;      Totals:         2       4       0       0       0
   865 ;;Total ram usage:        6 bytes
   866 ;; Hardware stack levels used: 1
   867 ;; Hardware stack levels required when called: 2
   868 ;; This function calls:
   869 ;;		Nothing
   870 ;; This function is called by:
   871 ;;		_main
   872 ;; This function uses a non-reentrant model
   873 ;;
   874                           
   875     01C4                     ___awmod:	
   876                           ;psect for function ___awmod
   877                           
   878     01C4                     l820:	
   879                           ;incstack = 0
   880                           ; Regs used in ___awmod: [wreg+status,2+status,0]
   881                           
   882     01C4  01F9               	clrf	___awmod@sign
   883     01C5                     l822:
   884     01C5  1283               	bcf	3,5	;RP0=0, select bank0
   885     01C6  1303               	bcf	3,6	;RP1=0, select bank0
   886     01C7  1FA7               	btfss	___awmod@dividend+1,7
   887     01C8  29CA               	goto	u361
   888     01C9  29CB               	goto	u360
   889     01CA                     u361:
   890     01CA  29D2               	goto	l828
   891     01CB                     u360:
   892     01CB                     l824:
   893     01CB  09A6               	comf	___awmod@dividend,f
   894     01CC  09A7               	comf	___awmod@dividend+1,f
   895     01CD  0AA6               	incf	___awmod@dividend,f
   896     01CE  1903               	skipnz
   897     01CF  0AA7               	incf	___awmod@dividend+1,f
   898     01D0                     l826:
   899     01D0  3001               	movlw	1
   900     01D1  00F9               	movwf	___awmod@sign
   901     01D2                     l828:
   902     01D2  1FA5               	btfss	___awmod@divisor+1,7
   903     01D3  29D5               	goto	u371
   904     01D4  29D6               	goto	u370
   905     01D5                     u371:
   906     01D5  29DB               	goto	l832
   907     01D6                     u370:
   908     01D6                     l830:
   909     01D6  09A4               	comf	___awmod@divisor,f
   910     01D7  09A5               	comf	___awmod@divisor+1,f
   911     01D8  0AA4               	incf	___awmod@divisor,f
   912     01D9  1903               	skipnz
   913     01DA  0AA5               	incf	___awmod@divisor+1,f
   914     01DB                     l832:
   915     01DB  0824               	movf	___awmod@divisor,w
   916     01DC  0425               	iorwf	___awmod@divisor+1,w
   917     01DD  1903               	btfsc	3,2
   918     01DE  29E0               	goto	u381
   919     01DF  29E1               	goto	u380
   920     01E0                     u381:
   921     01E0  2A0E               	goto	l850
   922     01E1                     u380:
   923     01E1                     l834:
   924     01E1  3001               	movlw	1
   925     01E2  00F8               	movwf	___awmod@counter
   926     01E3  29ED               	goto	l840
   927     01E4                     l836:
   928     01E4  3001               	movlw	1
   929     01E5                     u395:
   930     01E5  1003               	clrc
   931     01E6  0DA4               	rlf	___awmod@divisor,f
   932     01E7  0DA5               	rlf	___awmod@divisor+1,f
   933     01E8  3EFF               	addlw	-1
   934     01E9  1D03               	skipz
   935     01EA  29E5               	goto	u395
   936     01EB                     l838:
   937     01EB  3001               	movlw	1
   938     01EC  07F8               	addwf	___awmod@counter,f
   939     01ED                     l840:
   940     01ED  1FA5               	btfss	___awmod@divisor+1,7
   941     01EE  29F0               	goto	u401
   942     01EF  29F1               	goto	u400
   943     01F0                     u401:
   944     01F0  29E4               	goto	l836
   945     01F1                     u400:
   946     01F1                     l842:
   947     01F1  0825               	movf	___awmod@divisor+1,w
   948     01F2  0227               	subwf	___awmod@dividend+1,w
   949     01F3  1D03               	skipz
   950     01F4  29F7               	goto	u415
   951     01F5  0824               	movf	___awmod@divisor,w
   952     01F6  0226               	subwf	___awmod@dividend,w
   953     01F7                     u415:
   954     01F7  1C03               	skipc
   955     01F8  29FA               	goto	u411
   956     01F9  29FB               	goto	u410
   957     01FA                     u411:
   958     01FA  2A01               	goto	l846
   959     01FB                     u410:
   960     01FB                     l844:
   961     01FB  0824               	movf	___awmod@divisor,w
   962     01FC  02A6               	subwf	___awmod@dividend,f
   963     01FD  0825               	movf	___awmod@divisor+1,w
   964     01FE  1C03               	skipc
   965     01FF  03A7               	decf	___awmod@dividend+1,f
   966     0200  02A7               	subwf	___awmod@dividend+1,f
   967     0201                     l846:
   968     0201  3001               	movlw	1
   969     0202                     u425:
   970     0202  1003               	clrc
   971     0203  0CA5               	rrf	___awmod@divisor+1,f
   972     0204  0CA4               	rrf	___awmod@divisor,f
   973     0205  3EFF               	addlw	-1
   974     0206  1D03               	skipz
   975     0207  2A02               	goto	u425
   976     0208                     l848:
   977     0208  3001               	movlw	1
   978     0209  02F8               	subwf	___awmod@counter,f
   979     020A  1D03               	btfss	3,2
   980     020B  2A0D               	goto	u431
   981     020C  2A0E               	goto	u430
   982     020D                     u431:
   983     020D  29F1               	goto	l842
   984     020E                     u430:
   985     020E                     l850:
   986     020E  0879               	movf	___awmod@sign,w
   987     020F  1903               	btfsc	3,2
   988     0210  2A12               	goto	u441
   989     0211  2A13               	goto	u440
   990     0212                     u441:
   991     0212  2A18               	goto	l854
   992     0213                     u440:
   993     0213                     l852:
   994     0213  09A6               	comf	___awmod@dividend,f
   995     0214  09A7               	comf	___awmod@dividend+1,f
   996     0215  0AA6               	incf	___awmod@dividend,f
   997     0216  1903               	skipnz
   998     0217  0AA7               	incf	___awmod@dividend+1,f
   999     0218                     l854:
  1000     0218  0827               	movf	___awmod@dividend+1,w
  1001     0219  00A5               	movwf	?___awmod+1
  1002     021A  0826               	movf	___awmod@dividend,w
  1003     021B  00A4               	movwf	?___awmod
  1004     021C                     l306:
  1005     021C  0008               	return
  1006     021D                     __end_of___awmod:
  1007                           
  1008                           	psect	text2
  1009     015F                     __ptext2:	
  1010 ;; *************** function ___awdiv *****************
  1011 ;; Defined at:
  1012 ;;		line 5 in file "C:\Program Files\Microchip\xc8\v3.10\pic\sources\c99\common\awdiv.c"
  1013 ;; Parameters:    Size  Location     Type
  1014 ;;  divisor         2    4[COMMON] int 
  1015 ;;  dividend        2    6[COMMON] int 
  1016 ;; Auto vars:     Size  Location     Type
  1017 ;;  quotient        2    2[BANK0 ] int 
  1018 ;;  sign            1    1[BANK0 ] unsigned char 
  1019 ;;  counter         1    0[BANK0 ] unsigned char 
  1020 ;; Return value:  Size  Location     Type
  1021 ;;                  2    4[COMMON] int 
  1022 ;; Registers used:
  1023 ;;		wreg, status,2, status,0
  1024 ;; Tracked objects:
  1025 ;;		On entry : 0/0
  1026 ;;		On exit  : 0/0
  1027 ;;		Unchanged: 0/0
  1028 ;; Data sizes:     COMMON   BANK0   BANK1   BANK3   BANK2
  1029 ;;      Params:         4       0       0       0       0
  1030 ;;      Locals:         0       4       0       0       0
  1031 ;;      Temps:          0       0       0       0       0
  1032 ;;      Totals:         4       4       0       0       0
  1033 ;;Total ram usage:        8 bytes
  1034 ;; Hardware stack levels used: 1
  1035 ;; Hardware stack levels required when called: 2
  1036 ;; This function calls:
  1037 ;;		Nothing
  1038 ;; This function is called by:
  1039 ;;		_main
  1040 ;; This function uses a non-reentrant model
  1041 ;;
  1042                           
  1043     015F                     ___awdiv:	
  1044                           ;psect for function ___awdiv
  1045                           
  1046     015F                     l776:	
  1047                           ;incstack = 0
  1048                           ; Regs used in ___awdiv: [wreg+status,2+status,0]
  1049                           
  1050     015F  1283               	bcf	3,5	;RP0=0, select bank0
  1051     0160  1303               	bcf	3,6	;RP1=0, select bank0
  1052     0161  01A1               	clrf	___awdiv@sign
  1053     0162                     l778:
  1054     0162  1FF5               	btfss	___awdiv@divisor+1,7
  1055     0163  2965               	goto	u261
  1056     0164  2966               	goto	u260
  1057     0165                     u261:
  1058     0165  296D               	goto	l784
  1059     0166                     u260:
  1060     0166                     l780:
  1061     0166  09F4               	comf	___awdiv@divisor,f
  1062     0167  09F5               	comf	___awdiv@divisor+1,f
  1063     0168  0AF4               	incf	___awdiv@divisor,f
  1064     0169  1903               	skipnz
  1065     016A  0AF5               	incf	___awdiv@divisor+1,f
  1066     016B                     l782:
  1067     016B  3001               	movlw	1
  1068     016C  00A1               	movwf	___awdiv@sign
  1069     016D                     l784:
  1070     016D  1FF7               	btfss	___awdiv@dividend+1,7
  1071     016E  2970               	goto	u271
  1072     016F  2971               	goto	u270
  1073     0170                     u271:
  1074     0170  2978               	goto	l790
  1075     0171                     u270:
  1076     0171                     l786:
  1077     0171  09F6               	comf	___awdiv@dividend,f
  1078     0172  09F7               	comf	___awdiv@dividend+1,f
  1079     0173  0AF6               	incf	___awdiv@dividend,f
  1080     0174  1903               	skipnz
  1081     0175  0AF7               	incf	___awdiv@dividend+1,f
  1082     0176                     l788:
  1083     0176  3001               	movlw	1
  1084     0177  06A1               	xorwf	___awdiv@sign,f
  1085     0178                     l790:
  1086     0178  01A2               	clrf	___awdiv@quotient
  1087     0179  01A3               	clrf	___awdiv@quotient+1
  1088     017A                     l792:
  1089     017A  0874               	movf	___awdiv@divisor,w
  1090     017B  0475               	iorwf	___awdiv@divisor+1,w
  1091     017C  1903               	btfsc	3,2
  1092     017D  297F               	goto	u281
  1093     017E  2980               	goto	u280
  1094     017F                     u281:
  1095     017F  29B5               	goto	l812
  1096     0180                     u280:
  1097     0180                     l794:
  1098     0180  3001               	movlw	1
  1099     0181  00A0               	movwf	___awdiv@counter
  1100     0182  298C               	goto	l800
  1101     0183                     l796:
  1102     0183  3001               	movlw	1
  1103     0184                     u295:
  1104     0184  1003               	clrc
  1105     0185  0DF4               	rlf	___awdiv@divisor,f
  1106     0186  0DF5               	rlf	___awdiv@divisor+1,f
  1107     0187  3EFF               	addlw	-1
  1108     0188  1D03               	skipz
  1109     0189  2984               	goto	u295
  1110     018A                     l798:
  1111     018A  3001               	movlw	1
  1112     018B  07A0               	addwf	___awdiv@counter,f
  1113     018C                     l800:
  1114     018C  1FF5               	btfss	___awdiv@divisor+1,7
  1115     018D  298F               	goto	u301
  1116     018E  2990               	goto	u300
  1117     018F                     u301:
  1118     018F  2983               	goto	l796
  1119     0190                     u300:
  1120     0190                     l802:
  1121     0190  3001               	movlw	1
  1122     0191                     u315:
  1123     0191  1003               	clrc
  1124     0192  0DA2               	rlf	___awdiv@quotient,f
  1125     0193  0DA3               	rlf	___awdiv@quotient+1,f
  1126     0194  3EFF               	addlw	-1
  1127     0195  1D03               	skipz
  1128     0196  2991               	goto	u315
  1129     0197  0875               	movf	___awdiv@divisor+1,w
  1130     0198  0277               	subwf	___awdiv@dividend+1,w
  1131     0199  1D03               	skipz
  1132     019A  299D               	goto	u325
  1133     019B  0874               	movf	___awdiv@divisor,w
  1134     019C  0276               	subwf	___awdiv@dividend,w
  1135     019D                     u325:
  1136     019D  1C03               	skipc
  1137     019E  29A0               	goto	u321
  1138     019F  29A1               	goto	u320
  1139     01A0                     u321:
  1140     01A0  29A8               	goto	l808
  1141     01A1                     u320:
  1142     01A1                     l804:
  1143     01A1  0874               	movf	___awdiv@divisor,w
  1144     01A2  02F6               	subwf	___awdiv@dividend,f
  1145     01A3  0875               	movf	___awdiv@divisor+1,w
  1146     01A4  1C03               	skipc
  1147     01A5  03F7               	decf	___awdiv@dividend+1,f
  1148     01A6  02F7               	subwf	___awdiv@dividend+1,f
  1149     01A7                     l806:
  1150     01A7  1422               	bsf	___awdiv@quotient,0
  1151     01A8                     l808:
  1152     01A8  3001               	movlw	1
  1153     01A9                     u335:
  1154     01A9  1003               	clrc
  1155     01AA  0CF5               	rrf	___awdiv@divisor+1,f
  1156     01AB  0CF4               	rrf	___awdiv@divisor,f
  1157     01AC  3EFF               	addlw	-1
  1158     01AD  1D03               	skipz
  1159     01AE  29A9               	goto	u335
  1160     01AF                     l810:
  1161     01AF  3001               	movlw	1
  1162     01B0  02A0               	subwf	___awdiv@counter,f
  1163     01B1  1D03               	btfss	3,2
  1164     01B2  29B4               	goto	u341
  1165     01B3  29B5               	goto	u340
  1166     01B4                     u341:
  1167     01B4  2990               	goto	l802
  1168     01B5                     u340:
  1169     01B5                     l812:
  1170     01B5  0821               	movf	___awdiv@sign,w
  1171     01B6  1903               	btfsc	3,2
  1172     01B7  29B9               	goto	u351
  1173     01B8  29BA               	goto	u350
  1174     01B9                     u351:
  1175     01B9  29BF               	goto	l816
  1176     01BA                     u350:
  1177     01BA                     l814:
  1178     01BA  09A2               	comf	___awdiv@quotient,f
  1179     01BB  09A3               	comf	___awdiv@quotient+1,f
  1180     01BC  0AA2               	incf	___awdiv@quotient,f
  1181     01BD  1903               	skipnz
  1182     01BE  0AA3               	incf	___awdiv@quotient+1,f
  1183     01BF                     l816:
  1184     01BF  0823               	movf	___awdiv@quotient+1,w
  1185     01C0  00F5               	movwf	?___awdiv+1
  1186     01C1  0822               	movf	___awdiv@quotient,w
  1187     01C2  00F4               	movwf	?___awdiv
  1188     01C3                     l293:
  1189     01C3  0008               	return
  1190     01C4                     __end_of___awdiv:
  1191                           
  1192                           	psect	text3
  1193     021D                     __ptext3:	
  1194 ;; *************** function _ISR *****************
  1195 ;; Defined at:
  1196 ;;		line 207 in file "main.c"
  1197 ;; Parameters:    Size  Location     Type
  1198 ;;		None
  1199 ;; Auto vars:     Size  Location     Type
  1200 ;;		None
  1201 ;; Return value:  Size  Location     Type
  1202 ;;                  1    wreg      void 
  1203 ;; Registers used:
  1204 ;;		wreg, status,2, status,0, pclath, cstack
  1205 ;; Tracked objects:
  1206 ;;		On entry : 0/0
  1207 ;;		On exit  : 0/0
  1208 ;;		Unchanged: 0/0
  1209 ;; Data sizes:     COMMON   BANK0   BANK1   BANK3   BANK2
  1210 ;;      Params:         0       0       0       0       0
  1211 ;;      Locals:         0       0       0       0       0
  1212 ;;      Temps:          2       0       0       0       0
  1213 ;;      Totals:         2       0       0       0       0
  1214 ;;Total ram usage:        2 bytes
  1215 ;; Hardware stack levels used: 1
  1216 ;; Hardware stack levels required when called: 1
  1217 ;; This function calls:
  1218 ;;		_reverse_direction
  1219 ;; This function is called by:
  1220 ;;		Interrupt level 1
  1221 ;; This function uses a non-reentrant model
  1222 ;;
  1223                           
  1224     021D                     _ISR:	
  1225                           ;psect for function _ISR
  1226                           
  1227     021D                     i1l924:
  1228                           
  1229                           ;main.c: 208:     if(INTF){
  1230     021D  1C8B               	btfss	11,1	;volatile
  1231     021E  2A20               	goto	u48_21
  1232     021F  2A21               	goto	u48_20
  1233     0220                     u48_21:
  1234     0220  2A35               	goto	i1l54
  1235     0221                     u48_20:
  1236     0221                     i1l926:
  1237                           
  1238                           ;main.c: 209:         GIE = 0;
  1239     0221  138B               	bcf	11,7	;volatile
  1240     0222                     i1l928:
  1241                           
  1242                           ;main.c: 210:         direction = reverse_direction(direction);
  1243     0222  1283               	bcf	3,5	;RP0=0, select bank0
  1244     0223  1303               	bcf	3,6	;RP1=0, select bank0
  1245     0224  0841               	movf	_direction+1,w
  1246     0225  00F1               	movwf	reverse_direction@dir+1
  1247     0226  0840               	movf	_direction,w
  1248     0227  00F0               	movwf	reverse_direction@dir
  1249     0228  120A  118A  224F  120A  118A  	fcall	_reverse_direction
  1250     022D  0871               	movf	?_reverse_direction+1,w
  1251     022E  1283               	bcf	3,5	;RP0=0, select bank0
  1252     022F  1303               	bcf	3,6	;RP1=0, select bank0
  1253     0230  00C1               	movwf	_direction+1
  1254     0231  0870               	movf	?_reverse_direction,w
  1255     0232  00C0               	movwf	_direction
  1256     0233                     i1l930:
  1257                           
  1258                           ;main.c: 211:         GIE = 1;
  1259     0233  178B               	bsf	11,7	;volatile
  1260     0234                     i1l932:
  1261                           
  1262                           ;main.c: 212:         INTF = 0;
  1263     0234  108B               	bcf	11,1	;volatile
  1264     0235                     i1l54:
  1265     0235  0873               	movf	??_ISR+1,w
  1266     0236  008A               	movwf	10
  1267     0237  0E72               	swapf	??_ISR,w
  1268     0238  0083               	movwf	3
  1269     0239  0EFE               	swapf	btemp,f
  1270     023A  0E7E               	swapf	btemp,w
  1271     023B  0009               	retfie
  1272     023C                     __end_of_ISR:
  1273                           
  1274                           	psect	intentry
  1275     0004                     __pintentry:	
  1276                           ;incstack = 0
  1277                           ; Regs used in _ISR: [wreg+status,2+status,0+pclath+cstack]
  1278                           
  1279     0004                     interrupt_function:
  1280     007E                     saved_w         set	btemp
  1281     0004  00FE               	movwf	btemp
  1282     0005  0E03               	swapf	3,w
  1283     0006  00F2               	movwf	??_ISR
  1284     0007  080A               	movf	10,w
  1285     0008  00F3               	movwf	??_ISR+1
  1286     0009  120A  118A  2A1D   	ljmp	_ISR
  1287                           
  1288                           	psect	text4
  1289     024F                     __ptext4:	
  1290 ;; *************** function _reverse_direction *****************
  1291 ;; Defined at:
  1292 ;;		line 137 in file "main.c"
  1293 ;; Parameters:    Size  Location     Type
  1294 ;;  dir             2    0[COMMON] int 
  1295 ;; Auto vars:     Size  Location     Type
  1296 ;;		None
  1297 ;; Return value:  Size  Location     Type
  1298 ;;                  2    0[COMMON] int 
  1299 ;; Registers used:
  1300 ;;		wreg, status,2, status,0
  1301 ;; Tracked objects:
  1302 ;;		On entry : 0/0
  1303 ;;		On exit  : 0/0
  1304 ;;		Unchanged: 0/0
  1305 ;; Data sizes:     COMMON   BANK0   BANK1   BANK3   BANK2
  1306 ;;      Params:         2       0       0       0       0
  1307 ;;      Locals:         0       0       0       0       0
  1308 ;;      Temps:          0       0       0       0       0
  1309 ;;      Totals:         2       0       0       0       0
  1310 ;;Total ram usage:        2 bytes
  1311 ;; Hardware stack levels used: 1
  1312 ;; This function calls:
  1313 ;;		Nothing
  1314 ;; This function is called by:
  1315 ;;		_ISR
  1316 ;; This function uses a non-reentrant model
  1317 ;;
  1318                           
  1319     024F                     _reverse_direction:	
  1320                           ;psect for function _reverse_direction
  1321                           
  1322     024F                     i1l766:	
  1323                           ;incstack = 0
  1324                           ; Regs used in _reverse_direction: [wreg+status,2+status,0]
  1325                           
  1326                           
  1327                           ;main.c: 138:     if(dir == 1){
  1328     024F  0370               	decf	reverse_direction@dir,w
  1329     0250  0471               	iorwf	reverse_direction@dir+1,w
  1330     0251  1D03               	btfss	3,2
  1331     0252  2A54               	goto	u25_21
  1332     0253  2A55               	goto	u25_20
  1333     0254                     u25_21:
  1334     0254  2A58               	goto	i1l772
  1335     0255                     u25_20:
  1336     0255                     i1l768:
  1337                           
  1338                           ;main.c: 139:         return 0;
  1339     0255  01F0               	clrf	?_reverse_direction
  1340     0256  01F1               	clrf	?_reverse_direction+1
  1341     0257  2A5C               	goto	i1l34
  1342     0258                     i1l772:
  1343                           
  1344                           ;main.c: 141:     return 1;
  1345     0258  3001               	movlw	1
  1346     0259  00F0               	movwf	?_reverse_direction
  1347     025A  3000               	movlw	0
  1348     025B  00F1               	movwf	?_reverse_direction+1
  1349     025C                     i1l34:
  1350     025C  0008               	return
  1351     025D                     __end_of_reverse_direction:
  1352     0002                     ___latbits      equ	2
  1353     007E                     btemp           set	126	;btemp
  1354     007E                     btemp0          set	126
  1355     007F                     btemp1          set	127
  1356     007E                     wtemp0          set	126
  1357     007F                     wtemp0a         set	127
  1358     007F                     ttemp0a         set	127
  1359     0080                     ltemp0a         set	128
  1360                           
  1361                           	psect	config
  1362                           
  1363                           ;Config register CONFIG1 @ 0x2007
  1364                           ;	Oscillator Selection bits
  1365                           ;	FOSC = HS, HS oscillator: High-speed crystal/resonator on RA6/OSC2/CLKOUT and RA7/OSC1
      +                          /CLKIN
  1366                           ;	Watchdog Timer Enable bit
  1367                           ;	WDTE = OFF, WDT disabled and can be enabled by SWDTEN bit of the WDTCON register
  1368                           ;	Power-up Timer Enable bit
  1369                           ;	PWRTE = OFF, PWRT disabled
  1370                           ;	RE3/MCLR pin function select bit
  1371                           ;	MCLRE = 0x1, unprogrammed default
  1372                           ;	Code Protection bit
  1373                           ;	CP = OFF, Program memory code protection is disabled
  1374                           ;	Data Code Protection bit
  1375                           ;	CPD = OFF, Data memory code protection is disabled
  1376                           ;	Brown Out Reset Selection bits
  1377                           ;	BOREN = ON, BOR enabled
  1378                           ;	Internal External Switchover bit
  1379                           ;	IESO = 0x1, unprogrammed default
  1380                           ;	Fail-Safe Clock Monitor Enabled bit
  1381                           ;	FCMEN = 0x1, unprogrammed default
  1382                           ;	Low Voltage Programming Enable bit
  1383                           ;	LVP = OFF, RB3 pin has digital I/O, HV on MCLR must be used for programming
  1384                           ;	In-Circuit Debugger Mode bit
  1385                           ;	DEBUG = 0x1, unprogrammed default
  1386     2007                     	org	8199
  1387     2007  2FF2               	dw	12274
  1388                           
  1389                           ;Config register CONFIG2 @ 0x2008
  1390                           ;	Brown-out Reset Selection bit
  1391                           ;	BOR4V = 0x1, unprogrammed default
  1392                           ;	Flash Program Memory Self Write Enable bits
  1393                           ;	WRT = OFF, Write protection off
  1394     2008                     	org	8200
  1395     2008  3FFF               	dw	16383

Data Sizes:
    Strings     0
    Constant    0
    Data        12
    BSS         0
    Persistent  0
    Stack       0

Auto Spaces:
    Space          Size  Autos    Used
    COMMON           14     10      10
    BANK0            80     22      34
    BANK1            80      0       0
    BANK3            96      0       0
    BANK2            96      0       0

Pointer List with Targets:

    None.

Critical Paths under _main in COMMON

    _main->___awmod
    ___awmod->___awdiv

Critical Paths under _ISR in COMMON

    _ISR->_reverse_direction

Critical Paths under _main in BANK0

    _main->___awmod
    ___awmod->___awdiv

Critical Paths under _ISR in BANK0

    None.

Critical Paths under _main in BANK1

    None.

Critical Paths under _ISR in BANK1

    None.

Critical Paths under _main in BANK3

    None.

Critical Paths under _ISR in BANK3

    None.

Critical Paths under _main in BANK2

    None.

Critical Paths under _ISR in BANK2

    None.

Call Graph Tables:

 ---------------------------------------------------------------------------------
 (Depth) Function   	        Calls       Base Space   Used Autos Params    Refs
 ---------------------------------------------------------------------------------
 (0) _main                                                14    14      0     910
                                              8 BANK0     14    14      0
                            ___awdiv
                            ___awmod
 ---------------------------------------------------------------------------------
 (1) ___awmod                                              6     2      4     308
                                              8 COMMON     2     2      0
                                              4 BANK0      4     0      4
                            ___awdiv (ARG)
 ---------------------------------------------------------------------------------
 (1) ___awdiv                                              8     4      4     306
                                              4 COMMON     4     0      4
                                              0 BANK0      4     4      0
 ---------------------------------------------------------------------------------
 Estimated maximum stack depth 1
 ---------------------------------------------------------------------------------
 (Depth) Function   	        Calls       Base Space   Used Autos Params    Refs
 ---------------------------------------------------------------------------------
 (2) _ISR                                                  2     2      0      23
                                              2 COMMON     2     2      0
                  _reverse_direction
 ---------------------------------------------------------------------------------
 (3) _reverse_direction                                    2     0      2      23
                                              0 COMMON     2     0      2
 ---------------------------------------------------------------------------------
 Estimated maximum stack depth 3
 ---------------------------------------------------------------------------------

 Call Graph Graphs:

 _main (ROOT)
   ___awdiv
   ___awmod
     ___awdiv (ARG)

 _ISR (ROOT)
   _reverse_direction

Address spaces:
Name               Size   Autos  Total    Usage
BANK3               96      0       0      0.0%
BITBANK3            96      0       0      0.0%
BANK2               96      0       0      0.0%
BITBANK2            96      0       0      0.0%
BANK1               80      0       0      0.0%
BITBANK1            80      0       0      0.0%
BANK0               80     22      34     42.5%
BITBANK0            80      0       0      0.0%
COMMON              14     10      10     71.4%
BITCOMMON           14      0       0      0.0%
DATA                 0      0      44      0.0%
STACK                0      0       0      0.0%


Microchip Technology PIC Macro Assembler V3.10 build 20250813170317 
Symbol Table                                                                                   Tue Jun  9 16:25:22 2026

                        pc 0002                         l40 00B6                         l42 013B  
             ___awdiv@sign 0021                         fsr 0004                        l306 021C  
                      l293 01C3                        l800 018C                        l810 01AF  
                      l802 0190                        l804 01A1                        l812 01B5  
                      l820 01C4                        l900 00CE                        l814 01BA  
                      l806 01A7                        l830 01D6                        l822 01C5  
                      l910 00FC                        l902 00DE                        l816 01BF  
                      l808 01A8                        l840 01ED                        l832 01DB  
                      l824 01CB                        l920 013F                        l912 0106  
                      l904 00E2                        l842 01F1                        l834 01E1  
                      l850 020E                        l826 01D0                        l922 0157  
                      l914 010E                        l906 00E8                        l780 0166  
                      l852 0213                        l844 01FB                        l836 01E4  
                      l828 01D2                        l916 011B                        l908 00F2  
                      l860 0025                        l790 0178                        l782 016B  
                      l854 0218                        l846 0201                        l838 01EB  
                      l918 0123                        l870 0031                        l862 002A  
                      l792 017A                        l784 016D                        l776 015F  
                      l848 0208                        l880 003B                        l872 0032  
                      l864 002B                        l794 0180                        l786 0171  
                      l778 0162                        l882 005D                        l874 0033  
                      l866 002C                        l858 0021                        l796 0183  
                      l788 0176                        l884 0070                        l876 0034  
                      l868 002E                        l798 018A                        l894 00BA  
                      l886 0092                        l878 0037                        l896 00C0  
                      l888 00B4                        l898 00CA                        _GIE 005F  
                      u300 0190                        u301 018F                        u320 01A1  
                      u400 01F1                        u321 01A0                        u401 01F0  
                      u410 01FB                        u315 0191                        u411 01FA  
                      u340 01B5                        u260 0166                        u341 01B4  
                      u325 019D                        u261 0165                        u350 01BA  
                      u270 0171                        u430 020E                        u351 01B9  
                      u335 01A9                        u271 0170                        u431 020D  
                      u415 01F7                        u280 0180                        u440 0213  
                      u360 01CB                        u281 017F                        u441 0212  
                      u425 0202                        u361 01CA                        u370 01D6  
                      u450 011B                        u371 01D5                        u451 011A  
                      u507 00DA                        u380 01E1                        u460 0123  
                      _ISR 021D                        u381 01E0                        u461 0122  
                      u517 00EE                        u470 013F                        u295 0184  
                      u471 013E                        u455 0117                        u527 0102  
                      u395 01E5                        u497 00C6                        fsr0 0004  
                      indf 0000               ___awmod@sign 0079                       ?_ISR 0070  
                     _INTE 005C                       _INTF 0059                       i1l34 025C  
                     i1l54 0235                       _main 0021                       btemp 007E  
                     start 000C                      ??_ISR 0072                      ?_main 0070  
          __end_of___awdiv 01C4            __end_of___awmod 021D                      _ANSEL 0188  
          ___awdiv@divisor 0074                      i1l930 0233                      i1l772 0258  
                    i1l932 0234                      i1l924 021D                      i1l766 024F  
                    i1l926 0221                      i1l768 0255                      i1l928 0222  
          ___awdiv@counter 0020                      u25_20 0255                      u25_21 0254  
                    _PORTC 0007                      _PORTD 0008                      u48_20 0221  
                    u48_21 0220                      _TRISB 0086                      _TRISC 0087  
                    _TRISD 0088                      btemp0 007E                      btemp1 007F  
                    main@i 0032                      pclath 000A                      status 0003  
                    wtemp0 007E            __initialization 000F               __end_of_main 015F  
                   ??_main 0028           ___awdiv@dividend 0076                     _ANSELH 0189  
                   _INTEDG 040E                  ??___awdiv 0078                  ??___awmod 0078  
                   _conteo 0036           ___awdiv@quotient 0022            ___awmod@divisor 0024  
          ___awmod@counter 0078                     ltemp0a 0080                     saved_w 007E  
                   ttemp0a 007F                     wtemp0a 007F    __end_of__initialization 001D  
           __pcstackCOMMON 0070               __pidataBANK0 025D                 __pmaintext 0021  
               __pintentry 0004                    ___awdiv 015F                    ___awmod 01C4  
                  __ptext1 01C4                    __ptext2 015F                    __ptext3 021D  
                  __ptext4 024F           ___awmod@dividend 0026                    main@dec 002A  
                  main@cen 002E                    main@num 0034                    main@uni 002C  
     end_of_initialization 001D        start_initialization 000F                __end_of_ISR 023C  
               init_fetch0 023C                __pdataBANK0 0036       reverse_direction@dir 0070  
                ___latbits 0002              __pcstackBANK0 0020                   ?___awdiv 0074  
                 ?___awmod 0024                  _direction 0040          _reverse_direction 024F  
       ?_reverse_direction 0070        ??_reverse_direction 0072          interrupt_function 0004  
__end_of_reverse_direction 025D                   main@mill 0030                   init_ram0 0240  
                 intlevel1 0000                 _OPTION_REG 0081  
