Microchip MPLAB XC8 Compiler V3.10

Linker command line:

-W-3 \
  --edf=C:/Users/juang/.mchp_packs/Microchip/PIC16Fxxx_DFP/1.8.167/xc8\pic\dat\20260422061002_en.msgs \
  -cn -h+dist/default/production\Practica8.X.production.sym \
  --cmf=dist/default/production\Practica8.X.production.cmf -z -Q16F887 \
  -oC:\Users\juang\AppData\Local\Temp\xcAshqs.0\driver_tmp_3.o \
  --defsym=__MPLAB_BUILD=1 --fixupoverflow=error \
  -Mdist/default/production/Practica8.X.production.map \
  --md=C:\Users\juang\AppData\Local\Temp\xcAshqs.0\driver_tmp_0.dat -E1 \
  -ver=XC8 Compiler -ACODE=00h-07FFhx4 -ASTRCODE=00h-01FFFh \
  -ASTRING=00h-0FFhx32 -ACONST=00h-0FFhx32 -AENTRY=00h-0FFhx32 \
  -ACOMMON=070h-07Fh -ABANK0=020h-06Fh -ABANK1=0A0h-0EFh \
  -ABANK2=0110h-016Fh -ABANK3=0190h-01EFh \
  -ARAM=020h-06Fh,0A0h-0EFh,0110h-016Fh,0190h-01EFh \
  -AABS1=020h-07Fh,0A0h-0EFh,0110h-016Fh,0190h-01EFh -ASFR0=00h-01Fh \
  -ASFR1=080h-09Fh -ASFR2=0100h-010Fh -ASFR3=0180h-018Fh \
  -ACONFIG=02007h-02008h -DCONFIG=2 -AIDLOC=02000h-02003h -DIDLOC=2 \
  -AEEDATA=00h-0FFh/02100h -peeprom_data=EEDATA -DEEDATA=2 -DCODE=2 \
  -DSTRCODE=2 -DSTRING=2 -DCONST=2 -DENTRY=2 \
  -preset_vec=00h,intentry=04h,sivt,init,end_init -ppowerup=CODE \
  -pcinit=CODE -pfunctab=ENTRY -k \
  C:\Users\juang\AppData\Local\Temp\xcAshqs.0\driver_tmp_17.o \
  dist/default/production\Practica8.X.production.o 

Object code version is 3.11

Machine type is 16F887



                Name                               Link     Load   Length Selector   Space Scale
C:\Users\juang\AppData\Local\Temp\xcAshqs.0\driver_tmp_17.o
                end_init                              C        C        3        8       0
                reset_vec                             0        0        3        0       0
                config                             2007     2007        2        0       4
dist/default/production\Practica8.X.production.o
                cinit                                 F        F       24        8       0
                intentry                              4        4        8        8       0
                config                             2007     2007        2        0       4
                text25                              D0F      D0F       13     1A1E       0
                text24                              D7B      D7B       26     1AF6       0
                text23                              D01      D01        E     1A02       0
                text22                              2FD      2FD       B8        8       0
                text21                              F52      F52       57     1EA4       0
                text20                              3B5      3B5       B3        8       0
                text19                              CF5      CF5        C     19EA       0
                text18                              7CB      7CB       34      F96       0
                text17                              64A      64A       98        8       0
                text16                              E71      E71       46     1CE2       0
                text15                              5B1      5B1       99        8       0
                text14                              EB7      EB7       48     1D6E       0
                text13                              DA1      DA1       27     1B42       0
                text12                              FA9      FA9       57     1F52       0
                text11                              E2D      E2D       44     1C5A       0
                text10                              DF3      DF3       3A     1BE6       0
                text9                               7FF      7FF        1      F96       0
                text8                               511      511       A0        8       0
                text7                               DC8      DC8       2B     1B90       0
                text6                               EFF      EFF       53     1DFE       0
                text5                               6E2      6E2       7E        8       0
                text4                               22B      22B       D2        8       0
                text3                               D35      D35       23     1A6A       0
                text2                               D58      D58       23     1AB0       0
                text1                                33       33      1F8        8       0
                maintext                            468      468       A9        8       0
                cstackBANK0                          20       20       4B       20       1
                cstackCOMMON                         75       75        5       70       1
                cstackBANK1                          A0       A0       28       A0       1
                clrtext                             CED      CED        8     19DA       0
                inittext                            D22      D22       13     1A44       0
                dataBANK1                            E9       E9        7       A0       1
                bssBANK1                             C8       C8       21       A0       1
                bssBANK0                             6B       6B        5       20       1
                bssCOMMON                            70       70        5       70       1
                strings                             760      760       6B      EC0       0
                idataBANK1                          CE6      CE6        7     19CC       0

TOTAL           Name                               Link     Load   Length     Space
        CLASS   CODE           
                end_init                              C        C        3         0
                cinit                                 F        F       24         0
                intentry                              4        4        8         0
                reset_vec                             0        0        3         0
                text25                              D0F      D0F       13         0
                text24                              D7B      D7B       26         0
                text23                              D01      D01        E         0
                text22                              2FD      2FD       B8         0
                text21                              F52      F52       57         0
                text20                              3B5      3B5       B3         0
                text19                              CF5      CF5        C         0
                text18                              7CB      7CB       34         0
                text17                              64A      64A       98         0
                text16                              E71      E71       46         0
                text15                              5B1      5B1       99         0
                text14                              EB7      EB7       48         0
                text13                              DA1      DA1       27         0
                text12                              FA9      FA9       57         0
                text11                              E2D      E2D       44         0
                text10                              DF3      DF3       3A         0
                text9                               7FF      7FF        1         0
                text8                               511      511       A0         0
                text7                               DC8      DC8       2B         0
                text6                               EFF      EFF       53         0
                text5                               6E2      6E2       7E         0
                text4                               22B      22B       D2         0
                text3                               D35      D35       23         0
                text2                               D58      D58       23         0
                text1                                33       33      1F8         0
                maintext                            468      468       A9         0
                clrtext                             CED      CED        8         0
                inittext                            D22      D22       13         0
                idataBANK1                          CE6      CE6        7         0

        CLASS   STRCODE        

        CLASS   STRING         
                strings                             760      760       6B         0

        CLASS   CONST          

        CLASS   ENTRY          

        CLASS   COMMON         
                cstackCOMMON                         75       75        5         1
                bssCOMMON                            70       70        5         1

        CLASS   BANK0          
                cstackBANK0                          20       20       4B         1
                bssBANK0                             6B       6B        5         1

        CLASS   BANK1          
                cstackBANK1                          A0       A0       28         1
                dataBANK1                            E9       E9        7         1
                bssBANK1                             C8       C8       21         1

        CLASS   BANK2          

        CLASS   BANK3          

        CLASS   RAM            

        CLASS   ABS1           
                abs_s1                               7E       7E        2         1

        CLASS   SFR0           

        CLASS   SFR1           

        CLASS   SFR2           

        CLASS   SFR3           

        CLASS   CONFIG         
                config                             2007     2007        2         4

        CLASS   IDLOC          

        CLASS   EEDATA         

        CLASS   HEAP           

        CLASS   STACK          



SEGMENTS        Name                           Load    Length   Top    Selector   Space  Class     Delta

                reset_vec                      000000  000003  000003         0       0  CODE        2
                intentry                       000004  00075C  000760         8       0  CODE        2
                cstackBANK0                    000020  000050  000070        20       1  BANK0       1
                bssCOMMON                      000070  00000A  00007A        70       1  COMMON      1
                cstackBANK1                    0000A0  000050  0000F0        A0       1  BANK1       1
                strings                        000760  00006B  0007CB       EC0       0  STRING      2
                text18                         0007CB  000035  000800       F96       0  CODE        2
                idataBANK1                     000CE6  000007  000CED      19CC       0  CODE        2
                clrtext                        000CED  000008  000CF5      19DA       0  CODE        2
                text19                         000CF5  00000C  000D01      19EA       0  CODE        2
                text23                         000D01  00000E  000D0F      1A02       0  CODE        2
                text25                         000D0F  000013  000D22      1A1E       0  CODE        2
                inittext                       000D22  000013  000D35      1A44       0  CODE        2
                text3                          000D35  000023  000D58      1A6A       0  CODE        2
                text2                          000D58  000023  000D7B      1AB0       0  CODE        2
                text24                         000D7B  000026  000DA1      1AF6       0  CODE        2
                text13                         000DA1  000027  000DC8      1B42       0  CODE        2
                text7                          000DC8  00002B  000DF3      1B90       0  CODE        2
                text10                         000DF3  00003A  000E2D      1BE6       0  CODE        2
                text11                         000E2D  000044  000E71      1C5A       0  CODE        2
                text16                         000E71  000046  000EB7      1CE2       0  CODE        2
                text14                         000EB7  000048  000EFF      1D6E       0  CODE        2
                text6                          000EFF  000053  000F52      1DFE       0  CODE        2
                text21                         000F52  000057  000FA9      1EA4       0  CODE        2
                text12                         000FA9  000057  001000      1F52       0  CODE        2


UNUSED ADDRESS RANGES

        Name                Unused          Largest block    Delta
        BANK2            0110-016F             60           1
        BANK3            0190-01EF             60           1
        CODE             0003-0003              1           2
                         0800-0CE5            4E6
                         1000-1FFF            800
        COMMON           007A-007D              4           1
        CONST            0003-0003              1           2
                         0800-0CE5            100
                         1000-1FFF            100
        EEDATA           2100-21FF            100           2
        ENTRY            0003-0003              1           2
                         0800-0CE5            100
                         1000-1FFF            100
        IDLOC            2000-2003              4           2
        RAM              0110-016F             60           1
                         0190-01EF             60
        SFR0             0000-001F             20           1
        SFR1             0080-009F             20           1
        SFR2             0100-010F             10           1
        SFR3             0180-018F             10           1
        STRCODE          0003-0003              1           2
                         0800-0CE5            4E6
                         1000-1FFF           1000
        STRING           0003-0003              1           2
                         0800-0CE5            100
                         1000-1FFF            100

                                  Symbol Table

?_ADC_Read                  cstackBANK0  0020
?___aldiv                   cstackBANK0  002D
?___lmul                    cstackBANK0  0020
?___lwdiv                   cstackBANK0  0026
?___lwmod                   cstackBANK0  0020
?___wmul                    cstackBANK0  0020
?_read_prec_or_width        cstackBANK0  0026
?_sprintf                   cstackBANK0  0057
?_vfprintf                  cstackBANK0  0052
ADC_Read@channel            cstackBANK0  0024
LCD_Init@cmd                cstackBANK0  002D
LCD_Init@display            cstackBANK0  0026
LCD_Out@c                   cstackBANK0  0022
LCD_Write@c                 cstackBANK0  0025
LCD_putc@c                  cstackBANK0  0025
LCD_putrs@a                 cstackBANK0  0026
LCD_putrs@i                 cstackBANK0  002B
_ADCON0                     (abs)        001F
_ADCON1                     (abs)        009F
_ADC_Init                   text23       0D01
_ADC_Read                   text18       07CB
_ADRESH                     (abs)        001E
_ADRESL                     (abs)        009E
_ANSEL                      (abs)        0188
_ANSELH                     (abs)        0189
_GIE                        (abs)        005F
_GO_nDONE                   (abs)        00F9
_INTE                       (abs)        005C
_INTEDG                     (abs)        040E
_INTF                       (abs)        0059
_ISR                        text24       0D7B
_LCD_Init                   text20       03B5
_LCD_Out                    text22       02FD
_LCD_Write                  text21       0F52
_LCD_putc                   text17       064A
_LCD_putrs                  text16       0E71
_OPTION_REG                 (abs)        0081
_PORTA                      (abs)        0005
_PORTB                      (abs)        0006
_PORTBbits                  (abs)        0006
_PORTC                      (abs)        0007
_TRISA                      (abs)        0085
_TRISB                      (abs)        0086
_TRISC                      (abs)        0087
__H__absolute__             __absolute__ 0000
__Habs1                     abs1         0000
__Hbank0                    bank0        0000
__Hbank1                    bank1        0000
__Hbank2                    bank2        0000
__Hbank3                    bank3        0000
__HbssBANK0                 bssBANK0     0000
__HbssBANK1                 bssBANK1     0000
__HbssCOMMON                bssCOMMON    0000
__Hcinit                    cinit        0033
__Hclrtext                  clrtext      0000
__Hcode                     code         0000
__Hcommon                   common       0000
__Hconfig                   config       2009
__HcstackBANK0              cstackBANK0  0000
__HcstackBANK1              cstackBANK1  0000
__HcstackCOMMON             cstackCOMMON 0000
__HdataBANK1                dataBANK1    0000
__Heeprom_data              eeprom_data  0000
__Hend_init                 end_init     000F
__Hfunctab                  functab      0000
__Hheap                     heap         0000
__HidataBANK1               idataBANK1   0000
__Hinit                     init         000C
__Hinittext                 inittext     0000
__Hintentry                 intentry     000C
__Hmaintext                 maintext     0000
__Hpowerup                  powerup      0000
__Hram                      ram          0000
__Hreset_vec                reset_vec    0003
__Hsfr0                     sfr0         0000
__Hsfr1                     sfr1         0000
__Hsfr2                     sfr2         0000
__Hsfr3                     sfr3         0000
__Hsivt                     sivt         000C
__Hspace_0                  (abs)        1000
__Hspace_1                  (abs)        00F0
__Hspace_2                  (abs)        0000
__Hspace_3                  (abs)        0000
__Hspace_4                  (abs)        4010
__Hstack                    stack        0000
__Hstrings                  strings      0000
__Htext                     text         0000
__L__absolute__             __absolute__ 0000
__Labs1                     abs1         0000
__Lbank0                    bank0        0000
__Lbank1                    bank1        0000
__Lbank2                    bank2        0000
__Lbank3                    bank3        0000
__LbssBANK0                 bssBANK0     0000
__LbssBANK1                 bssBANK1     0000
__LbssCOMMON                bssCOMMON    0000
__Lcinit                    cinit        000F
__Lclrtext                  clrtext      0000
__Lcode                     code         0000
__Lcommon                   common       0000
__Lconfig                   config       0000
__LcstackBANK0              cstackBANK0  0000
__LcstackBANK1              cstackBANK1  0000
__LcstackCOMMON             cstackCOMMON 0000
__LdataBANK1                dataBANK1    0000
__Leeprom_data              eeprom_data  0000
__Lend_init                 end_init     000C
__Lfunctab                  functab      0000
__Lheap                     heap         0000
__LidataBANK1               idataBANK1   0000
__Linit                     init         000C
__Linittext                 inittext     0000
__Lintentry                 intentry     0004
__Lmaintext                 maintext     0000
__Lpowerup                  powerup      0000
__Lram                      ram          0000
__Lreset_vec                reset_vec    0000
__Lsfr0                     sfr0         0000
__Lsfr1                     sfr1         0000
__Lsfr2                     sfr2         0000
__Lsfr3                     sfr3         0000
__Lsivt                     sivt         000C
__Lspace_0                  (abs)        0000
__Lspace_1                  (abs)        0000
__Lspace_2                  (abs)        0000
__Lspace_3                  (abs)        0000
__Lspace_4                  (abs)        0000
__Lstack                    stack        0000
__Lstrings                  strings      0000
__Ltext                     text         0000
__S0                        (abs)        1000
__S1                        (abs)        00F0
__S3                        (abs)        0000
___aldiv                    text15       05B1
___aldiv@counter            cstackBANK0  0036
___aldiv@dividend           cstackBANK0  0031
___aldiv@divisor            cstackBANK0  002D
___aldiv@quotient           cstackBANK0  0038
___aldiv@sign               cstackBANK0  0037
___heap_hi                  (abs)        0000
___heap_lo                  (abs)        0000
___int_sp                   stack        0000
___int_stack_hi             stack        0000
___int_stack_lo             stack        0000
___latbits                  (abs)        0002
___lmul                     text14       0EB7
___lmul@multiplicand        cstackBANK0  0024
___lmul@multiplier          cstackBANK0  0020
___lmul@product             cstackBANK0  0029
___lwdiv                    text11       0E2D
___lwdiv@counter            cstackBANK0  002C
___lwdiv@dividend           cstackBANK0  0028
___lwdiv@divisor            cstackBANK0  0026
___lwdiv@quotient           cstackBANK0  002A
___lwmod                    text10       0DF3
___lwmod@counter            cstackBANK0  0024
___lwmod@dividend           cstackBANK0  0022
___lwmod@divisor            cstackBANK0  0020
___sp                       stack        0000
___stack_hi                 stack        0000
___stack_lo                 stack        0000
___stackhi                  (abs)        0000
___stacklo                  (abs)        0000
___wmul                     text13       0DA1
___wmul@multiplicand        cstackBANK0  0022
___wmul@multiplier          cstackBANK0  0020
___wmul@product             cstackBANK0  0024
__end_of_ADC_Init           text23       0D0F
__end_of_ADC_Read           text18       07FF
__end_of_ISR                text24       0DA1
__end_of_LCD_Init           text20       0468
__end_of_LCD_Out            text22       03B5
__end_of_LCD_Write          text21       0FA9
__end_of_LCD_putc           text17       06E2
__end_of_LCD_putrs          text16       0EB7
__end_of___aldiv            text15       064A
__end_of___lmul             text14       0EFF
__end_of___lwdiv            text11       0E71
__end_of___lwmod            text10       0E2D
__end_of___wmul             text13       0DC8
__end_of__initialization    cinit        002F
__end_of__stringtab         strings      0770
__end_of_changeOP           text25       0D22
__end_of_changeScreen       text19       0D01
__end_of_fputc              text8        05B1
__end_of_fputs              text7        0DF3
__end_of_main               maintext     0511
__end_of_pad                text6        0F52
__end_of_putch              text9        0800
__end_of_read_prec_or_width text12       1000
__end_of_show               text1        022B
__end_of_sprintf            text2        0D7B
__end_of_utoa               text5        0760
__end_of_vfpfcnvrt          text4        02FD
__end_of_vfprintf           text3        0D58
__initialization            cinit        000F
__pbssBANK0                 bssBANK0     006B
__pbssBANK1                 bssBANK1     00C8
__pbssCOMMON                bssCOMMON    0070
__pcstackBANK0              cstackBANK0  0020
__pcstackBANK1              cstackBANK1  00A0
__pcstackCOMMON             cstackCOMMON 0075
__pdataBANK1                dataBANK1    00E9
__pidataBANK1               idataBANK1   0CE6
__pintentry                 intentry     0004
__pmaintext                 maintext     0468
__pstrings                  strings      0760
__ptext1                    text1        0033
__ptext10                   text10       0DF3
__ptext11                   text11       0E2D
__ptext12                   text12       0FA9
__ptext13                   text13       0DA1
__ptext14                   text14       0EB7
__ptext15                   text15       05B1
__ptext16                   text16       0E71
__ptext17                   text17       064A
__ptext18                   text18       07CB
__ptext19                   text19       0CF5
__ptext2                    text2        0D58
__ptext20                   text20       03B5
__ptext21                   text21       0F52
__ptext22                   text22       02FD
__ptext23                   text23       0D01
__ptext24                   text24       0D7B
__ptext25                   text25       0D0F
__ptext3                    text3        0D35
__ptext4                    text4        022B
__ptext5                    text5        06E2
__ptext6                    text6        0EFF
__ptext7                    text7        0DC8
__ptext8                    text8        0511
__ptext9                    text9        07FF
__stringbase                strings      076F
__stringtab                 strings      0760
_changeOP                   text25       0D0F
_changeScreen               text19       0CF5
_dbuf                       bssBANK1     00C9
_flag_actualizar_lcd        dataBANK1    00EF
_flags                      bssBANK0     006F
_fputc                      text8        0511
_fputs                      text7        0DC8
_lcd                        bssCOMMON    0070
_main                       maintext     0468
_op                         dataBANK1    00EE
_pad                        text6        0EFF
_pantalla                   bssBANK1     00C8
_prec                       bssBANK0     006D
_putch                      text9        07FF
_read_prec_or_width         text12       0FA9
_show                       text1        0033
_sprintf                    text2        0D58
_utoa                       text5        06E2
_vfpfcnvrt                  text4        022B
_vfprintf                   text3        0D35
_width                      bssBANK0     006B
btemp                       (abs)        007E
btemp0                      (abs)        007E
btemp1                      (abs)        007F
changeOP@op                 cstackCOMMON 0075
changeScreen@pantalla       cstackBANK0  0020
clear_ram0                  clrtext      0CED
end_of_initialization       cinit        002F
fputc@c                     cstackBANK0  0020
fputc@fp                    cstackBANK0  0022
fputs@c                     cstackBANK0  0032
fputs@fp                    cstackBANK0  002E
fputs@i                     cstackBANK0  0033
fputs@s                     cstackBANK0  002D
init_fetch0                 inittext     0D22
init_ram0                   inittext     0D26
interrupt_function          intentry     0004
intlevel0                   functab      0000
intlevel1                   functab      0000
intlevel2                   functab      0000
intlevel3                   functab      0000
intlevel4                   functab      0000
intlevel5                   functab      0000
ltemp0a                     (abs)        0080
main@F1790                  dataBANK1    00E9
main@screen                 cstackBANK1  00C1
main@ultima_screen          cstackBANK1  00C7
main@ultimo_op              cstackBANK1  00C6
pad@buf                     cstackBANK0  0037
pad@fp                      cstackBANK0  0035
pad@i                       cstackBANK0  003B
pad@p                       cstackBANK0  0038
read_prec_or_width@ap       cstackBANK0  0027
read_prec_or_width@c        cstackBANK0  0029
read_prec_or_width@fmt      cstackBANK0  0026
read_prec_or_width@n        cstackBANK0  002A
reset_vec                   reset_vec    0000
saved_w                     (abs)        007E
show@adc_result             cstackBANK1  00AF
show@adc_result_159         cstackBANK1  00B5
show@adc_result_163         cstackBANK1  00B9
show@buffer                 cstackBANK1  00A0
show@channel                cstackBANK1  00BD
show@op                     cstackBANK0  006A
show@part_dec               cstackBANK1  00B3
show@part_ent               cstackBANK1  00B1
show@percent                cstackBANK1  00B7
show@volt                   cstackBANK1  00BB
sprintf@ap                  cstackBANK0  005E
sprintf@f                   cstackBANK0  005F
sprintf@fmt                 cstackBANK0  0058
sprintf@s                   cstackBANK0  0057
start                       init         000C
start_initialization        cinit        000F
ttemp0a                     (abs)        007F
utoa@d                      cstackBANK0  003F
utoa@fp                     cstackBANK0  003D
utoa@i                      cstackBANK0  0044
utoa@p                      cstackBANK0  0041
utoa@w                      cstackBANK0  0042
vfpfcnvrt@ap                cstackBANK0  0049
vfpfcnvrt@convarg           cstackBANK0  004C
vfpfcnvrt@cp                cstackBANK0  0051
vfpfcnvrt@done              cstackBANK0  0050
vfpfcnvrt@fmt               cstackBANK0  0048
vfpfcnvrt@fp                cstackBANK0  0046
vfprintf@ap                 cstackBANK0  0055
vfprintf@cfmt               cstackBANK0  0056
vfprintf@fmt                cstackBANK0  0054
vfprintf@fp                 cstackBANK0  0052
wtemp0                      (abs)        007E
wtemp0a                     (abs)        007F


MODULE INFORMATION

Module		Function		Class		Link	Load	Size
C:\Program Files\Microchip\xc8\v3.10\pic\sources\c99\common\lwmod.c
		___lwmod       		CODE           	0DF3	0000	58

C:\Program Files\Microchip\xc8\v3.10\pic\sources\c99\common\lwmod.c estimated size: 58

C:\Program Files\Microchip\xc8\v3.10\pic\sources\c99\common\putch.c
		_putch         		CODE           	07FF	0000	1

C:\Program Files\Microchip\xc8\v3.10\pic\sources\c99\common\putch.c estimated size: 1

C:\Program Files\Microchip\xc8\v3.10\pic\sources\c99\common\Umul32.c
		___lmul        		CODE           	0EB7	0000	72

C:\Program Files\Microchip\xc8\v3.10\pic\sources\c99\common\Umul32.c estimated size: 72

C:\Program Files\Microchip\xc8\v3.10\pic\sources\c99\common\nf_fputs.c
		_fputs         		CODE           	0DC8	0000	43

C:\Program Files\Microchip\xc8\v3.10\pic\sources\c99\common\nf_fputs.c estimated size: 43

C:\Program Files\Microchip\xc8\v3.10\pic\sources\c99\common\lwdiv.c
		___lwdiv       		CODE           	0E2D	0000	68

C:\Program Files\Microchip\xc8\v3.10\pic\sources\c99\common\lwdiv.c estimated size: 68

C:\Program Files\Microchip\xc8\v3.10\pic\sources\c99\common\aldiv.c
		___aldiv       		CODE           	05B1	0000	153

C:\Program Files\Microchip\xc8\v3.10\pic\sources\c99\common\aldiv.c estimated size: 153

C:\Program Files\Microchip\xc8\v3.10\pic\sources\c99\common\nf_sprintf.c
		_sprintf       		CODE           	0D58	0000	35

C:\Program Files\Microchip\xc8\v3.10\pic\sources\c99\common\nf_sprintf.c estimated size: 35

shared
		__stringtab    		STRING         	0760	0000	16
		__initialization		CODE           	000F	0000	32

shared estimated size: 48

C:\Program Files\Microchip\xc8\v3.10\pic\sources\c99\common\nf_fputc.c
		_fputc         		CODE           	0511	0000	160

C:\Program Files\Microchip\xc8\v3.10\pic\sources\c99\common\nf_fputc.c estimated size: 160

lcd.c
		_LCD_Init      		CODE           	03B5	0000	179
		_LCD_Out       		CODE           	02FD	0000	184
		_LCD_putc      		CODE           	064A	0000	152
		_LCD_putrs     		CODE           	0E71	0000	70
		_LCD_Write     		CODE           	0F52	0000	87

lcd.c estimated size: 672

C:\Program Files\Microchip\xc8\v3.10\pic\sources\c99\common\doprnt.c
		_read_prec_or_width		CODE           	0FA9	0000	87
		_vfpfcnvrt     		CODE           	022B	0000	210
		_pad           		CODE           	0EFF	0000	83
		_vfprintf      		CODE           	0D35	0000	35
		_utoa          		CODE           	06E2	0000	126

C:\Program Files\Microchip\xc8\v3.10\pic\sources\c99\common\doprnt.c estimated size: 541

main.c
		_ISR           		CODE           	0D7B	0000	38
		_main          		CODE           	0468	0000	169
		_show          		CODE           	0033	0000	504
		_changeScreen  		CODE           	0CF5	0000	12
		_changeOP      		CODE           	0D0F	0000	19
		_ADC_Read      		CODE           	07CB	0000	52
		_ADC_Init      		CODE           	0D01	0000	14

main.c estimated size: 808

C:\Program Files\Microchip\xc8\v3.10\pic\sources\c99\common\Umul16.c
		___wmul        		CODE           	0DA1	0000	39

C:\Program Files\Microchip\xc8\v3.10\pic\sources\c99\common\Umul16.c estimated size: 39

