Microchip MPLAB XC8 Compiler V3.10

Linker command line:

-W-3 \
  --edf=C:/Users/juang/.mchp_packs/Microchip/PIC16Fxxx_DFP/1.8.167/xc8\pic\dat\20260422061002_en.msgs \
  -cn -h+dist/default/production\Practica9.X.production.sym \
  --cmf=dist/default/production\Practica9.X.production.cmf -z -Q16F887 \
  -oC:\Users\juang\AppData\Local\Temp\xcAsdok.0\driver_tmp_3.o \
  --defsym=__MPLAB_BUILD=1 --fixupoverflow=error \
  -Mdist/default/production/Practica9.X.production.map \
  --md=C:\Users\juang\AppData\Local\Temp\xcAsdok.0\driver_tmp_0.dat -E1 \
  -ver=XC8 Compiler -ACODE=00h-07FFhx4 -ASTRCODE=00h-01FFFh \
  -ASTRING=00h-0FFhx32 -ACONST=00h-0FFhx32 -AENTRY=00h-0FFhx32 \
  -ACOMMON=070h-07Fh -ABANK0=020h-06Fh -ABANK1=0A0h-0EFh \
  -ABANK2=0110h-016Fh -ABANK3=0190h-01EFh \
  -ARAM=020h-06Fh,0A0h-0EFh,0110h-016Fh,0190h-01EFh \
  -AABS1=020h-07Fh,0A0h-0EFh,0110h-016Fh,0190h-01EFh -ASFR0=00h-01Fh \
  -ASFR1=080h-09Fh -ASFR2=0100h-010Fh -ASFR3=0180h-018Fh \
  -ACONFIG=02007h-02008h -DCONFIG=2 -AIDLOC=02000h-02003h -DIDLOC=2 \
  -AEEDATA=00h-0FFh/02100h -peeprom_data=EEDATA -DEEDATA=2 -DCODE=2 \
  -DSTRCODE=2 -DSTRING=2 -DCONST=2 -DENTRY=2 \
  -preset_vec=00h,intentry=04h,sivt,init,end_init -ppowerup=CODE \
  -pcinit=CODE -pfunctab=ENTRY -k \
  C:\Users\juang\AppData\Local\Temp\xcAsdok.0\driver_tmp_17.o \
  dist/default/production\Practica9.X.production.o 

Object code version is 3.11

Machine type is 16F887



                Name                               Link     Load   Length Selector   Space Scale
C:\Users\juang\AppData\Local\Temp\xcAsdok.0\driver_tmp_17.o
                end_init                              C        C        3        8       0
                reset_vec                             0        0        3        0       0
                config                             2007     2007        2        0       4
dist/default/production\Practica9.X.production.o
                cinit                                 F        F       37        8       0
                intentry                              4        4        8        8       0
                config                             2007     2007        2        0       4
                text19                              6A7      6A7       2D        8       0
                text18                              10F      10F       BA        8       0
                text17                              53F      53F       55        8       0
                text16                              281      281       AD        8       0
                text15                              3CE      3CE       94        8       0
                text14                              5E7      5E7       46        8       0
                text13                              794      794        B      E52       0
                text12                              729      729       25      E52       0
                text11                              4E8      4E8       57        8       0
                text10                              62D      62D       42        8       0
                text9                               66F      66F       38        8       0
                text8                               7AC      7AC        1      E52       0
                text7                               32E      32E       A0        8       0
                text6                               6D4      6D4       2B        8       0
                text5                               594      594       53        8       0
                text4                               462      462       86        8       0
                text3                               1C9      1C9       B8        8       0
                text2                               771      771       23      E52       0
                text1                               74E      74E       23      E52       0
                maintext                             46       46       C9        8       0
                cstackBANK0                          20       20       41       20       1
                cstackCOMMON                         70       70        B       70       1
                cstackBANK1                          D0       D0        9       A0       1
                clrtext                             79F      79F        8      E52       0
                dataBANK1                            D9       D9        5       A0       1
                bssBANK1                             A0       A0       30       A0       1
                bssBANK0                             61       61        7       20       1
                bssCOMMON                            7B       7B        1       70       1
                strings                             700      700       29      E00       0
                idataBANK1                          7A7      7A7        5      E52       0

TOTAL           Name                               Link     Load   Length     Space
        CLASS   CODE           
                end_init                              C        C        3         0
                cinit                                 F        F       37         0
                intentry                              4        4        8         0
                reset_vec                             0        0        3         0
                text19                              6A7      6A7       2D         0
                text18                              10F      10F       BA         0
                text17                              53F      53F       55         0
                text16                              281      281       AD         0
                text15                              3CE      3CE       94         0
                text14                              5E7      5E7       46         0
                text13                              794      794        B         0
                text12                              729      729       25         0
                text11                              4E8      4E8       57         0
                text10                              62D      62D       42         0
                text9                               66F      66F       38         0
                text8                               7AC      7AC        1         0
                text7                               32E      32E       A0         0
                text6                               6D4      6D4       2B         0
                text5                               594      594       53         0
                text4                               462      462       86         0
                text3                               1C9      1C9       B8         0
                text2                               771      771       23         0
                text1                               74E      74E       23         0
                maintext                             46       46       C9         0
                clrtext                             79F      79F        8         0
                idataBANK1                          7A7      7A7        5         0

        CLASS   STRCODE        

        CLASS   STRING         
                strings                             700      700       29         0

        CLASS   CONST          

        CLASS   ENTRY          

        CLASS   COMMON         
                cstackCOMMON                         70       70        B         1
                bssCOMMON                            7B       7B        1         1

        CLASS   BANK0          
                cstackBANK0                          20       20       41         1
                bssBANK0                             61       61        7         1

        CLASS   BANK1          
                cstackBANK1                          D0       D0        9         1
                dataBANK1                            D9       D9        5         1
                bssBANK1                             A0       A0       30         1

        CLASS   BANK2          

        CLASS   BANK3          

        CLASS   RAM            

        CLASS   ABS1           
                abs_s1                               7E       7E        2         1

        CLASS   SFR0           

        CLASS   SFR1           

        CLASS   SFR2           

        CLASS   SFR3           

        CLASS   CONFIG         
                config                             2007     2007        2         4

        CLASS   IDLOC          

        CLASS   EEDATA         

        CLASS   HEAP           

        CLASS   STACK          



SEGMENTS        Name                           Load    Length   Top    Selector   Space  Class     Delta

                reset_vec                      000000  000003  000003         0       0  CODE        2
                intentry                       000004  0006FB  0006FF         8       0  CODE        2
                cstackBANK0                    000020  000048  000068        20       1  BANK0       1
                cstackCOMMON                   000070  00000C  00007C        70       1  COMMON      1
                bssBANK1                       0000A0  00003E  0000DE        A0       1  BANK1       1
                strings                        000700  000029  000729       E00       0  STRING      2
                text12                         000729  000084  0007AD       E52       0  CODE        2


UNUSED ADDRESS RANGES

        Name                Unused          Largest block    Delta
        BANK0            0068-006F              8           1
        BANK1            00DE-00EF             12           1
        BANK2            0110-016F             60           1
        BANK3            0190-01EF             60           1
        CODE             0003-0003              1           2
                         06FF-06FF              1
                         07AD-1FFF            800
        COMMON           007C-007D              2           1
        CONST            0003-0003              1           2
                         06FF-06FF              1
                         07AD-1FFF            100
        EEDATA           2100-21FF            100           2
        ENTRY            0003-0003              1           2
                         06FF-06FF              1
                         07AD-1FFF            100
        IDLOC            2000-2003              4           2
        RAM              0068-006F              8           1
                         00DE-00EF             12
                         0110-016F             60
                         0190-01EF             60
        SFR0             0000-001F             20           1
        SFR1             0080-009F             20           1
        SFR2             0100-010F             10           1
        SFR3             0180-018F             10           1
        STRCODE          0003-0003              1           2
                         06FF-06FF              1
                         07AD-1FFF           1853
        STRING           0003-0003              1           2
                         06FF-06FF              1
                         07AD-1FFF            100

                                  Symbol Table

?___lwdiv                   cstackCOMMON 0072
?___lwmod                   cstackCOMMON 0072
?___wmul                    cstackCOMMON 0072
?_read_prec_or_width        cstackCOMMON 0078
?_sprintf                   cstackBANK0  004E
?_vfprintf                  cstackBANK0  0049
LCD_Init@cmd                cstackCOMMON 007A
LCD_Init@display            cstackBANK0  0020
LCD_Out@c                   cstackCOMMON 0074
LCD_Write@c                 cstackCOMMON 0077
LCD_putc@c                  cstackCOMMON 0077
LCD_putrs@a                 cstackCOMMON 0078
LCD_putrs@i                 cstackBANK0  0023
_GIE                        (abs)        005F
_ISR                        text19       06A7
_LCD_Init                   text16       0281
_LCD_Out                    text18       010F
_LCD_Write                  text17       053F
_LCD_putc                   text15       03CE
_LCD_putrs                  text14       05E7
_OPTION_REG                 (abs)        0081
_PORTA                      (abs)        0005
_PORTB                      (abs)        0006
_PORTC                      (abs)        0007
_T0IE                       (abs)        005D
_T0IF                       (abs)        005A
_TMR0                       (abs)        0001
_TRISA                      (abs)        0085
_TRISB                      (abs)        0086
_TRISC                      (abs)        0087
_Timer0_Init                text13       0794
__H__absolute__             __absolute__ 0000
__Habs1                     abs1         0000
__Hbank0                    bank0        0000
__Hbank1                    bank1        0000
__Hbank2                    bank2        0000
__Hbank3                    bank3        0000
__HbssBANK0                 bssBANK0     0000
__HbssBANK1                 bssBANK1     0000
__HbssCOMMON                bssCOMMON    0000
__Hcinit                    cinit        0046
__Hclrtext                  clrtext      0000
__Hcode                     code         0000
__Hcommon                   common       0000
__Hconfig                   config       2009
__HcstackBANK0              cstackBANK0  0000
__HcstackBANK1              cstackBANK1  0000
__HcstackCOMMON             cstackCOMMON 0000
__HdataBANK1                dataBANK1    0000
__Heeprom_data              eeprom_data  0000
__Hend_init                 end_init     000F
__Hfunctab                  functab      0000
__Hheap                     heap         0000
__HidataBANK1               idataBANK1   0000
__Hinit                     init         000C
__Hintentry                 intentry     000C
__Hmaintext                 maintext     0000
__Hpowerup                  powerup      0000
__Hram                      ram          0000
__Hreset_vec                reset_vec    0003
__Hsfr0                     sfr0         0000
__Hsfr1                     sfr1         0000
__Hsfr2                     sfr2         0000
__Hsfr3                     sfr3         0000
__Hsivt                     sivt         000C
__Hspace_0                  (abs)        07AD
__Hspace_1                  (abs)        00DE
__Hspace_2                  (abs)        0000
__Hspace_3                  (abs)        0000
__Hspace_4                  (abs)        4010
__Hstack                    stack        0000
__Hstrings                  strings      0000
__Htext                     text         0000
__L__absolute__             __absolute__ 0000
__Labs1                     abs1         0000
__Lbank0                    bank0        0000
__Lbank1                    bank1        0000
__Lbank2                    bank2        0000
__Lbank3                    bank3        0000
__LbssBANK0                 bssBANK0     0000
__LbssBANK1                 bssBANK1     0000
__LbssCOMMON                bssCOMMON    0000
__Lcinit                    cinit        000F
__Lclrtext                  clrtext      0000
__Lcode                     code         0000
__Lcommon                   common       0000
__Lconfig                   config       0000
__LcstackBANK0              cstackBANK0  0000
__LcstackBANK1              cstackBANK1  0000
__LcstackCOMMON             cstackCOMMON 0000
__LdataBANK1                dataBANK1    0000
__Leeprom_data              eeprom_data  0000
__Lend_init                 end_init     000C
__Lfunctab                  functab      0000
__Lheap                     heap         0000
__LidataBANK1               idataBANK1   0000
__Linit                     init         000C
__Lintentry                 intentry     0004
__Lmaintext                 maintext     0000
__Lpowerup                  powerup      0000
__Lram                      ram          0000
__Lreset_vec                reset_vec    0000
__Lsfr0                     sfr0         0000
__Lsfr1                     sfr1         0000
__Lsfr2                     sfr2         0000
__Lsfr3                     sfr3         0000
__Lsivt                     sivt         000C
__Lspace_0                  (abs)        0000
__Lspace_1                  (abs)        0000
__Lspace_2                  (abs)        0000
__Lspace_3                  (abs)        0000
__Lspace_4                  (abs)        0000
__Lstack                    stack        0000
__Lstrings                  strings      0000
__Ltext                     text         0000
__S0                        (abs)        07AD
__S1                        (abs)        00DE
__S3                        (abs)        0000
___heap_hi                  (abs)        0000
___heap_lo                  (abs)        0000
___int_sp                   stack        0000
___int_stack_hi             stack        0000
___int_stack_lo             stack        0000
___latbits                  (abs)        0002
___lwdiv                    text10       062D
___lwdiv@counter            cstackCOMMON 0076
___lwdiv@dividend           cstackCOMMON 0074
___lwdiv@divisor            cstackCOMMON 0072
___lwdiv@quotient           cstackCOMMON 0077
___lwmod                    text9        066F
___lwmod@counter            cstackCOMMON 0076
___lwmod@dividend           cstackCOMMON 0074
___lwmod@divisor            cstackCOMMON 0072
___sp                       stack        0000
___stack_hi                 stack        0000
___stack_lo                 stack        0000
___stackhi                  (abs)        0000
___stacklo                  (abs)        0000
___wmul                     text12       0729
___wmul@multiplicand        cstackCOMMON 0074
___wmul@multiplier          cstackCOMMON 0072
___wmul@product             cstackCOMMON 0076
__end_of_ISR                text19       06D4
__end_of_LCD_Init           text16       032E
__end_of_LCD_Out            text18       01C9
__end_of_LCD_Write          text17       0594
__end_of_LCD_putc           text15       0462
__end_of_LCD_putrs          text14       062D
__end_of_Timer0_Init        text13       079F
__end_of___lwdiv            text10       066F
__end_of___lwmod            text9        06A7
__end_of___wmul             text12       074E
__end_of__initialization    cinit        0042
__end_of__stringtab         strings      0710
__end_of_fputc              text7        03CE
__end_of_fputs              text6        06FF
__end_of_main               maintext     010F
__end_of_pad                text5        05E7
__end_of_putch              text8        07AD
__end_of_read_prec_or_width text11       053F
__end_of_sprintf            text1        0771
__end_of_utoa               text4        04E8
__end_of_vfpfcnvrt          text3        0281
__end_of_vfprintf           text2        0794
__initialization            cinit        000F
__pbssBANK0                 bssBANK0     0061
__pbssBANK1                 bssBANK1     00A0
__pbssCOMMON                bssCOMMON    007B
__pcstackBANK0              cstackBANK0  0020
__pcstackBANK1              cstackBANK1  00D0
__pcstackCOMMON             cstackCOMMON 0070
__pdataBANK1                dataBANK1    00D9
__pidataBANK1               idataBANK1   07A7
__pintentry                 intentry     0004
__pmaintext                 maintext     0046
__pstrings                  strings      0700
__ptext1                    text1        074E
__ptext10                   text10       062D
__ptext11                   text11       04E8
__ptext12                   text12       0729
__ptext13                   text13       0794
__ptext14                   text14       05E7
__ptext15                   text15       03CE
__ptext16                   text16       0281
__ptext17                   text17       053F
__ptext18                   text18       010F
__ptext19                   text19       06A7
__ptext2                    text2        0771
__ptext3                    text3        01C9
__ptext4                    text4        0462
__ptext5                    text5        0594
__ptext6                    text6        06D4
__ptext7                    text7        032E
__ptext8                    text8        07AC
__ptext9                    text9        066F
__stringbase                strings      070F
__stringtab                 strings      0700
_contador                   bssBANK1     00A4
_dbuf                       bssBANK1     00A6
_exec                       bssBANK1     00C6
_flags                      bssCOMMON    007B
_fputc                      text7        032E
_fputs                      text6        06D4
_lcd                        bssBANK0     0061
_main                       maintext     0046
_main$909                   cstackBANK1  00D5
_main$910                   cstackBANK1  00D7
_pad                        text5        0594
_prec                       bssBANK1     00A2
_putch                      text8        07AC
_read_prec_or_width         text11       04E8
_sprintf                    text1        074E
_tiempo                     bssBANK0     0066
_utoa                       text4        0462
_vfpfcnvrt                  text3        01C9
_vfprintf                   text2        0771
_width                      bssBANK1     00A0
btemp                       (abs)        007E
btemp0                      (abs)        007E
btemp1                      (abs)        007F
clear_ram0                  clrtext      079F
end_of_initialization       cinit        0042
fputc@c                     cstackCOMMON 0072
fputc@fp                    cstackCOMMON 0074
fputs@c                     cstackBANK0  0029
fputs@fp                    cstackCOMMON 0077
fputs@i                     cstackBANK0  002A
fputs@s                     cstackCOMMON 0076
interrupt_function          intentry     0004
intlevel0                   functab      0000
intlevel1                   functab      0000
intlevel2                   functab      0000
intlevel3                   functab      0000
intlevel4                   functab      0000
intlevel5                   functab      0000
ltemp0a                     (abs)        0080
main@F1772                  dataBANK1    00D9
main@screen                 cstackBANK1  00D0
pad@buf                     cstackBANK0  002E
pad@fp                      cstackBANK0  002C
pad@i                       cstackBANK0  0032
pad@p                       cstackBANK0  002F
read_prec_or_width@ap       cstackCOMMON 0079
read_prec_or_width@c        cstackBANK0  0020
read_prec_or_width@fmt      cstackCOMMON 0078
read_prec_or_width@n        cstackBANK0  0021
reset_vec                   reset_vec    0000
saved_w                     (abs)        007E
sprintf@ap                  cstackBANK0  0055
sprintf@f                   cstackBANK0  0056
sprintf@fmt                 cstackBANK0  004F
sprintf@s                   cstackBANK0  004E
start                       init         000C
start_initialization        cinit        000F
ttemp0a                     (abs)        007F
utoa@d                      cstackBANK0  0036
utoa@fp                     cstackBANK0  0034
utoa@i                      cstackBANK0  003B
utoa@p                      cstackBANK0  0038
utoa@w                      cstackBANK0  0039
vfpfcnvrt@ap                cstackBANK0  0040
vfpfcnvrt@convarg           cstackBANK0  0043
vfpfcnvrt@cp                cstackBANK0  0048
vfpfcnvrt@done              cstackBANK0  0047
vfpfcnvrt@fmt               cstackBANK0  003F
vfpfcnvrt@fp                cstackBANK0  003D
vfprintf@ap                 cstackBANK0  004C
vfprintf@cfmt               cstackBANK0  004D
vfprintf@fmt                cstackBANK0  004B
vfprintf@fp                 cstackBANK0  0049
wtemp0                      (abs)        007E
wtemp0a                     (abs)        007F


MODULE INFORMATION

Module		Function		Class		Link	Load	Size
C:\Program Files\Microchip\xc8\v3.10\pic\sources\c99\common\lwmod.c
		___lwmod       		CODE           	066F	0000	56

C:\Program Files\Microchip\xc8\v3.10\pic\sources\c99\common\lwmod.c estimated size: 56

C:\Program Files\Microchip\xc8\v3.10\pic\sources\c99\common\putch.c
		_putch         		CODE           	07AC	0000	1

C:\Program Files\Microchip\xc8\v3.10\pic\sources\c99\common\putch.c estimated size: 1

C:\Program Files\Microchip\xc8\v3.10\pic\sources\c99\common\nf_fputs.c
		_fputs         		CODE           	06D4	0000	43

C:\Program Files\Microchip\xc8\v3.10\pic\sources\c99\common\nf_fputs.c estimated size: 43

C:\Program Files\Microchip\xc8\v3.10\pic\sources\c99\common\lwdiv.c
		___lwdiv       		CODE           	062D	0000	66

C:\Program Files\Microchip\xc8\v3.10\pic\sources\c99\common\lwdiv.c estimated size: 66

C:\Program Files\Microchip\xc8\v3.10\pic\sources\c99\common\nf_sprintf.c
		_sprintf       		CODE           	074E	0000	35

C:\Program Files\Microchip\xc8\v3.10\pic\sources\c99\common\nf_sprintf.c estimated size: 35

shared
		__stringtab    		STRING         	0700	0000	16
		__initialization		CODE           	000F	0000	51

shared estimated size: 67

C:\Program Files\Microchip\xc8\v3.10\pic\sources\c99\common\nf_fputc.c
		_fputc         		CODE           	032E	0000	160

C:\Program Files\Microchip\xc8\v3.10\pic\sources\c99\common\nf_fputc.c estimated size: 160

lcd.c
		_LCD_Init      		CODE           	0281	0000	173
		_LCD_Out       		CODE           	010F	0000	186
		_LCD_putc      		CODE           	03CE	0000	148
		_LCD_putrs     		CODE           	05E7	0000	70
		_LCD_Write     		CODE           	053F	0000	85

lcd.c estimated size: 662

C:\Program Files\Microchip\xc8\v3.10\pic\sources\c99\common\doprnt.c
		_read_prec_or_width		CODE           	04E8	0000	87
		_vfpfcnvrt     		CODE           	01C9	0000	184
		_pad           		CODE           	0594	0000	83
		_vfprintf      		CODE           	0771	0000	35
		_utoa          		CODE           	0462	0000	134

C:\Program Files\Microchip\xc8\v3.10\pic\sources\c99\common\doprnt.c estimated size: 523

main.c
		_Timer0_Init   		CODE           	0794	0000	11
		_ISR           		CODE           	06A7	0000	45
		_main          		CODE           	0046	0000	201

main.c estimated size: 257

C:\Program Files\Microchip\xc8\v3.10\pic\sources\c99\common\Umul16.c
		___wmul        		CODE           	0729	0000	37

C:\Program Files\Microchip\xc8\v3.10\pic\sources\c99\common\Umul16.c estimated size: 37

