Microchip MPLAB XC8 Compiler V3.10

Linker command line:

-W-3 \
  --edf=C:/Users/juang/.mchp_packs/Microchip/PIC16Fxxx_DFP/1.8.167/xc8\pic\dat\20260422061002_en.msgs \
  -cn -h+dist/default/production\Practica7.X.production.sym \
  --cmf=dist/default/production\Practica7.X.production.cmf -z -Q16F887 \
  -oC:\Users\juang\AppData\Local\Temp\xcAsbk.0\driver_tmp_3.o \
  --defsym=__MPLAB_BUILD=1 --fixupoverflow=error \
  -Mdist/default/production/Practica7.X.production.map \
  --md=C:\Users\juang\AppData\Local\Temp\xcAsbk.0\driver_tmp_0.dat -E1 \
  -ver=XC8 Compiler -ACODE=00h-07FFhx4 -ASTRCODE=00h-01FFFh \
  -ASTRING=00h-0FFhx32 -ACONST=00h-0FFhx32 -AENTRY=00h-0FFhx32 \
  -ACOMMON=070h-07Fh -ABANK0=020h-06Fh -ABANK1=0A0h-0EFh \
  -ABANK2=0110h-016Fh -ABANK3=0190h-01EFh \
  -ARAM=020h-06Fh,0A0h-0EFh,0110h-016Fh,0190h-01EFh \
  -AABS1=020h-07Fh,0A0h-0EFh,0110h-016Fh,0190h-01EFh -ASFR0=00h-01Fh \
  -ASFR1=080h-09Fh -ASFR2=0100h-010Fh -ASFR3=0180h-018Fh \
  -ACONFIG=02007h-02008h -DCONFIG=2 -AIDLOC=02000h-02003h -DIDLOC=2 \
  -AEEDATA=00h-0FFh/02100h -peeprom_data=EEDATA -DEEDATA=2 -DCODE=2 \
  -DSTRCODE=2 -DSTRING=2 -DCONST=2 -DENTRY=2 \
  -preset_vec=00h,intentry=04h,sivt,init,end_init -ppowerup=CODE \
  -pcinit=CODE -pfunctab=ENTRY -k \
  C:\Users\juang\AppData\Local\Temp\xcAsbk.0\driver_tmp_17.o \
  dist/default/production\Practica7.X.production.o 

Object code version is 3.11

Machine type is 16F887



                Name                               Link     Load   Length Selector   Space Scale
C:\Users\juang\AppData\Local\Temp\xcAsbk.0\driver_tmp_17.o
                end_init                              C        C        3        8       0
                reset_vec                             0        0        3        0       0
                config                             2007     2007        2        0       4
dist/default/production\Practica7.X.production.o
                cinit                                 F        F       3A        8       0
                intentry                              4        4        8        8       0
                config                             2007     2007        2        0       4
                text19                              FB1      FB1       13     1F62       0
                text18                              FC4      FC4       19     1F88       0
                text17                              F92      F92        D     1F24       0
                text16                              F9F      F9F       12     1F3E       0
                text15                              2D0      2D0       BA        8       0
                text14                              60D      60D       59        8       0
                text13                              38A      38A       B0        8       0
                text12                              4DA      4DA       9A        8       0
                text11                              6AE      6AE       46        8       0
                text10                              574      574       99        8       0
                text9                               666      666       48        8       0
                text8                               7A9      7A9       2B      EE2       0
                text7                               6F4      6F4       44        8       0
                text6                               771      771       38      EE2       0
                text5                                 3        3        1        0       0
                text4                               43A      43A       A0        8       0
                text3                               1EB      1EB       E5        8       0
                text2                               FDD      FDD       23     1FBA       0
                text1                               7D4      7D4       23      EE2       0
                maintext                             49       49      1A2        8       0
                cstackBANK0                          20       20       4D       20       1
                cstackCOMMON                         70       70        8       70       1
                clrtext                             7F7      7F7        8      EE2       0
                dataBANK1                            C5       C5        5       A0       1
                bssBANK1                             A0       A0       25       A0       1
                dataBANK0                            6F       6F        1       20       1
                bssBANK0                             6D       6D        2       20       1
                bssCOMMON                            78       78        3       70       1
                strings                             738      738       39      E70       0
                idataBANK1                          F8D      F8D        5     1F1A       0
                idataBANK0                          7FF      7FF        1      EE2       0

TOTAL           Name                               Link     Load   Length     Space
        CLASS   CODE           
                end_init                              C        C        3         0
                cinit                                 F        F       3A         0
                intentry                              4        4        8         0
                reset_vec                             0        0        3         0
                text19                              FB1      FB1       13         0
                text18                              FC4      FC4       19         0
                text17                              F92      F92        D         0
                text16                              F9F      F9F       12         0
                text15                              2D0      2D0       BA         0
                text14                              60D      60D       59         0
                text13                              38A      38A       B0         0
                text12                              4DA      4DA       9A         0
                text11                              6AE      6AE       46         0
                text10                              574      574       99         0
                text9                               666      666       48         0
                text8                               7A9      7A9       2B         0
                text7                               6F4      6F4       44         0
                text6                               771      771       38         0
                text5                                 3        3        1         0
                text4                               43A      43A       A0         0
                text3                               1EB      1EB       E5         0
                text2                               FDD      FDD       23         0
                text1                               7D4      7D4       23         0
                maintext                             49       49      1A2         0
                clrtext                             7F7      7F7        8         0
                idataBANK1                          F8D      F8D        5         0
                idataBANK0                          7FF      7FF        1         0

        CLASS   STRCODE        

        CLASS   STRING         
                strings                             738      738       39         0

        CLASS   CONST          

        CLASS   ENTRY          

        CLASS   COMMON         
                cstackCOMMON                         70       70        8         1
                bssCOMMON                            78       78        3         1

        CLASS   BANK0          
                cstackBANK0                          20       20       4D         1
                dataBANK0                            6F       6F        1         1
                bssBANK0                             6D       6D        2         1

        CLASS   BANK1          
                dataBANK1                            C5       C5        5         1
                bssBANK1                             A0       A0       25         1

        CLASS   BANK2          

        CLASS   BANK3          

        CLASS   RAM            

        CLASS   ABS1           
                abs_s1                               7E       7E        2         1

        CLASS   SFR0           

        CLASS   SFR1           

        CLASS   SFR2           

        CLASS   SFR3           

        CLASS   CONFIG         
                config                             2007     2007        2         4

        CLASS   IDLOC          

        CLASS   EEDATA         

        CLASS   HEAP           

        CLASS   STACK          



SEGMENTS        Name                           Load    Length   Top    Selector   Space  Class     Delta

                reset_vec                      000000  000004  000004         0       0  CODE        2
                intentry                       000004  000734  000738         8       0  CODE        2
                cstackBANK0                    000020  000050  000070        20       1  BANK0       1
                cstackCOMMON                   000070  00000B  00007B        70       1  COMMON      1
                bssBANK1                       0000A0  00002A  0000CA        A0       1  BANK1       1
                strings                        000738  000039  000771       E70       0  STRING      2
                text6                          000771  00008F  000800       EE2       0  CODE        2
                idataBANK1                     000F8D  000005  000F92      1F1A       0  CODE        2
                text17                         000F92  00000D  000F9F      1F24       0  CODE        2
                text16                         000F9F  000012  000FB1      1F3E       0  CODE        2
                text19                         000FB1  000013  000FC4      1F62       0  CODE        2
                text18                         000FC4  000019  000FDD      1F88       0  CODE        2
                text2                          000FDD  000023  001000      1FBA       0  CODE        2


UNUSED ADDRESS RANGES

        Name                Unused          Largest block    Delta
        BANK1            00CA-00EF             26           1
        BANK2            0110-016F             60           1
        BANK3            0190-01EF             60           1
        CODE             0800-0F8C            78D           2
                         1000-1FFF            800
        COMMON           007B-007D              3           1
        CONST            0800-0F8C            100           2
                         1000-1FFF            100
        EEDATA           2100-21FF            100           2
        ENTRY            0800-0F8C            100           2
                         1000-1FFF            100
        IDLOC            2000-2003              4           2
        RAM              00CA-00EF             26           1
                         0110-016F             60
                         0190-01EF             60
        SFR0             0000-001F             20           1
        SFR1             0080-009F             20           1
        SFR2             0100-010F             10           1
        SFR3             0180-018F             10           1
        STRCODE          0800-0F8C            78D           2
                         1000-1FFF           1000
        STRING           0800-0F8C            100           2
                         1000-1FFF            100

                                  Symbol Table

?_ADC_Read               cstackCOMMON 0073
?___aldiv                cstackBANK0  0028
?___lmul                 cstackBANK0  0020
?___lwdiv                cstackBANK0  0022
?___lwmod                cstackCOMMON 0073
?___wmul                 cstackCOMMON 0073
?_sprintf                cstackBANK0  003A
?_vfprintf               cstackBANK0  0035
LCD_Init@cmd             cstackBANK0  0028
LCD_Init@display         cstackBANK0  0021
LCD_Out@c                cstackCOMMON 0075
LCD_Write@c              cstackBANK0  0020
LCD_putc@c               cstackBANK0  0020
LCD_putrs@a              cstackBANK0  0021
LCD_putrs@i              cstackBANK0  0026
_ADCON0                  (abs)        001F
_ADCON1                  (abs)        009F
_ADC_Init                text17       0F92
_ADC_Read                text16       0F9F
_ADRESH                  (abs)        001E
_ADRESL                  (abs)        009E
_ANSEL                   (abs)        0188
_ANSELH                  (abs)        0189
_GIE                     (abs)        005F
_GO_nDONE                (abs)        00F9
_INTE                    (abs)        005C
_INTEDG                  (abs)        040E
_INTF                    (abs)        0059
_ISR                     text18       0FC4
_LCD_Init                text13       038A
_LCD_Out                 text15       02D0
_LCD_Write               text14       060D
_LCD_putc                text12       04DA
_LCD_putrs               text11       06AE
_OPTION_REG              (abs)        0081
_PORTA                   (abs)        0005
_PORTB                   (abs)        0006
_PORTC                   (abs)        0007
_TRISA                   (abs)        0085
_TRISB                   (abs)        0086
_TRISC                   (abs)        0087
__H__absolute__          __absolute__ 0000
__Habs1                  abs1         0000
__Hbank0                 bank0        0000
__Hbank1                 bank1        0000
__Hbank2                 bank2        0000
__Hbank3                 bank3        0000
__HbssBANK0              bssBANK0     0000
__HbssBANK1              bssBANK1     0000
__HbssCOMMON             bssCOMMON    0000
__Hcinit                 cinit        0049
__Hclrtext               clrtext      0000
__Hcode                  code         0000
__Hcommon                common       0000
__Hconfig                config       2009
__HcstackBANK0           cstackBANK0  0000
__HcstackCOMMON          cstackCOMMON 0000
__HdataBANK0             dataBANK0    0000
__HdataBANK1             dataBANK1    0000
__Heeprom_data           eeprom_data  0000
__Hend_init              end_init     000F
__Hfunctab               functab      0000
__Hheap                  heap         0000
__HidataBANK0            idataBANK0   0000
__HidataBANK1            idataBANK1   0000
__Hinit                  init         000C
__Hintentry              intentry     000C
__Hmaintext              maintext     0000
__Hpowerup               powerup      0000
__Hram                   ram          0000
__Hreset_vec             reset_vec    0003
__Hsfr0                  sfr0         0000
__Hsfr1                  sfr1         0000
__Hsfr2                  sfr2         0000
__Hsfr3                  sfr3         0000
__Hsivt                  sivt         000C
__Hspace_0               (abs)        1000
__Hspace_1               (abs)        00CA
__Hspace_2               (abs)        0000
__Hspace_3               (abs)        0000
__Hspace_4               (abs)        4010
__Hstack                 stack        0000
__Hstrings               strings      0000
__Htext                  text         0000
__L__absolute__          __absolute__ 0000
__Labs1                  abs1         0000
__Lbank0                 bank0        0000
__Lbank1                 bank1        0000
__Lbank2                 bank2        0000
__Lbank3                 bank3        0000
__LbssBANK0              bssBANK0     0000
__LbssBANK1              bssBANK1     0000
__LbssCOMMON             bssCOMMON    0000
__Lcinit                 cinit        000F
__Lclrtext               clrtext      0000
__Lcode                  code         0000
__Lcommon                common       0000
__Lconfig                config       0000
__LcstackBANK0           cstackBANK0  0000
__LcstackCOMMON          cstackCOMMON 0000
__LdataBANK0             dataBANK0    0000
__LdataBANK1             dataBANK1    0000
__Leeprom_data           eeprom_data  0000
__Lend_init              end_init     000C
__Lfunctab               functab      0000
__Lheap                  heap         0000
__LidataBANK0            idataBANK0   0000
__LidataBANK1            idataBANK1   0000
__Linit                  init         000C
__Lintentry              intentry     0004
__Lmaintext              maintext     0000
__Lpowerup               powerup      0000
__Lram                   ram          0000
__Lreset_vec             reset_vec    0000
__Lsfr0                  sfr0         0000
__Lsfr1                  sfr1         0000
__Lsfr2                  sfr2         0000
__Lsfr3                  sfr3         0000
__Lsivt                  sivt         000C
__Lspace_0               (abs)        0000
__Lspace_1               (abs)        0000
__Lspace_2               (abs)        0000
__Lspace_3               (abs)        0000
__Lspace_4               (abs)        0000
__Lstack                 stack        0000
__Lstrings               strings      0000
__Ltext                  text         0000
__S0                     (abs)        1000
__S1                     (abs)        00CA
__S3                     (abs)        0000
___aldiv                 text10       0574
___aldiv@counter         cstackBANK0  0031
___aldiv@dividend        cstackBANK0  002C
___aldiv@divisor         cstackBANK0  0028
___aldiv@quotient        cstackBANK0  0033
___aldiv@sign            cstackBANK0  0032
___heap_hi               (abs)        0000
___heap_lo               (abs)        0000
___int_sp                stack        0000
___int_stack_hi          stack        0000
___int_stack_lo          stack        0000
___latbits               (abs)        0002
___lmul                  text9        0666
___lmul@multiplicand     cstackBANK0  0024
___lmul@multiplier       cstackBANK0  0020
___lmul@product          cstackCOMMON 0074
___lwdiv                 text7        06F4
___lwdiv@counter         cstackBANK0  0028
___lwdiv@dividend        cstackBANK0  0024
___lwdiv@divisor         cstackBANK0  0022
___lwdiv@quotient        cstackBANK0  0026
___lwmod                 text6        0771
___lwmod@counter         cstackCOMMON 0077
___lwmod@dividend        cstackCOMMON 0075
___lwmod@divisor         cstackCOMMON 0073
___sp                    stack        0000
___stack_hi              stack        0000
___stack_lo              stack        0000
___stackhi               (abs)        0000
___stacklo               (abs)        0000
___wmul                  text8        07A9
___wmul@multiplicand     cstackCOMMON 0075
___wmul@multiplier       cstackCOMMON 0073
___wmul@product          cstackBANK0  0020
__end_of_ADC_Init        text17       0F9F
__end_of_ADC_Read        text16       0FB1
__end_of_ISR             text18       0FDD
__end_of_LCD_Init        text13       043A
__end_of_LCD_Out         text15       038A
__end_of_LCD_Write       text14       0666
__end_of_LCD_putc        text12       0574
__end_of_LCD_putrs       text11       06F4
__end_of___aldiv         text10       060D
__end_of___lmul          text9        06AE
__end_of___lwdiv         text7        0738
__end_of___lwmod         text6        07A9
__end_of___wmul          text8        07D4
__end_of__initialization cinit        0045
__end_of__stringtab      strings      0748
__end_of_change          text19       0FC4
__end_of_fputc           text4        04DA
__end_of_main            maintext     01EB
__end_of_putch           text5        0004
__end_of_sprintf         text1        07F7
__end_of_vfpfcnvrt       text3        02D0
__end_of_vfprintf        text2        1000
__initialization         cinit        000F
__pbssBANK0              bssBANK0     006D
__pbssBANK1              bssBANK1     00A0
__pbssCOMMON             bssCOMMON    0078
__pcstackBANK0           cstackBANK0  0020
__pcstackCOMMON          cstackCOMMON 0070
__pdataBANK0             dataBANK0    006F
__pdataBANK1             dataBANK1    00C5
__pidataBANK0            idataBANK0   07FF
__pidataBANK1            idataBANK1   0F8D
__pintentry              intentry     0004
__pmaintext              maintext     0049
__pstrings               strings      0738
__ptext1                 text1        07D4
__ptext10                text10       0574
__ptext11                text11       06AE
__ptext12                text12       04DA
__ptext13                text13       038A
__ptext14                text14       060D
__ptext15                text15       02D0
__ptext16                text16       0F9F
__ptext17                text17       0F92
__ptext18                text18       0FC4
__ptext19                text19       0FB1
__ptext2                 text2        0FDD
__ptext3                 text3        01EB
__ptext4                 text4        043A
__ptext5                 text5        0003
__ptext6                 text6        0771
__ptext7                 text7        06F4
__ptext8                 text8        07A9
__ptext9                 text9        0666
__stringbase             strings      0747
__stringtab              strings      0738
_change                  text19       0FB1
_dbuf                    bssBANK1     00A0
_flags                   bssCOMMON    007A
_fputc                   text4        043A
_lcd                     bssBANK1     00C0
_main                    maintext     0049
_op                      dataBANK0    006F
_prec                    bssCOMMON    0078
_putch                   text5        0003
_sprintf                 text1        07D4
_vfpfcnvrt               text3        01EB
_vfprintf                text2        0FDD
_width                   bssBANK0     006D
btemp                    (abs)        007E
btemp0                   (abs)        007E
btemp1                   (abs)        007F
change@op                cstackCOMMON 0070
clear_ram0               clrtext      07F7
end_of_initialization    cinit        0045
fputc@c                  cstackCOMMON 0073
fputc@fp                 cstackCOMMON 0075
interrupt_function       intentry     0004
intlevel0                functab      0000
intlevel1                functab      0000
intlevel2                functab      0000
intlevel3                functab      0000
intlevel4                functab      0000
intlevel5                functab      0000
ltemp0a                  (abs)        0080
main@F1772               dataBANK1    00C5
main@adc_result          cstackBANK0  005F
main@adc_result_150      cstackBANK0  0065
main@adc_result_154      cstackBANK0  0069
main@buffer              cstackBANK0  0050
main@part_dec            cstackBANK0  0063
main@part_ent            cstackBANK0  0061
main@percent             cstackBANK0  0067
main@screen              cstackBANK0  005A
main@volt                cstackBANK0  006B
reset_vec                reset_vec    0000
saved_w                  (abs)        007E
sprintf@ap               cstackBANK0  0041
sprintf@f                cstackBANK0  0042
sprintf@fmt              cstackBANK0  003B
sprintf@s                cstackBANK0  003A
start                    init         000C
start_initialization     cinit        000F
ttemp0a                  (abs)        007F
vfpfcnvrt@ap             cstackBANK0  002C
vfpfcnvrt@c              cstackBANK0  0034
vfpfcnvrt@convarg        cstackBANK0  002F
vfpfcnvrt@cp             cstackBANK0  0033
vfpfcnvrt@fmt            cstackBANK0  002B
vfpfcnvrt@fp             cstackBANK0  0029
vfprintf@ap              cstackBANK0  0038
vfprintf@cfmt            cstackBANK0  0039
vfprintf@fmt             cstackBANK0  0037
vfprintf@fp              cstackBANK0  0035
wtemp0                   (abs)        007E
wtemp0a                  (abs)        007F


MODULE INFORMATION

Module		Function		Class		Link	Load	Size
C:\Program Files\Microchip\xc8\v3.10\pic\sources\c99\common\lwmod.c
		___lwmod       		CODE           	0771	0000	56

C:\Program Files\Microchip\xc8\v3.10\pic\sources\c99\common\lwmod.c estimated size: 56

C:\Program Files\Microchip\xc8\v3.10\pic\sources\c99\common\putch.c
		_putch         		CODE           	0003	0000	1

C:\Program Files\Microchip\xc8\v3.10\pic\sources\c99\common\putch.c estimated size: 1

C:\Program Files\Microchip\xc8\v3.10\pic\sources\c99\common\Umul32.c
		___lmul        		CODE           	0666	0000	72

C:\Program Files\Microchip\xc8\v3.10\pic\sources\c99\common\Umul32.c estimated size: 72

C:\Program Files\Microchip\xc8\v3.10\pic\sources\c99\common\lwdiv.c
		___lwdiv       		CODE           	06F4	0000	68

C:\Program Files\Microchip\xc8\v3.10\pic\sources\c99\common\lwdiv.c estimated size: 68

C:\Program Files\Microchip\xc8\v3.10\pic\sources\c99\common\aldiv.c
		___aldiv       		CODE           	0574	0000	153

C:\Program Files\Microchip\xc8\v3.10\pic\sources\c99\common\aldiv.c estimated size: 153

C:\Program Files\Microchip\xc8\v3.10\pic\sources\c99\common\nf_sprintf.c
		_sprintf       		CODE           	07D4	0000	35

C:\Program Files\Microchip\xc8\v3.10\pic\sources\c99\common\nf_sprintf.c estimated size: 35

shared
		__stringtab    		STRING         	0738	0000	16
		__initialization		CODE           	000F	0000	54

shared estimated size: 70

C:\Program Files\Microchip\xc8\v3.10\pic\sources\c99\common\nf_fputc.c
		_fputc         		CODE           	043A	0000	160

C:\Program Files\Microchip\xc8\v3.10\pic\sources\c99\common\nf_fputc.c estimated size: 160

lcd.c
		_LCD_Init      		CODE           	038A	0000	176
		_LCD_Out       		CODE           	02D0	0000	186
		_LCD_putc      		CODE           	04DA	0000	154
		_LCD_putrs     		CODE           	06AE	0000	70
		_LCD_Write     		CODE           	060D	0000	89

lcd.c estimated size: 675

C:\Program Files\Microchip\xc8\v3.10\pic\sources\c99\common\doprnt.c
		_vfpfcnvrt     		CODE           	01EB	0000	229
		_vfprintf      		CODE           	0FDD	0000	35

C:\Program Files\Microchip\xc8\v3.10\pic\sources\c99\common\doprnt.c estimated size: 264

main.c
		_ISR           		CODE           	0FC4	0000	25
		_main          		CODE           	0049	0000	418
		_change        		CODE           	0FB1	0000	19
		_ADC_Read      		CODE           	0F9F	0000	18
		_ADC_Init      		CODE           	0F92	0000	13

main.c estimated size: 493

C:\Program Files\Microchip\xc8\v3.10\pic\sources\c99\common\Umul16.c
		___wmul        		CODE           	07A9	0000	43

C:\Program Files\Microchip\xc8\v3.10\pic\sources\c99\common\Umul16.c estimated size: 43

