Microchip MPLAB XC8 Compiler V3.10

Linker command line:

-W-3 \
  --edf=C:/Users/juang/.mchp_packs/Microchip/PIC16Fxxx_DFP/1.8.167/xc8\pic\dat\20260422061002_en.msgs \
  -cn -h+dist/default/production\Practica9.X.production.sym \
  --cmf=dist/default/production\Practica9.X.production.cmf -z -Q16F887 \
  -oC:\Users\juang\AppData\Local\Temp\xcAskm8.0\driver_tmp_3.o \
  --defsym=__MPLAB_BUILD=1 --fixupoverflow=error \
  -Mdist/default/production/Practica9.X.production.map \
  --md=C:\Users\juang\AppData\Local\Temp\xcAskm8.0\driver_tmp_0.dat -E1 \
  -ver=XC8 Compiler -ACODE=00h-07FFhx4 -ASTRCODE=00h-01FFFh \
  -ASTRING=00h-0FFhx32 -ACONST=00h-0FFhx32 -AENTRY=00h-0FFhx32 \
  -ACOMMON=070h-07Fh -ABANK0=020h-06Fh -ABANK1=0A0h-0EFh \
  -ABANK2=0110h-016Fh -ABANK3=0190h-01EFh \
  -ARAM=020h-06Fh,0A0h-0EFh,0110h-016Fh,0190h-01EFh \
  -AABS1=020h-07Fh,0A0h-0EFh,0110h-016Fh,0190h-01EFh -ASFR0=00h-01Fh \
  -ASFR1=080h-09Fh -ASFR2=0100h-010Fh -ASFR3=0180h-018Fh \
  -ACONFIG=02007h-02008h -DCONFIG=2 -AIDLOC=02000h-02003h -DIDLOC=2 \
  -AEEDATA=00h-0FFh/02100h -peeprom_data=EEDATA -DEEDATA=2 -DCODE=2 \
  -DSTRCODE=2 -DSTRING=2 -DCONST=2 -DENTRY=2 \
  -preset_vec=00h,intentry=04h,sivt,init,end_init -ppowerup=CODE \
  -pcinit=CODE -pfunctab=ENTRY -k \
  C:\Users\juang\AppData\Local\Temp\xcAskm8.0\driver_tmp_12.o \
  dist/default/production\Practica9.X.production.o 

Object code version is 3.11

Machine type is 16F887



                Name                               Link     Load   Length Selector   Space Scale
C:\Users\juang\AppData\Local\Temp\xcAskm8.0\driver_tmp_12.o
                end_init                              C        C        3        8       0
                reset_vec                             0        0        3        0       0
                config                             2007     2007        2        0       4
dist/default/production\Practica9.X.production.o
                cinit                                 F        F       36        8       0
                intentry                              4        4        8        8       0
                config                             2007     2007        2        0       4
                text11                              631      631        A      C46       0
                text10                              5E9      5E9       24        8       0
                text9                               623      623        E      C46       0
                text8                               5B5      5B5       34        8       0
                text7                               2F6      2F6       B8        8       0
                text6                               55E      55E       57        8       0
                text5                               138      138       EF        8       0
                text4                               3AE      3AE       B3        8       0
                text3                               461      461       98        8       0
                text2                                45       45       F3        8       0
                text1                               4F9      4F9       65        8       0
                maintext                            227      227       CF        8       0
                cstackBANK0                          20       20       1A       20       1
                cstackCOMMON                         75       75        5       70       1
                dataBANK0                            43       43        6       20       1
                bssBANK0                             3A       3A        9       20       1
                bssCOMMON                            70       70        5       70       1
                strings                             60D      60D       16      C1A       0
                idataBANK0                          63B      63B        6      C46       0

TOTAL           Name                               Link     Load   Length     Space
        CLASS   CODE           
                end_init                              C        C        3         0
                cinit                                 F        F       36         0
                intentry                              4        4        8         0
                reset_vec                             0        0        3         0
                text11                              631      631        A         0
                text10                              5E9      5E9       24         0
                text9                               623      623        E         0
                text8                               5B5      5B5       34         0
                text7                               2F6      2F6       B8         0
                text6                               55E      55E       57         0
                text5                               138      138       EF         0
                text4                               3AE      3AE       B3         0
                text3                               461      461       98         0
                text2                                45       45       F3         0
                text1                               4F9      4F9       65         0
                maintext                            227      227       CF         0
                idataBANK0                          63B      63B        6         0

        CLASS   STRCODE        

        CLASS   STRING         
                strings                             60D      60D       16         0

        CLASS   CONST          

        CLASS   ENTRY          

        CLASS   COMMON         
                cstackCOMMON                         75       75        5         1
                bssCOMMON                            70       70        5         1

        CLASS   BANK0          
                cstackBANK0                          20       20       1A         1
                dataBANK0                            43       43        6         1
                bssBANK0                             3A       3A        9         1

        CLASS   BANK1          

        CLASS   BANK2          

        CLASS   BANK3          

        CLASS   RAM            

        CLASS   ABS1           
                abs_s1                               7E       7E        2         1

        CLASS   SFR0           

        CLASS   SFR1           

        CLASS   SFR2           

        CLASS   SFR3           

        CLASS   CONFIG         
                config                             2007     2007        2         4

        CLASS   IDLOC          

        CLASS   EEDATA         

        CLASS   HEAP           

        CLASS   STACK          



SEGMENTS        Name                           Load    Length   Top    Selector   Space  Class     Delta

                reset_vec                      000000  000003  000003         0       0  CODE        2
                intentry                       000004  000609  00060D         8       0  CODE        2
                cstackBANK0                    000020  000029  000049        20       1  BANK0       1
                bssCOMMON                      000070  00000A  00007A        70       1  COMMON      1
                strings                        00060D  000016  000623       C1A       0  STRING      2
                text9                          000623  00001E  000641       C46       0  CODE        2


UNUSED ADDRESS RANGES

        Name                Unused          Largest block    Delta
        BANK0            0049-006F             27           1
        BANK1            00A0-00EF             50           1
        BANK2            0110-016F             60           1
        BANK3            0190-01EF             60           1
        CODE             0003-0003              1           2
                         0641-1FFF            800
        COMMON           007A-007D              4           1
        CONST            0003-0003              1           2
                         0641-1FFF            100
        EEDATA           2100-21FF            100           2
        ENTRY            0003-0003              1           2
                         0641-1FFF            100
        IDLOC            2000-2003              4           2
        RAM              0049-006F             27           1
                         00A0-00EF             50
                         0110-016F             60
                         0190-01EF             60
        SFR0             0000-001F             20           1
        SFR1             0080-009F             20           1
        SFR2             0100-010F             10           1
        SFR3             0180-018F             10           1
        STRCODE          0003-0003              1           2
                         0641-1FFF           19BF
        STRING           0003-0003              1           2
                         0641-1FFF            100

                                  Symbol Table

?_ADC_Read               cstackBANK0  0020
ADC_Read@channel         cstackBANK0  0024
LCD_Custom_Char@bitmap   cstackBANK0  0026
LCD_Custom_Char@i        cstackBANK0  002A
LCD_Custom_Char@loc      cstackBANK0  0029
LCD_Init@cmd             cstackBANK0  002D
LCD_Init@display         cstackBANK0  0026
LCD_Out@c                cstackBANK0  0022
LCD_Write@c              cstackBANK0  0025
LCD_putc@c               cstackBANK0  0025
_ADCON0                  (abs)        001F
_ADCON1                  (abs)        009F
_ADC_Init                text9        0623
_ADC_Read                text8        05B5
_ADRESH                  (abs)        001E
_ADRESL                  (abs)        009E
_ANSEL                   (abs)        0188
_ANSELH                  (abs)        0189
_GIE                     (abs)        005F
_GO_nDONE                (abs)        00F9
_INTE                    (abs)        005C
_INTEDG                  (abs)        040E
_INTF                    (abs)        0059
_ISR                     text10       05E9
_LCD_Custom_Char         text5        0138
_LCD_Init                text4        03AE
_LCD_Out                 text7        02F6
_LCD_Write               text6        055E
_LCD_putc                text3        0461
_OPTION_REG              (abs)        0081
_PORTA                   (abs)        0005
_PORTB                   (abs)        0006
_PORTBbits               (abs)        0006
_PORTC                   (abs)        0007
_TRISA                   (abs)        0085
_TRISB                   (abs)        0086
_TRISC                   (abs)        0087
__H__absolute__          __absolute__ 0000
__Habs1                  abs1         0000
__Hbank0                 bank0        0000
__Hbank1                 bank1        0000
__Hbank2                 bank2        0000
__Hbank3                 bank3        0000
__HbssBANK0              bssBANK0     0000
__HbssCOMMON             bssCOMMON    0000
__Hcinit                 cinit        0045
__Hclrtext               clrtext      0000
__Hcode                  code         0000
__Hcommon                common       0000
__Hconfig                config       2009
__HcstackBANK0           cstackBANK0  0000
__HcstackCOMMON          cstackCOMMON 0000
__HdataBANK0             dataBANK0    0000
__Heeprom_data           eeprom_data  0000
__Hend_init              end_init     000F
__Hfunctab               functab      0000
__Hheap                  heap         0000
__HidataBANK0            idataBANK0   0000
__Hinit                  init         000C
__Hintentry              intentry     000C
__Hmaintext              maintext     0000
__Hpowerup               powerup      0000
__Hram                   ram          0000
__Hreset_vec             reset_vec    0003
__Hsfr0                  sfr0         0000
__Hsfr1                  sfr1         0000
__Hsfr2                  sfr2         0000
__Hsfr3                  sfr3         0000
__Hsivt                  sivt         000C
__Hspace_0               (abs)        0641
__Hspace_1               (abs)        007A
__Hspace_2               (abs)        0000
__Hspace_3               (abs)        0000
__Hspace_4               (abs)        4010
__Hstack                 stack        0000
__Hstrings               strings      0000
__Htext                  text         0000
__L__absolute__          __absolute__ 0000
__Labs1                  abs1         0000
__Lbank0                 bank0        0000
__Lbank1                 bank1        0000
__Lbank2                 bank2        0000
__Lbank3                 bank3        0000
__LbssBANK0              bssBANK0     0000
__LbssCOMMON             bssCOMMON    0000
__Lcinit                 cinit        000F
__Lclrtext               clrtext      0000
__Lcode                  code         0000
__Lcommon                common       0000
__Lconfig                config       0000
__LcstackBANK0           cstackBANK0  0000
__LcstackCOMMON          cstackCOMMON 0000
__LdataBANK0             dataBANK0    0000
__Leeprom_data           eeprom_data  0000
__Lend_init              end_init     000C
__Lfunctab               functab      0000
__Lheap                  heap         0000
__LidataBANK0            idataBANK0   0000
__Linit                  init         000C
__Lintentry              intentry     0004
__Lmaintext              maintext     0000
__Lpowerup               powerup      0000
__Lram                   ram          0000
__Lreset_vec             reset_vec    0000
__Lsfr0                  sfr0         0000
__Lsfr1                  sfr1         0000
__Lsfr2                  sfr2         0000
__Lsfr3                  sfr3         0000
__Lsivt                  sivt         000C
__Lspace_0               (abs)        0000
__Lspace_1               (abs)        0000
__Lspace_2               (abs)        0000
__Lspace_3               (abs)        0000
__Lspace_4               (abs)        0000
__Lstack                 stack        0000
__Lstrings               strings      0000
__Ltext                  text         0000
__S0                     (abs)        0641
__S1                     (abs)        007A
__S3                     (abs)        0000
___heap_hi               (abs)        0000
___heap_lo               (abs)        0000
___int_sp                stack        0000
___int_stack_hi          stack        0000
___int_stack_lo          stack        0000
___latbits               (abs)        0002
___sp                    stack        0000
___stack_hi              stack        0000
___stack_lo              stack        0000
___stackhi               (abs)        0000
___stacklo               (abs)        0000
__end_of_ADC_Init        text9        0631
__end_of_ADC_Read        text8        05E9
__end_of_ISR             text10       060D
__end_of_LCD_Custom_Char text5        0227
__end_of_LCD_Init        text4        0461
__end_of_LCD_Out         text7        03AE
__end_of_LCD_Write       text6        05B5
__end_of_LCD_putc        text3        04F9
__end_of__initialization cinit        0041
__end_of__stringtab      strings      0613
__end_of_animation       text11       063B
__end_of_cambio          strings      061B
__end_of_main            maintext     02F6
__end_of_normal          strings      0623
__end_of_show            text2        0138
__end_of_whereToMove     text1        055E
__initialization         cinit        000F
__pbssBANK0              bssBANK0     003A
__pbssCOMMON             bssCOMMON    0070
__pcstackBANK0           cstackBANK0  0020
__pcstackCOMMON          cstackCOMMON 0075
__pdataBANK0             dataBANK0    0043
__pidataBANK0            idataBANK0   063B
__pintentry              intentry     0004
__pmaintext              maintext     0227
__pstrings               strings      060D
__ptext1                 text1        04F9
__ptext10                text10       05E9
__ptext11                text11       0631
__ptext2                 text2        0045
__ptext3                 text3        0461
__ptext4                 text4        03AE
__ptext5                 text5        0138
__ptext6                 text6        055E
__ptext7                 text7        02F6
__ptext8                 text8        05B5
__ptext9                 text9        0623
__stringbase             strings      0612
__stringtab              strings      060D
_animation               text11       0631
_cambio                  strings      0613
_estado                  bssBANK0     003E
_flag_actualizar_lcd     dataBANK0    0048
_lastPos                 bssBANK0     003A
_lcd                     bssCOMMON    0070
_main                    maintext     0227
_normal                  strings      061B
_pos                     bssBANK0     003F
_show                    text2        0045
_whereToMove             text1        04F9
animation@estado         cstackCOMMON 0075
btemp                    (abs)        007E
btemp0                   (abs)        007E
btemp1                   (abs)        007F
end_of_initialization    cinit        0041
interrupt_function       intentry     0004
intlevel0                functab      0000
intlevel1                functab      0000
intlevel2                functab      0000
intlevel3                functab      0000
intlevel4                functab      0000
intlevel5                functab      0000
ltemp0a                  (abs)        0080
main@F1786               dataBANK0    0043
main@adc_result1         cstackBANK0  0036
main@adc_result2         cstackBANK0  0038
main@screen              cstackBANK0  0031
reset_vec                reset_vec    0000
saved_w                  (abs)        007E
show@pos                 cstackBANK0  0026
start                    init         000C
start_initialization     cinit        000F
ttemp0a                  (abs)        007F
whereToMove@adc1         cstackBANK0  0020
whereToMove@adc2         cstackBANK0  0022
whereToMove@pos          cstackBANK0  0024
whereToMove@x            cstackBANK0  0027
whereToMove@y            cstackBANK0  0025
wtemp0                   (abs)        007E
wtemp0a                  (abs)        007F


MODULE INFORMATION

Module		Function		Class		Link	Load	Size
shared
		__stringtab    		STRING         	060D	0000	6
		__initialization		CODE           	000F	0000	50
		_cambio        		STRING         	0613	0000	8
		_normal        		STRING         	061B	0000	8

shared estimated size: 72

lcd.c
		_LCD_Init      		CODE           	03AE	0000	179
		_LCD_Out       		CODE           	02F6	0000	184
		_LCD_putc      		CODE           	0461	0000	152
		_LCD_Write     		CODE           	055E	0000	87
		_LCD_Custom_Char		CODE           	0138	0000	239

lcd.c estimated size: 841

main.c
		_ISR           		CODE           	05E9	0000	36
		_animation     		CODE           	0631	0000	10
		_main          		CODE           	0227	0000	207
		_whereToMove   		CODE           	04F9	0000	101
		_show          		CODE           	0045	0000	243
		_ADC_Read      		CODE           	05B5	0000	52
		_ADC_Init      		CODE           	0623	0000	14

main.c estimated size: 663

