Microchip MPLAB XC8 Compiler V3.10

Linker command line:

-W-3 \
  --edf=C:/Users/juang/.mchp_packs/Microchip/PIC16Fxxx_DFP/1.8.167/xc8\pic\dat\20260422061002_en.msgs \
  -cn -h+dist/default/production\Practica6.X.production.sym \
  --cmf=dist/default/production\Practica6.X.production.cmf -z -Q16F887 \
  -oC:\Users\juang\AppData\Local\Temp\xcAsce0.0\driver_tmp_3.o \
  --defsym=__MPLAB_BUILD=1 --fixupoverflow=error \
  -Mdist/default/production/Practica6.X.production.map \
  --md=C:\Users\juang\AppData\Local\Temp\xcAsce0.0\driver_tmp_0.dat -E1 \
  -ver=XC8 Compiler -ACODE=00h-07FFhx4 -ASTRCODE=00h-01FFFh \
  -ASTRING=00h-0FFhx32 -ACONST=00h-0FFhx32 -AENTRY=00h-0FFhx32 \
  -ACOMMON=070h-07Fh -ABANK0=020h-06Fh -ABANK1=0A0h-0EFh \
  -ABANK2=0110h-016Fh -ABANK3=0190h-01EFh \
  -ARAM=020h-06Fh,0A0h-0EFh,0110h-016Fh,0190h-01EFh \
  -AABS1=020h-07Fh,0A0h-0EFh,0110h-016Fh,0190h-01EFh -ASFR0=00h-01Fh \
  -ASFR1=080h-09Fh -ASFR2=0100h-010Fh -ASFR3=0180h-018Fh \
  -ACONFIG=02007h-02008h -DCONFIG=2 -AIDLOC=02000h-02003h -DIDLOC=2 \
  -AEEDATA=00h-0FFh/02100h -peeprom_data=EEDATA -DEEDATA=2 -DCODE=2 \
  -DSTRCODE=2 -DSTRING=2 -DCONST=2 -DENTRY=2 \
  -preset_vec=00h,intentry=04h,sivt,init,end_init -ppowerup=CODE \
  -pcinit=CODE -pfunctab=ENTRY -k \
  C:\Users\juang\AppData\Local\Temp\xcAsce0.0\driver_tmp_12.o \
  dist/default/production\Practica6.X.production.o 

Object code version is 3.11

Machine type is 16F887



                Name                               Link     Load   Length Selector   Space Scale
C:\Users\juang\AppData\Local\Temp\xcAsce0.0\driver_tmp_12.o
                end_init                              C        C        3        8       0
                reset_vec                             0        0        3        0       0
                config                             2007     2007        2        0       4
dist/default/production\Practica6.X.production.o
                cinit                                 F        F       2E        8       0
                intentry                              4        4        8        8       0
                config                             2007     2007        2        0       4
                text8                               4CD      4CD        A      914       0
                text7                               4B2      4B2       1B      914       0
                text6                               1F4      1F4       BA        8       0
                text5                               3F3      3F3       55        8       0
                text4                                3D       3D       EF        8       0
                text3                               2AE      2AE       B1        8       0
                text2                               35F      35F       94        8       0
                text1                               48A      48A       28      914       0
                maintext                            12C      12C       C8        8       0
                cstackBANK0                          20       20        B       20       1
                cstackCOMMON                         70       70        B       70       1
                dataBANK0                            31       31        6       20       1
                bssBANK0                             2B       2B        6       20       1
                strings                             448      448       42      890       0
                idataBANK0                          4D7      4D7        6      914       0

TOTAL           Name                               Link     Load   Length     Space
        CLASS   CODE           
                end_init                              C        C        3         0
                cinit                                 F        F       2E         0
                intentry                              4        4        8         0
                reset_vec                             0        0        3         0
                text8                               4CD      4CD        A         0
                text7                               4B2      4B2       1B         0
                text6                               1F4      1F4       BA         0
                text5                               3F3      3F3       55         0
                text4                                3D       3D       EF         0
                text3                               2AE      2AE       B1         0
                text2                               35F      35F       94         0
                text1                               48A      48A       28         0
                maintext                            12C      12C       C8         0
                idataBANK0                          4D7      4D7        6         0

        CLASS   STRCODE        

        CLASS   STRING         
                strings                             448      448       42         0

        CLASS   CONST          

        CLASS   ENTRY          

        CLASS   COMMON         
                cstackCOMMON                         70       70        B         1

        CLASS   BANK0          
                cstackBANK0                          20       20        B         1
                dataBANK0                            31       31        6         1
                bssBANK0                             2B       2B        6         1

        CLASS   BANK1          

        CLASS   BANK2          

        CLASS   BANK3          

        CLASS   RAM            

        CLASS   ABS1           
                abs_s1                               7E       7E        2         1

        CLASS   SFR0           

        CLASS   SFR1           

        CLASS   SFR2           

        CLASS   SFR3           

        CLASS   CONFIG         
                config                             2007     2007        2         4

        CLASS   IDLOC          

        CLASS   EEDATA         

        CLASS   HEAP           

        CLASS   STACK          



SEGMENTS        Name                           Load    Length   Top    Selector   Space  Class     Delta

                reset_vec                      000000  000003  000003         0       0  CODE        2
                intentry                       000004  000444  000448         8       0  CODE        2
                cstackBANK0                    000020  000017  000037        20       1  BANK0       1
                cstackCOMMON                   000070  00000B  00007B        70       1  COMMON      1
                strings                        000448  000042  00048A       890       0  STRING      2
                text1                          00048A  000053  0004DD       914       0  CODE        2


UNUSED ADDRESS RANGES

        Name                Unused          Largest block    Delta
        BANK0            0037-006F             39           1
        BANK1            00A0-00EF             50           1
        BANK2            0110-016F             60           1
        BANK3            0190-01EF             60           1
        CODE             0003-0003              1           2
                         04DD-1FFF            800
        COMMON           007B-007D              3           1
        CONST            0003-0003              1           2
                         04DD-1FFF            100
        EEDATA           2100-21FF            100           2
        ENTRY            0003-0003              1           2
                         04DD-1FFF            100
        IDLOC            2000-2003              4           2
        RAM              0037-006F             39           1
                         00A0-00EF             50
                         0110-016F             60
                         0190-01EF             60
        SFR0             0000-001F             20           1
        SFR1             0080-009F             20           1
        SFR2             0100-010F             10           1
        SFR3             0180-018F             10           1
        STRCODE          0003-0003              1           2
                         04DD-1FFF           1B23
        STRING           0003-0003              1           2
                         04DD-1FFF            100

                                  Symbol Table

LCD_Custom_Char@bitmap   cstackCOMMON 0079
LCD_Custom_Char@i        cstackBANK0  0023
LCD_Custom_Char@loc      cstackBANK0  0022
LCD_Init@cmd             cstackBANK0  0025
LCD_Init@display         cstackBANK0  0020
LCD_Out@c                cstackCOMMON 0075
LCD_Write@c              cstackCOMMON 0078
LCD_putc@c               cstackCOMMON 0078
LCD_putrs@a              cstackCOMMON 0079
LCD_putrs@i              cstackBANK0  0020
_ANSEL                   (abs)        0188
_ANSELH                  (abs)        0189
_GIE                     (abs)        005F
_INTE                    (abs)        005C
_INTEDG                  (abs)        040E
_INTF                    (abs)        0059
_ISR                     text7        04B2
_LCD_Custom_Char         text4        003D
_LCD_Init                text3        02AE
_LCD_Out                 text6        01F4
_LCD_Write               text5        03F3
_LCD_putc                text2        035F
_LCD_putrs               text1        048A
_OPTION_REG              (abs)        0081
_PORTA                   (abs)        0005
_PORTB                   (abs)        0006
_PORTC                   (abs)        0007
_PORTD                   (abs)        0008
_TRISA                   (abs)        0085
_TRISB                   (abs)        0086
_TRISC                   (abs)        0087
_TRISD                   (abs)        0088
__H__absolute__          __absolute__ 0000
__Habs1                  abs1         0000
__Hbank0                 bank0        0000
__Hbank1                 bank1        0000
__Hbank2                 bank2        0000
__Hbank3                 bank3        0000
__HbssBANK0              bssBANK0     0000
__Hcinit                 cinit        003D
__Hclrtext               clrtext      0000
__Hcode                  code         0000
__Hcommon                common       0000
__Hconfig                config       2009
__HcstackBANK0           cstackBANK0  0000
__HcstackCOMMON          cstackCOMMON 0000
__HdataBANK0             dataBANK0    0000
__Heeprom_data           eeprom_data  0000
__Hend_init              end_init     000F
__Hfunctab               functab      0000
__Hheap                  heap         0000
__HidataBANK0            idataBANK0   0000
__Hinit                  init         000C
__Hintentry              intentry     000C
__Hmaintext              maintext     0000
__Hpowerup               powerup      0000
__Hram                   ram          0000
__Hreset_vec             reset_vec    0003
__Hsfr0                  sfr0         0000
__Hsfr1                  sfr1         0000
__Hsfr2                  sfr2         0000
__Hsfr3                  sfr3         0000
__Hsivt                  sivt         000C
__Hspace_0               (abs)        04DD
__Hspace_1               (abs)        007B
__Hspace_2               (abs)        0000
__Hspace_3               (abs)        0000
__Hspace_4               (abs)        4010
__Hstack                 stack        0000
__Hstrings               strings      0000
__Htext                  text         0000
__L__absolute__          __absolute__ 0000
__Labs1                  abs1         0000
__Lbank0                 bank0        0000
__Lbank1                 bank1        0000
__Lbank2                 bank2        0000
__Lbank3                 bank3        0000
__LbssBANK0              bssBANK0     0000
__Lcinit                 cinit        000F
__Lclrtext               clrtext      0000
__Lcode                  code         0000
__Lcommon                common       0000
__Lconfig                config       0000
__LcstackBANK0           cstackBANK0  0000
__LcstackCOMMON          cstackCOMMON 0000
__LdataBANK0             dataBANK0    0000
__Leeprom_data           eeprom_data  0000
__Lend_init              end_init     000C
__Lfunctab               functab      0000
__Lheap                  heap         0000
__LidataBANK0            idataBANK0   0000
__Linit                  init         000C
__Lintentry              intentry     0004
__Lmaintext              maintext     0000
__Lpowerup               powerup      0000
__Lram                   ram          0000
__Lreset_vec             reset_vec    0000
__Lsfr0                  sfr0         0000
__Lsfr1                  sfr1         0000
__Lsfr2                  sfr2         0000
__Lsfr3                  sfr3         0000
__Lsivt                  sivt         000C
__Lspace_0               (abs)        0000
__Lspace_1               (abs)        0000
__Lspace_2               (abs)        0000
__Lspace_3               (abs)        0000
__Lspace_4               (abs)        0000
__Lstack                 stack        0000
__Lstrings               strings      0000
__Ltext                  text         0000
__S0                     (abs)        04DD
__S1                     (abs)        007B
__S3                     (abs)        0000
___heap_hi               (abs)        0000
___heap_lo               (abs)        0000
___int_sp                stack        0000
___int_stack_hi          stack        0000
___int_stack_lo          stack        0000
___latbits               (abs)        0002
___sp                    stack        0000
___stack_hi              stack        0000
___stack_lo              stack        0000
___stackhi               (abs)        0000
___stacklo               (abs)        0000
__end_of_ISR             text7        04CD
__end_of_LCD_Custom_Char text4        012C
__end_of_LCD_Init        text3        035F
__end_of_LCD_Out         text6        02AE
__end_of_LCD_Write       text5        0448
__end_of_LCD_putc        text2        03F3
__end_of_LCD_putrs       text1        04B2
__end_of__initialization cinit        0039
__end_of__stringtab      strings      044E
__end_of_buttonPressed   text8        04D7
__end_of_main            maintext     01F4
__end_of_mlbb_logo       strings      0456
__end_of_youtube_logo    strings      045E
__initialization         cinit        000F
__pbssBANK0              bssBANK0     002B
__pcstackBANK0           cstackBANK0  0020
__pcstackCOMMON          cstackCOMMON 0070
__pdataBANK0             dataBANK0    0031
__pidataBANK0            idataBANK0   04D7
__pintentry              intentry     0004
__pmaintext              maintext     012C
__pstrings               strings      0448
__ptext1                 text1        048A
__ptext2                 text2        035F
__ptext3                 text3        02AE
__ptext4                 text4        003D
__ptext5                 text5        03F3
__ptext6                 text6        01F4
__ptext7                 text7        04B2
__ptext8                 text8        04CD
__stringbase             strings      044D
__stringtab              strings      0448
_buttonPressed           text8        04CD
_flag                    bssBANK0     0030
_lcd                     bssBANK0     002B
_main                    maintext     012C
_mlbb_logo               strings      044E
_update                  dataBANK0    0036
_youtube_logo            strings      0456
btemp                    (abs)        007E
btemp0                   (abs)        007E
btemp1                   (abs)        007F
buttonPressed@flag       cstackCOMMON 0070
end_of_initialization    cinit        0039
interrupt_function       intentry     0004
intlevel0                functab      0000
intlevel1                functab      0000
intlevel2                functab      0000
intlevel3                functab      0000
intlevel4                functab      0000
intlevel5                functab      0000
ltemp0a                  (abs)        0080
main@F1773               dataBANK0    0031
main@screen              cstackBANK0  0026
reset_vec                reset_vec    0000
saved_w                  (abs)        007E
start                    init         000C
start_initialization     cinit        000F
ttemp0a                  (abs)        007F
wtemp0                   (abs)        007E
wtemp0a                  (abs)        007F


MODULE INFORMATION

Module		Function		Class		Link	Load	Size
shared
		_mlbb_logo     		STRING         	044E	0000	8
		__stringtab    		STRING         	0448	0000	6
		_youtube_logo  		STRING         	0456	0000	8
		__initialization		CODE           	000F	0000	42

shared estimated size: 64

lcd.c
		_LCD_Init      		CODE           	02AE	0000	177
		_LCD_Out       		CODE           	01F4	0000	186
		_LCD_putc      		CODE           	035F	0000	148
		_LCD_putrs     		CODE           	048A	0000	40
		_LCD_Write     		CODE           	03F3	0000	85
		_LCD_Custom_Char		CODE           	003D	0000	239

lcd.c estimated size: 875

main.c
		_ISR           		CODE           	04B2	0000	27
		_main          		CODE           	012C	0000	200
		_buttonPressed 		CODE           	04CD	0000	10

main.c estimated size: 237

