Microchip MPLAB XC8 Compiler V3.10

Linker command line:

-W-3 \
  --edf=C:/Users/juang/.mchp_packs/Microchip/PIC16Fxxx_DFP/1.8.167/xc8\pic\dat\20260422061002_en.msgs \
  -cn -h+dist/default/production\ProyectoFinal.X.production.sym \
  --cmf=dist/default/production\ProyectoFinal.X.production.cmf -z -Q16F887 \
  -oC:\Users\juang\AppData\Local\Temp\xcAsqyw.0\driver_tmp_3.o \
  --defsym=__MPLAB_BUILD=1 --fixupoverflow=error \
  -Mdist/default/production/ProyectoFinal.X.production.map \
  --md=C:\Users\juang\AppData\Local\Temp\xcAsqyw.0\driver_tmp_0.dat -E1 \
  -ver=XC8 Compiler -ACODE=00h-07FFhx4 -ASTRCODE=00h-01FFFh \
  -ASTRING=00h-0FFhx32 -ACONST=00h-0FFhx32 -AENTRY=00h-0FFhx32 \
  -ACOMMON=070h-07Fh -ABANK0=020h-06Fh -ABANK1=0A0h-0EFh \
  -ABANK2=0110h-016Fh -ABANK3=0190h-01EFh \
  -ARAM=020h-06Fh,0A0h-0EFh,0110h-016Fh,0190h-01EFh \
  -AABS1=020h-07Fh,0A0h-0EFh,0110h-016Fh,0190h-01EFh -ASFR0=00h-01Fh \
  -ASFR1=080h-09Fh -ASFR2=0100h-010Fh -ASFR3=0180h-018Fh \
  -ACONFIG=02007h-02008h -DCONFIG=2 -AIDLOC=02000h-02003h -DIDLOC=2 \
  -AEEDATA=00h-0FFh/02100h -peeprom_data=EEDATA -DEEDATA=2 -DCODE=2 \
  -DSTRCODE=2 -DSTRING=2 -DCONST=2 -DENTRY=2 \
  -preset_vec=00h,intentry=04h,sivt,init,end_init -ppowerup=CODE \
  -pcinit=CODE -pfunctab=ENTRY -k \
  C:\Users\juang\AppData\Local\Temp\xcAsqyw.0\driver_tmp_12.o \
  dist/default/production\ProyectoFinal.X.production.o 

Object code version is 3.11

Machine type is 16F887



                Name                               Link     Load   Length Selector   Space Scale
C:\Users\juang\AppData\Local\Temp\xcAsqyw.0\driver_tmp_12.o
                end_init                              C        C        3        8       0
                reset_vec                             0        0        3        0       0
                config                             2007     2007        2        0       4
dist/default/production\ProyectoFinal.X.production.o
                cinit                                 F        F       26        8       0
                intentry                              4        4        8        8       0
                config                             2007     2007        2        0       4
                text19                              74F      74F       22      AE6       0
                text18                              7B2      7B2       19      AE6       0
                text17                              573      573       61      AE6       0
                text16                              792      792       20      AE6       0
                text15                              727      727       28      AE6       0
                text14                              7E2      7E2       17      AE6       0
                text13                              2F7      2F7       BA        8       0
                text12                              62D      62D       55      AE6       0
                text11                              462      462       94        8       0
                text10                              6FF      6FF       28      AE6       0
                text9                               122      122       ED        8       0
                text8                               682      682       40      AE6       0
                text7                               4F6      4F6        9        8       0
                text6                               6C2      6C2       3D      AE6       0
                text5                               20F      20F       E8        8       0
                text4                                35       35       ED        8       0
                text3                               3B1      3B1       B1        8       0
                text2                               FEB      FEB       15     1FD6       0
                text1                               5D4      5D4       59      AE6       0
                maintext                            771      771       21      AE6       0
                cstackBANK0                          47       47        7       20       1
                cstackCOMMON                         70       70        A       70       1
                clrtext                             FD0      FD0        8     1FA0       0
                inittext                            FD8      FD8       13     1FB0       0
                dataBANK0                            20       20       17       20       1
                bssBANK0                             37       37       10       20       1
                dataCOMMON                           7A       7A        2       70       1
                strings                             500      500       73      A00       0
                idataBANK0                          7CB      7CB       17      AE6       0
                idataCOMMON                         7F9      7F9        2      AE6       0

TOTAL           Name                               Link     Load   Length     Space
        CLASS   CODE           
                end_init                              C        C        3         0
                cinit                                 F        F       26         0
                intentry                              4        4        8         0
                reset_vec                             0        0        3         0
                text19                              74F      74F       22         0
                text18                              7B2      7B2       19         0
                text17                              573      573       61         0
                text16                              792      792       20         0
                text15                              727      727       28         0
                text14                              7E2      7E2       17         0
                text13                              2F7      2F7       BA         0
                text12                              62D      62D       55         0
                text11                              462      462       94         0
                text10                              6FF      6FF       28         0
                text9                               122      122       ED         0
                text8                               682      682       40         0
                text7                               4F6      4F6        9         0
                text6                               6C2      6C2       3D         0
                text5                               20F      20F       E8         0
                text4                                35       35       ED         0
                text3                               3B1      3B1       B1         0
                text2                               FEB      FEB       15         0
                text1                               5D4      5D4       59         0
                maintext                            771      771       21         0
                clrtext                             FD0      FD0        8         0
                inittext                            FD8      FD8       13         0
                idataBANK0                          7CB      7CB       17         0
                idataCOMMON                         7F9      7F9        2         0

        CLASS   STRCODE        

        CLASS   STRING         
                strings                             500      500       73         0

        CLASS   CONST          

        CLASS   ENTRY          

        CLASS   COMMON         
                cstackCOMMON                         70       70        A         1
                dataCOMMON                           7A       7A        2         1

        CLASS   BANK0          
                cstackBANK0                          47       47        7         1
                dataBANK0                            20       20       17         1
                bssBANK0                             37       37       10         1

        CLASS   BANK1          

        CLASS   BANK2          

        CLASS   BANK3          

        CLASS   RAM            

        CLASS   ABS1           
                abs_s1                               7E       7E        2         1

        CLASS   SFR0           

        CLASS   SFR1           

        CLASS   SFR2           

        CLASS   SFR3           

        CLASS   CONFIG         
                config                             2007     2007        2         4

        CLASS   IDLOC          

        CLASS   EEDATA         

        CLASS   HEAP           

        CLASS   STACK          



SEGMENTS        Name                           Load    Length   Top    Selector   Space  Class     Delta

                reset_vec                      000000  000003  000003         0       0  CODE        2
                intentry                       000004  0004FB  0004FF         8       0  CODE        2
                dataBANK0                      000020  00002E  00004E        20       1  BANK0       1
                cstackCOMMON                   000070  00000C  00007C        70       1  COMMON      1
                strings                        000500  000073  000573       A00       0  STRING      2
                text17                         000573  000288  0007FB       AE6       0  CODE        2
                clrtext                        000FD0  000008  000FD8      1FA0       0  CODE        2
                inittext                       000FD8  000013  000FEB      1FB0       0  CODE        2
                text2                          000FEB  000015  001000      1FD6       0  CODE        2


UNUSED ADDRESS RANGES

        Name                Unused          Largest block    Delta
        BANK0            004E-006F             22           1
        BANK1            00A0-00EF             50           1
        BANK2            0110-016F             60           1
        BANK3            0190-01EF             60           1
        CODE             0003-0003              1           2
                         04FF-04FF              1
                         07FB-0FCF              5
                         1000-1FFF            800
        COMMON           007C-007D              2           1
        CONST            0003-0003              1           2
                         04FF-04FF              1
                         07FB-0FCF            100
                         1000-1FFF            100
        EEDATA           2100-21FF            100           2
        ENTRY            0003-0003              1           2
                         04FF-04FF              1
                         07FB-0FCF            100
                         1000-1FFF            100
        IDLOC            2000-2003              4           2
        RAM              004E-006F             22           1
                         00A0-00EF             50
                         0110-016F             60
                         0190-01EF             60
        SFR0             0000-001F             20           1
        SFR1             0080-009F             20           1
        SFR2             0100-010F             10           1
        SFR3             0180-018F             10           1
        STRCODE          0003-0003              1           2
                         04FF-04FF              1
                         07FB-0FCF            7D5
                         1000-1FFF           1000
        STRING           0003-0003              1           2
                         04FF-04FF              1
                         07FB-0FCF            100
                         1000-1FFF            100

                                  Symbol Table

AddFloorRequest@floor                  cstackCOMMON 0072
Event_Get@key                          cstackCOMMON 0078
HasAnyRequest@floor                    cstackCOMMON 0072
Keypad_GetKey@lastKey                  bssBANK0     0043
Keypad_GetKey@rawKey                   cstackCOMMON 0077
Keypad_ReadRaw@col                     cstackCOMMON 0076
Keypad_ReadRaw@cols                    cstackCOMMON 0074
Keypad_ReadRaw@row                     cstackCOMMON 0075
Keypad_ReadRaw@rowPattern              strings      0516
LCD_Custom_Char@bitmap                 cstackCOMMON 0078
LCD_Custom_Char@i                      cstackBANK0  004A
LCD_Custom_Char@loc                    cstackBANK0  0049
LCD_Init@cmd                           cstackBANK0  004C
LCD_Init@display                       cstackBANK0  0047
LCD_Out@c                              cstackCOMMON 0074
LCD_Write@c                            cstackCOMMON 0077
LCD_putc@c                             cstackCOMMON 0077
LCD_putrs@a                            cstackCOMMON 0078
LCD_putrs@i                            cstackBANK0  0047
Outputs_Update@ledMask                 cstackCOMMON 0079
SelectNextFloor@floor                  cstackCOMMON 0072
StateMachine_Goto@nextState            cstackCOMMON 0072
StateMachine_Update@event              cstackCOMMON 0075
_ANSEL                                 (abs)        0188
_ANSELH                                (abs)        0189
_AddFloorRequest                       text18       07B2
_CM1CON0                               (abs)        0107
_CM2CON0                               (abs)        0108
_Event_Get                             text15       0727
_HasAnyRequest                         text14       07E2
_INTCONbits                            (abs)        000B
_ISR                                   text19       074F
_Keypad_GetKey                         text16       0792
_Keypad_ReadRaw                        text17       0573
_LCD_Custom_Char                       text4        0035
_LCD_Init                              text3        03B1
_LCD_Out                               text13       02F7
_LCD_Write                             text12       062D
_LCD_putc                              text11       0462
_LCD_putrs                             text10       06FF
_OPTION_REGbits                        (abs)        0081
_Outputs_Update                        text9        0122
_PIE1bits                              (abs)        008C
_PIR1bits                              (abs)        000C
_PORTA                                 (abs)        0005
_PORTB                                 (abs)        0006
_PORTC                                 (abs)        0007
_PORTD                                 (abs)        0008
_SelectNextFloor                       text8        0682
_StateMachine_Goto                     text7        04F6
_StateMachine_StartNextRequest         text6        06C2
_StateMachine_Update                   text5        020F
_T1CONbits                             (abs)        0010
_TMR1H                                 (abs)        000F
_TMR1L                                 (abs)        000E
_TRISA                                 (abs)        0085
_TRISB                                 (abs)        0086
_TRISC                                 (abs)        0087
_TRISD                                 (abs)        0088
_Timer1_Init                           text2        0FEB
_WPUB                                  (abs)        0095
__H__absolute__                        __absolute__ 0000
__Habs1                                abs1         0000
__Hbank0                               bank0        0000
__Hbank1                               bank1        0000
__Hbank2                               bank2        0000
__Hbank3                               bank3        0000
__HbssBANK0                            bssBANK0     0000
__Hcinit                               cinit        0035
__Hclrtext                             clrtext      0000
__Hcode                                code         0000
__Hcommon                              common       0000
__Hconfig                              config       2009
__HcstackBANK0                         cstackBANK0  0000
__HcstackCOMMON                        cstackCOMMON 0000
__HdataBANK0                           dataBANK0    0000
__HdataCOMMON                          dataCOMMON   0000
__Heeprom_data                         eeprom_data  0000
__Hend_init                            end_init     000F
__Hfunctab                             functab      0000
__Hheap                                heap         0000
__HidataBANK0                          idataBANK0   0000
__HidataCOMMON                         idataCOMMON  0000
__Hinit                                init         000C
__Hinittext                            inittext     0000
__Hintentry                            intentry     000C
__Hmaintext                            maintext     0000
__Hpowerup                             powerup      0000
__Hram                                 ram          0000
__Hreset_vec                           reset_vec    0003
__Hsfr0                                sfr0         0000
__Hsfr1                                sfr1         0000
__Hsfr2                                sfr2         0000
__Hsfr3                                sfr3         0000
__Hsivt                                sivt         000C
__Hspace_0                             (abs)        1000
__Hspace_1                             (abs)        007C
__Hspace_2                             (abs)        0000
__Hspace_3                             (abs)        0000
__Hspace_4                             (abs)        4010
__Hstack                               stack        0000
__Hstrings                             strings      0000
__Htext                                text         0000
__L__absolute__                        __absolute__ 0000
__Labs1                                abs1         0000
__Lbank0                               bank0        0000
__Lbank1                               bank1        0000
__Lbank2                               bank2        0000
__Lbank3                               bank3        0000
__LbssBANK0                            bssBANK0     0000
__Lcinit                               cinit        000F
__Lclrtext                             clrtext      0000
__Lcode                                code         0000
__Lcommon                              common       0000
__Lconfig                              config       0000
__LcstackBANK0                         cstackBANK0  0000
__LcstackCOMMON                        cstackCOMMON 0000
__LdataBANK0                           dataBANK0    0000
__LdataCOMMON                          dataCOMMON   0000
__Leeprom_data                         eeprom_data  0000
__Lend_init                            end_init     000C
__Lfunctab                             functab      0000
__Lheap                                heap         0000
__LidataBANK0                          idataBANK0   0000
__LidataCOMMON                         idataCOMMON  0000
__Linit                                init         000C
__Linittext                            inittext     0000
__Lintentry                            intentry     0004
__Lmaintext                            maintext     0000
__Lpowerup                             powerup      0000
__Lram                                 ram          0000
__Lreset_vec                           reset_vec    0000
__Lsfr0                                sfr0         0000
__Lsfr1                                sfr1         0000
__Lsfr2                                sfr2         0000
__Lsfr3                                sfr3         0000
__Lsivt                                sivt         000C
__Lspace_0                             (abs)        0000
__Lspace_1                             (abs)        0000
__Lspace_2                             (abs)        0000
__Lspace_3                             (abs)        0000
__Lspace_4                             (abs)        0000
__Lstack                               stack        0000
__Lstrings                             strings      0000
__Ltext                                text         0000
__S0                                   (abs)        1000
__S1                                   (abs)        007C
__S3                                   (abs)        0000
___heap_hi                             (abs)        0000
___heap_lo                             (abs)        0000
___int_sp                              stack        0000
___int_stack_hi                        stack        0000
___int_stack_lo                        stack        0000
___latbits                             (abs)        0002
___sp                                  stack        0000
___stack_hi                            stack        0000
___stack_lo                            stack        0000
___stackhi                             (abs)        0000
___stacklo                             (abs)        0000
__end_ofKeypad_ReadRaw@rowPattern      strings      051A
__end_of_AddFloorRequest               text18       07CB
__end_of_Event_Get                     text15       074F
__end_of_HasAnyRequest                 text14       07F9
__end_of_ISR                           text19       0771
__end_of_Keypad_GetKey                 text16       07B2
__end_of_Keypad_ReadRaw                text17       05D4
__end_of_LCD_Custom_Char               text4        0122
__end_of_LCD_Init                      text3        0462
__end_of_LCD_Out                       text13       03B1
__end_of_LCD_Write                     text12       0682
__end_of_LCD_putc                      text11       04F6
__end_of_LCD_putrs                     text10       0727
__end_of_Outputs_Update                text9        020F
__end_of_SelectNextFloor               text8        06C2
__end_of_StateMachine_Goto             text7        04FF
__end_of_StateMachine_StartNextRequest text6        06FF
__end_of_StateMachine_Update           text5        02F7
__end_of_Timer1_Init                   text2        1000
__end_of__initialization               cinit        0031
__end_of__stringtab                    strings      0506
__end_of_keypadMap                     strings      0516
__end_of_main                          maintext     0792
__end_of_setup                         text1        062D
__initialization                       cinit        000F
__pbssBANK0                            bssBANK0     0037
__pcstackBANK0                         cstackBANK0  0047
__pcstackCOMMON                        cstackCOMMON 0070
__pdataBANK0                           dataBANK0    0020
__pdataCOMMON                          dataCOMMON   007A
__pidataBANK0                          idataBANK0   07CB
__pidataCOMMON                         idataCOMMON  07F9
__pintentry                            intentry     0004
__pmaintext                            maintext     0771
__pstrings                             strings      0500
__ptext1                               text1        05D4
__ptext10                              text10       06FF
__ptext11                              text11       0462
__ptext12                              text12       062D
__ptext13                              text13       02F7
__ptext14                              text14       07E2
__ptext15                              text15       0727
__ptext16                              text16       0792
__ptext17                              text17       0573
__ptext18                              text18       07B2
__ptext19                              text19       074F
__ptext2                               text2        0FEB
__ptext3                               text3        03B1
__ptext4                               text4        0035
__ptext5                               text5        020F
__ptext6                               text6        06C2
__ptext7                               text7        04F6
__ptext8                               text8        0682
__ptext9                               text9        0122
__stringbase                           strings      0505
__stringtab                            strings      0500
_currentFloor                          dataCOMMON   007B
_currentState                          bssBANK0     0046
_downArrow                             dataBANK0    0027
_floorRequests                         bssBANK0     0037
_keypadMap                             strings      0506
_lcd                                   bssBANK0     003E
_lcdNeedsUpdate                        dataBANK0    0025
_main                                  maintext     0771
_requestedFloor                        dataBANK0    0026
_screen                                dataBANK0    0020
_setup                                 text1        05D4
_stateTickCounter                      bssBANK0     0045
_targetFloor                           dataCOMMON   007A
_timerTicksPending                     bssBANK0     0044
_upArrow                               dataBANK0    002F
btemp                                  (abs)        007E
btemp0                                 (abs)        007E
btemp1                                 (abs)        007F
clear_ram0                             clrtext      0FD0
end_of_initialization                  cinit        0031
init_fetch0                            inittext     0FD8
init_ram0                              inittext     0FDC
interrupt_function                     intentry     0004
intlevel0                              functab      0000
intlevel1                              functab      0000
intlevel2                              functab      0000
intlevel3                              functab      0000
intlevel4                              functab      0000
intlevel5                              functab      0000
ltemp0a                                (abs)        0080
main@event                             cstackBANK0  004D
reset_vec                              reset_vec    0000
saved_w                                (abs)        007E
start                                  init         000C
start_initialization                   cinit        000F
ttemp0a                                (abs)        007F
wtemp0                                 (abs)        007E
wtemp0a                                (abs)        007F


MODULE INFORMATION

Module		Function		Class		Link	Load	Size
shared
		__stringtab    		STRING         	0500	0000	6
		_keypadMap     		STRING         	0506	0000	16
		__initialization		CODE           	000F	0000	34
		Keypad_ReadRaw@rowPattern		STRING         	0516	0000	4

shared estimated size: 60

lcd.c
		_LCD_Init      		CODE           	03B1	0000	177
		_LCD_Out       		CODE           	02F7	0000	186
		_LCD_putc      		CODE           	0462	0000	148
		_LCD_putrs     		CODE           	06FF	0000	40
		_LCD_Write     		CODE           	062D	0000	85
		_LCD_Custom_Char		CODE           	0035	0000	237

lcd.c estimated size: 873

main.c
		_StateMachine_StartNextRequest		CODE           	06C2	0000	61
		_StateMachine_Update		CODE           	020F	0000	232
		_ISR           		CODE           	074F	0000	34
		_main          		CODE           	0771	0000	33
		_Timer1_Init   		CODE           	0FEB	0000	21
		_Keypad_GetKey 		CODE           	0792	0000	32
		_Outputs_Update		CODE           	0122	0000	237
		_StateMachine_Goto		CODE           	04F6	0000	9
		_HasAnyRequest 		CODE           	07E2	0000	23
		_Keypad_ReadRaw		CODE           	0573	0000	97
		_Event_Get     		CODE           	0727	0000	40
		_SelectNextFloor		CODE           	0682	0000	64
		_setup         		CODE           	05D4	0000	89
		_AddFloorRequest		CODE           	07B2	0000	25

main.c estimated size: 997

