Microchip MPLAB XC8 Compiler V3.10

Linker command line:

-W-3 \
  --edf=C:/Users/juang/.mchp_packs/Microchip/PIC16Fxxx_DFP/1.8.167/xc8\pic\dat\20260422061002_en.msgs \
  -cn -h+dist/default/production\Practica14.X.production.sym \
  --cmf=dist/default/production\Practica14.X.production.cmf -z -Q16F887 \
  -oC:\Users\juang\AppData\Local\Temp\xcAso6c.0\driver_tmp_3.o \
  --defsym=__MPLAB_BUILD=1 --fixupoverflow=error \
  -Mdist/default/production/Practica14.X.production.map \
  --md=C:\Users\juang\AppData\Local\Temp\xcAso6c.0\driver_tmp_0.dat -E1 \
  -ver=XC8 Compiler -ACODE=00h-07FFhx4 -ASTRCODE=00h-01FFFh \
  -ASTRING=00h-0FFhx32 -ACONST=00h-0FFhx32 -AENTRY=00h-0FFhx32 \
  -ACOMMON=070h-07Fh -ABANK0=020h-06Fh -ABANK1=0A0h-0EFh \
  -ABANK2=0110h-016Fh -ABANK3=0190h-01EFh \
  -ARAM=020h-06Fh,0A0h-0EFh,0110h-016Fh,0190h-01EFh \
  -AABS1=020h-07Fh,0A0h-0EFh,0110h-016Fh,0190h-01EFh -ASFR0=00h-01Fh \
  -ASFR1=080h-09Fh -ASFR2=0100h-010Fh -ASFR3=0180h-018Fh \
  -ACONFIG=02007h-02008h -DCONFIG=2 -AIDLOC=02000h-02003h -DIDLOC=2 \
  -AEEDATA=00h-0FFh/02100h -peeprom_data=EEDATA -DEEDATA=2 -DCODE=2 \
  -DSTRCODE=2 -DSTRING=2 -DCONST=2 -DENTRY=2 \
  -preset_vec=00h,intentry=04h,sivt,init,end_init -ppowerup=CODE \
  -pcinit=CODE -pfunctab=ENTRY -k \
  C:\Users\juang\AppData\Local\Temp\xcAso6c.0\driver_tmp_12.o \
  dist/default/production\Practica14.X.production.o 

Object code version is 3.11

Machine type is 16F887



                Name                               Link     Load   Length Selector   Space Scale
C:\Users\juang\AppData\Local\Temp\xcAso6c.0\driver_tmp_12.o
                end_init                             10       10        3        8       0
                reset_vec                             0        0        3        0       0
                config                             2007     2007        2        0       4
dist/default/production\Practica14.X.production.o
                cinit                                13       13       1D        8       0
                intentry                              4        4        C        8       0
                config                             2007     2007        2        0       4
                text12                              10C      10C       66        8       0
                text11                              214      214       46        8       0
                text10                              172      172       5A        8       0
                text9                               25A      25A       42        8       0
                text8                               324      324       16        8       0
                text7                               29C      29C       3A        8       0
                text6                                A6       A6       66        8       0
                text5                               1CC      1CC       48        8       0
                text4                                30       30       76        8       0
                text3                               30E      30E       16        8       0
                text2                               2D6      2D6       38        8       0
                text1                               348      348        B        8       0
                maintext                            33A      33A        E        8       0
                cstackBANK0                          20       20       2C       20       1
                cstackCOMMON                         70       70        E       70       1
                cstackBANK1                          A0       A0       19       A0       1
                dataBANK0                            4C       4C        4       20       1
                bssBANK0                             50       50        1       20       1
                idataBANK0                          353      353        4        8       0

TOTAL           Name                               Link     Load   Length     Space
        CLASS   CODE           
                end_init                             10       10        3         0
                cinit                                13       13       1D         0
                intentry                              4        4        C         0
                reset_vec                             0        0        3         0
                text12                              10C      10C       66         0
                text11                              214      214       46         0
                text10                              172      172       5A         0
                text9                               25A      25A       42         0
                text8                               324      324       16         0
                text7                               29C      29C       3A         0
                text6                                A6       A6       66         0
                text5                               1CC      1CC       48         0
                text4                                30       30       76         0
                text3                               30E      30E       16         0
                text2                               2D6      2D6       38         0
                text1                               348      348        B         0
                maintext                            33A      33A        E         0
                idataBANK0                          353      353        4         0

        CLASS   STRCODE        

        CLASS   STRING         

        CLASS   CONST          

        CLASS   ENTRY          

        CLASS   COMMON         
                cstackCOMMON                         70       70        E         1

        CLASS   BANK0          
                cstackBANK0                          20       20       2C         1
                dataBANK0                            4C       4C        4         1
                bssBANK0                             50       50        1         1

        CLASS   BANK1          
                cstackBANK1                          A0       A0       19         1

        CLASS   BANK2          

        CLASS   BANK3          

        CLASS   RAM            

        CLASS   ABS1           
                abs_s1                               7E       7E        2         1

        CLASS   SFR0           

        CLASS   SFR1           

        CLASS   SFR2           

        CLASS   SFR3           

        CLASS   CONFIG         
                config                             2007     2007        2         4

        CLASS   IDLOC          

        CLASS   EEDATA         

        CLASS   HEAP           

        CLASS   STACK          



SEGMENTS        Name                           Load    Length   Top    Selector   Space  Class     Delta

                reset_vec                      000000  000003  000003         0       0  CODE        2
                intentry                       000004  000353  000357         8       0  CODE        2
                cstackBANK0                    000020  000031  000051        20       1  BANK0       1
                cstackCOMMON                   000070  00000E  00007E        70       1  COMMON      1
                cstackBANK1                    0000A0  000019  0000B9        A0       1  BANK1       1


UNUSED ADDRESS RANGES

        Name                Unused          Largest block    Delta
        BANK0            0051-006F             1F           1
        BANK1            00B9-00EF             37           1
        BANK2            0110-016F             60           1
        BANK3            0190-01EF             60           1
        CODE             0003-0003              1           2
                         0357-1FFF            800
        CONST            0003-0003              1           2
                         0357-1FFF            100
        EEDATA           2100-21FF            100           2
        ENTRY            0003-0003              1           2
                         0357-1FFF            100
        IDLOC            2000-2003              4           2
        RAM              0051-006F             1F           1
                         00B9-00EF             37
                         0110-016F             60
                         0190-01EF             60
        SFR0             0000-001F             20           1
        SFR1             0080-009F             20           1
        SFR2             0100-010F             10           1
        SFR3             0180-018F             10           1
        STRCODE          0003-0003              1           2
                         0357-1FFF           1CA9
        STRING           0003-0003              1           2
                         0357-1FFF            100

                                  Symbol Table

?_Servo_Angle_To_Pulse          cstackBANK1  00AE
?___lldiv                       cstackBANK1  00A0
?___lmul                        cstackBANK0  003F
?i1_Servo_Angle_To_Pulse        cstackBANK0  002D
?i1___lldiv                     cstackBANK0  0020
?i1___lmul                      cstackCOMMON 0070
Servo_Angle_To_Pulse@angle      cstackBANK1  00B4
Servo_Angle_To_Pulse@pulse      cstackBANK1  00B5
Timer1_Load_Us@counts           cstackBANK0  0043
Timer1_Load_Us@preload          cstackBANK0  0045
Timer1_Load_Us@time_us          cstackBANK0  003F
_ANSEL                          (abs)        0188
_ANSELH                         (abs)        0189
_INTCONbits                     (abs)        000B
_ISR                            text7        029C
_PIE1bits                       (abs)        008C
_PIR1bits                       (abs)        000C
_PORTC                          (abs)        0007
_PORTCbits                      (abs)        0007
_Servo_Angle_To_Pulse           text4        0030
_Servo_Init                     text2        02D6
_Servo_Update_Angle             text9        025A
_System_Init                    text1        0348
_T1CON                          (abs)        0010
_T1CONbits                      (abs)        0010
_TMR1H                          (abs)        000F
_TMR1L                          (abs)        000E
_TRISC                          (abs)        0087
_TRISCbits                      (abs)        0087
_Timer1_Load_Us                 text3        030E
__H__absolute__                 __absolute__ 0000
__Habs1                         abs1         0000
__Hbank0                        bank0        0000
__Hbank1                        bank1        0000
__Hbank2                        bank2        0000
__Hbank3                        bank3        0000
__HbssBANK0                     bssBANK0     0000
__Hcinit                        cinit        0030
__Hclrtext                      clrtext      0000
__Hcode                         code         0000
__Hcommon                       common       0000
__Hconfig                       config       2009
__HcstackBANK0                  cstackBANK0  0000
__HcstackBANK1                  cstackBANK1  0000
__HcstackCOMMON                 cstackCOMMON 0000
__HdataBANK0                    dataBANK0    0000
__Heeprom_data                  eeprom_data  0000
__Hend_init                     end_init     0013
__Hfunctab                      functab      0000
__Hheap                         heap         0000
__HidataBANK0                   idataBANK0   0000
__Hinit                         init         0010
__Hintentry                     intentry     0010
__Hmaintext                     maintext     0000
__Hpowerup                      powerup      0000
__Hram                          ram          0000
__Hreset_vec                    reset_vec    0003
__Hsfr0                         sfr0         0000
__Hsfr1                         sfr1         0000
__Hsfr2                         sfr2         0000
__Hsfr3                         sfr3         0000
__Hsivt                         sivt         0010
__Hspace_0                      (abs)        0357
__Hspace_1                      (abs)        00B9
__Hspace_2                      (abs)        0000
__Hspace_3                      (abs)        0000
__Hspace_4                      (abs)        4010
__Hstack                        stack        0000
__Hstrings                      strings      0000
__Htext                         text         0000
__L__absolute__                 __absolute__ 0000
__Labs1                         abs1         0000
__Lbank0                        bank0        0000
__Lbank1                        bank1        0000
__Lbank2                        bank2        0000
__Lbank3                        bank3        0000
__LbssBANK0                     bssBANK0     0000
__Lcinit                        cinit        0013
__Lclrtext                      clrtext      0000
__Lcode                         code         0000
__Lcommon                       common       0000
__Lconfig                       config       0000
__LcstackBANK0                  cstackBANK0  0000
__LcstackBANK1                  cstackBANK1  0000
__LcstackCOMMON                 cstackCOMMON 0000
__LdataBANK0                    dataBANK0    0000
__Leeprom_data                  eeprom_data  0000
__Lend_init                     end_init     0010
__Lfunctab                      functab      0000
__Lheap                         heap         0000
__LidataBANK0                   idataBANK0   0000
__Linit                         init         0010
__Lintentry                     intentry     0004
__Lmaintext                     maintext     0000
__Lpowerup                      powerup      0000
__Lram                          ram          0000
__Lreset_vec                    reset_vec    0000
__Lsfr0                         sfr0         0000
__Lsfr1                         sfr1         0000
__Lsfr2                         sfr2         0000
__Lsfr3                         sfr3         0000
__Lsivt                         sivt         0010
__Lspace_0                      (abs)        0000
__Lspace_1                      (abs)        0000
__Lspace_2                      (abs)        0000
__Lspace_3                      (abs)        0000
__Lspace_4                      (abs)        0000
__Lstack                        stack        0000
__Lstrings                      strings      0000
__Ltext                         text         0000
__S0                            (abs)        0357
__S1                            (abs)        00B9
__S3                            (abs)        0000
___heap_hi                      (abs)        0000
___heap_lo                      (abs)        0000
___int_sp                       stack        0000
___int_stack_hi                 stack        0000
___int_stack_lo                 stack        0000
___latbits                      (abs)        0002
___lldiv                        text6        00A6
___lldiv@counter                cstackBANK1  00AD
___lldiv@dividend               cstackBANK1  00A4
___lldiv@divisor                cstackBANK1  00A0
___lldiv@quotient               cstackBANK1  00A9
___lmul                         text5        01CC
___lmul@multiplicand            cstackBANK0  0043
___lmul@multiplier              cstackBANK0  003F
___lmul@product                 cstackBANK0  0048
___sp                           stack        0000
___stack_hi                     stack        0000
___stack_lo                     stack        0000
___stackhi                      (abs)        0000
___stacklo                      (abs)        0000
__end_of_ISR                    text7        02D6
__end_of_Servo_Angle_To_Pulse   text4        00A6
__end_of_Servo_Init             text2        030E
__end_of_Servo_Update_Angle     text9        029C
__end_of_System_Init            text1        0353
__end_of_Timer1_Load_Us         text3        0324
__end_of___lldiv                text6        010C
__end_of___lmul                 text5        0214
__end_of__initialization        cinit        002C
__end_of_main                   maintext     0348
__end_ofi1_Servo_Angle_To_Pulse text10       01CC
__end_ofi1_Timer1_Load_Us       text8        033A
__end_ofi1___lldiv              text12       0172
__end_ofi1___lmul               text11       025A
__initialization                cinit        0013
__pbssBANK0                     bssBANK0     0050
__pcstackBANK0                  cstackBANK0  0020
__pcstackBANK1                  cstackBANK1  00A0
__pcstackCOMMON                 cstackCOMMON 0070
__pdataBANK0                    dataBANK0    004C
__pidataBANK0                   idataBANK0   0353
__pintentry                     intentry     0004
__pmaintext                     maintext     033A
__ptext1                        text1        0348
__ptext10                       text10       0172
__ptext11                       text11       0214
__ptext12                       text12       010C
__ptext2                        text2        02D6
__ptext3                        text3        030E
__ptext4                        text4        0030
__ptext5                        text5        01CC
__ptext6                        text6        00A6
__ptext7                        text7        029C
__ptext8                        text8        0324
__ptext9                        text9        025A
_main                           maintext     033A
_servo_angle                    bssBANK0     0050
_servo_direction                dataBANK0    004F
_servo_phase_high               dataBANK0    004E
_servo_pulse_us                 dataBANK0    004C
btemp                           (abs)        007E
btemp0                          (abs)        007E
btemp1                          (abs)        007F
end_of_initialization           cinit        002C
i1Servo_Angle_To_Pulse@angle    cstackBANK0  0033
i1Servo_Angle_To_Pulse@pulse    cstackBANK0  0034
i1Timer1_Load_Us@counts         cstackCOMMON 0074
i1Timer1_Load_Us@preload        cstackCOMMON 0076
i1Timer1_Load_Us@time_us        cstackCOMMON 0070
i1_Servo_Angle_To_Pulse         text10       0172
i1_Timer1_Load_Us               text8        0324
i1___lldiv                      text12       010C
i1___lldiv@counter              cstackBANK0  002C
i1___lldiv@dividend             cstackBANK0  0024
i1___lldiv@divisor              cstackBANK0  0020
i1___lldiv@quotient             cstackBANK0  0028
i1___lmul                       text11       0214
i1___lmul@multiplicand          cstackCOMMON 0074
i1___lmul@multiplier            cstackCOMMON 0070
i1___lmul@product               cstackCOMMON 0079
interrupt_function              intentry     0004
intlevel0                       functab      0000
intlevel1                       functab      0000
intlevel2                       functab      0000
intlevel3                       functab      0000
intlevel4                       functab      0000
intlevel5                       functab      0000
ltemp0a                         (abs)        0080
reset_vec                       reset_vec    0000
saved_w                         (abs)        007E
start                           init         0010
start_initialization            cinit        0013
ttemp0a                         (abs)        007F
wtemp0                          (abs)        007E
wtemp0a                         (abs)        007F


MODULE INFORMATION

Module		Function		Class		Link	Load	Size
C:\Program Files\Microchip\xc8\v3.10\pic\sources\c99\common\Umul32.c
		___lmul        		CODE           	01CC	0000	72

C:\Program Files\Microchip\xc8\v3.10\pic\sources\c99\common\Umul32.c estimated size: 72

shared
		i1_Servo_Angle_To_Pulse		CODE           	0172	0000	90
		i1_Timer1_Load_Us		CODE           	0324	0000	22
		i1___lldiv     		CODE           	010C	0000	102
		__initialization		CODE           	0013	0000	25
		i1___lmul      		CODE           	0214	0000	70

shared estimated size: 309

C:\Program Files\Microchip\xc8\v3.10\pic\sources\c99\common\__lldiv.c
		___lldiv       		CODE           	00A6	0000	102

C:\Program Files\Microchip\xc8\v3.10\pic\sources\c99\common\__lldiv.c estimated size: 102

main.c
		_ISR           		CODE           	029C	0000	58
		_Servo_Init    		CODE           	02D6	0000	56
		_main          		CODE           	033A	0000	14
		_Timer1_Load_Us		CODE           	030E	0000	22
		_System_Init   		CODE           	0348	0000	11
		_Servo_Update_Angle		CODE           	025A	0000	66
		_Servo_Angle_To_Pulse		CODE           	0030	0000	118

main.c estimated size: 345

